[2026-08-02T06:07:54.805Z] Starting Liquidity Dashboard update process
[2026-08-02T06:07:54.807Z] Running lib/data-backup.js...
[2026-08-02T06:07:54.838Z] [lib/data-backup.js] ERROR: node:internal/modules/cjs/loader:1031
  throw err;
  ^

Error: Cannot find module '/home/runner/work/liquiditydashboard/liquiditydashboard/web/lib/data-backup.js'
    at Function.Module._resolveFilename (node:internal/modules/cjs/loader:1028:15)
    at Function.Module._load (node:internal/modules/cjs/loader:873:27)
    at Function.executeUserEntryPoint [as runMain] (node:internal/modules/run_main:81:12)
    at node:internal/main/run_main_module:22:47 {
  code: 'MODULE_NOT_FOUND',
  requireStack: []
}
[2026-08-02T06:07:54.841Z] lib/data-backup.js failed with exit code 1
[2026-08-02T06:07:54.842Z] Running lib/data-backup.js clean...
[2026-08-02T06:07:54.872Z] [lib/data-backup.js clean] ERROR: node:internal/modules/cjs/loader:1031
  throw err;
  ^

Error: Cannot find module '/home/runner/work/liquiditydashboard/liquiditydashboard/web/lib/data-backup.js'
    at Function.Module._resolveFilename (node:internal/modules/cjs/loader:1028:15)
    at Function.Module._load (node:internal/modules/cjs/loader:873:27)
    at Function.executeUserEntryPoint [as runMain] (node:internal/modules/run_main:81:12)
    at node:internal/main/run_main_module:22:47 {
  code: 'MODULE_NOT_FOUND',
  requireStack: []
}
[2026-08-02T06:07:54.874Z] lib/data-backup.js clean failed with exit code 1
[2026-08-02T06:07:54.874Z] Running lib/import-historical-move-data.js...
[2026-08-02T06:07:54.906Z] [lib/import-historical-move-data.js] ERROR: node:internal/modules/cjs/loader:1031
  throw err;
  ^

Error: Cannot find module '/home/runner/work/liquiditydashboard/liquiditydashboard/web/lib/import-historical-move-data.js'
    at Function.Module._resolveFilename (node:internal/modules/cjs/loader:1028:15)
    at Function.Module._load (node:internal/modules/cjs/loader:873:27)
    at Function.executeUserEntryPoint [as runMain] (node:internal/modules/run_main:81:12)
    at node:internal/main/run_main_module:22:47 {
  code: 'MODULE_NOT_FOUND',
  requireStack: []
}
[2026-08-02T06:07:54.908Z] lib/import-historical-move-data.js failed with exit code 1
[2026-08-02T06:07:54.908Z] Running lib/fetch-move-data.js...
[2026-08-02T06:07:54.940Z] [lib/fetch-move-data.js] ERROR: node:internal/modules/cjs/loader:1031
  throw err;
  ^

Error: Cannot find module '/home/runner/work/liquiditydashboard/liquiditydashboard/web/lib/fetch-move-data.js'
    at Function.Module._resolveFilename (node:internal/modules/cjs/loader:1028:15)
    at Function.Module._load (node:internal/modules/cjs/loader:873:27)
    at Function.executeUserEntryPoint [as runMain] (node:internal/modules/run_main:81:12)
    at node:internal/main/run_main_module:22:47 {
  code: 'MODULE_NOT_FOUND',
  requireStack: []
}
[2026-08-02T06:07:54.942Z] lib/fetch-move-data.js failed with exit code 1
[2026-08-02T06:07:54.942Z] Running lib/fetch-srf-data.js...
[2026-08-02T06:07:54.974Z] [lib/fetch-srf-data.js] ERROR: node:internal/modules/cjs/loader:1031
  throw err;
  ^

Error: Cannot find module '/home/runner/work/liquiditydashboard/liquiditydashboard/web/lib/fetch-srf-data.js'
    at Function.Module._resolveFilename (node:internal/modules/cjs/loader:1028:15)
    at Function.Module._load (node:internal/modules/cjs/loader:873:27)
    at Function.executeUserEntryPoint [as runMain] (node:internal/modules/run_main:81:12)
    at node:internal/main/run_main_module:22:47 {
  code: 'MODULE_NOT_FOUND',
  requireStack: []
}
[2026-08-02T06:07:54.977Z] lib/fetch-srf-data.js failed with exit code 1
[2026-08-02T06:07:54.977Z] Running lib/fetch-bill-share-data.js...
[2026-08-02T06:07:55.009Z] [lib/fetch-bill-share-data.js] ERROR: node:internal/modules/cjs/loader:1031
  throw err;
  ^

Error: Cannot find module '/home/runner/work/liquiditydashboard/liquiditydashboard/web/lib/fetch-bill-share-data.js'
    at Function.Module._resolveFilename (node:internal/modules/cjs/loader:1028:15)
    at Function.Module._load (node:internal/modules/cjs/loader:873:27)
    at Function.executeUserEntryPoint [as runMain] (node:internal/modules/run_main:81:12)
    at node:internal/main/run_main_module:22:47 {
  code: 'MODULE_NOT_FOUND',
  requireStack: []
}
[2026-08-02T06:07:55.012Z] lib/fetch-bill-share-data.js failed with exit code 1
[2026-08-02T06:07:55.012Z] Running lib/cleanup-future-dates.js...
[2026-08-02T06:07:55.099Z] [lib/cleanup-future-dates.js] Starting data cleanup process...
[2026-08-02T06:07:55.306Z] [lib/cleanup-future-dates.js] WorldTimeAPI failed, trying alternative source
[2026-08-02T06:07:55.938Z] [lib/cleanup-future-dates.js] Using TimeAPI date: 2026-08-02T05:50:10.849779
[2026-08-02T06:07:55.938Z] [lib/cleanup-future-dates.js] Using reference date: 2026-8-2
[2026-08-02T06:07:55.938Z] [lib/cleanup-future-dates.js] Processing MOVE index data (/home/runner/work/liquiditydashboard/liquiditydashboard/web/public/series/move.json)...
[2026-08-02T06:07:55.938Z] [lib/cleanup-future-dates.js] Loaded 111 MOVE index data points
[2026-08-02T06:07:55.939Z] [lib/cleanup-future-dates.js] No future-dated entries found in MOVE index data
[2026-08-02T06:07:55.939Z] [lib/cleanup-future-dates.js] Processing SRF data (/home/runner/work/liquiditydashboard/liquiditydashboard/web/public/series/srf.json)...
[2026-08-02T06:07:55.939Z] [lib/cleanup-future-dates.js] Loaded 1017 SRF data points
[2026-08-02T06:07:55.940Z] [lib/cleanup-future-dates.js] No future-dated entries found in SRF data
[2026-08-02T06:07:55.940Z] [lib/cleanup-future-dates.js] Processing Treasury bill share data (/home/runner/work/liquiditydashboard/liquiditydashboard/web/public/series/bill-share.json)...
[2026-08-02T06:07:55.940Z] [lib/cleanup-future-dates.js] Loaded 282 Treasury bill share data points
[2026-08-02T06:07:55.941Z] [lib/cleanup-future-dates.js] No future-dated entries found in Treasury bill share data
[2026-08-02T06:07:55.941Z] [lib/cleanup-future-dates.js] Cleanup complete! Removed 0 future-dated entries in total.
Data cleanup completed with no changes needed
[2026-08-02T06:07:55.944Z] lib/cleanup-future-dates.js completed successfully
[2026-08-02T06:07:55.944Z] Running lib/validate-data.js...
[2026-08-02T06:07:56.033Z] [lib/validate-data.js] Running data validation...
[2026-08-02T06:07:56.033Z] [lib/validate-data.js] Validating MOVE index data...
[2026-08-02T06:07:56.034Z] [lib/validate-data.js] Found 111 MOVE data points
[2026-08-02T06:07:56.083Z] [lib/validate-data.js] WorldTimeAPI failed, trying alternative source
[2026-08-02T06:07:56.570Z] [lib/validate-data.js] Using TimeAPI date: 2026-08-02T05:50:11.4729681
[2026-08-02T06:07:56.570Z] [lib/validate-data.js] Using reference date: 2026-8-2
[2026-08-02T06:07:56.571Z] [lib/validate-data.js] MOVE index data validation passed ✓
[2026-08-02T06:07:56.571Z] [lib/validate-data.js] Validating SRF data...
[2026-08-02T06:07:56.572Z] [lib/validate-data.js] Found 1017 SRF data points
[2026-08-02T06:07:56.680Z] [lib/validate-data.js] WorldTimeAPI failed, trying alternative source
[2026-08-02T06:07:57.114Z] [lib/validate-data.js] Using TimeAPI date: 2026-08-02T05:50:12.0296256
[2026-08-02T06:07:57.117Z] [lib/validate-data.js] SRF data validation passed ✓
[2026-08-02T06:07:57.117Z] [lib/validate-data.js] Validating Treasury funding data...
[2026-08-02T06:07:57.117Z] [lib/validate-data.js] Found 282 Treasury funding data points
[2026-08-02T06:07:57.117Z] [lib/validate-data.js] Treasury funding data validation passed ✓
[2026-08-02T06:07:57.117Z] [lib/validate-data.js] All data validation passed ✓
[2026-08-02T06:07:57.121Z] lib/validate-data.js completed successfully
[2026-08-02T06:07:57.121Z] Dashboard update process completed successfully
