[2026-08-27T14:02:17.819Z] Starting Liquidity Dashboard update process
[2026-08-27T14:02:17.821Z] Running lib/data-backup.js...
[2026-08-27T14:02:17.850Z] [lib/data-backup.js] ERROR: node:internal/modules/cjs/loader:1031
  throw err;
  ^

Error: Cannot find module '/home/runner/work/liquiditydashboard/liquiditydashboard/web/lib/data-backup.js'
    at Function.Module._resolveFilename (node:internal/modules/cjs/loader:1028:15)
    at Function.Module._load (node:internal/modules/cjs/loader:873:27)
    at Function.executeUserEntryPoint [as runMain] (node:internal/modules/run_main:81:12)
    at node:internal/main/run_main_module:22:47 {
  code: 'MODULE_NOT_FOUND',
  requireStack: []
}
[2026-08-27T14:02:17.853Z] lib/data-backup.js failed with exit code 1
[2026-08-27T14:02:17.853Z] Running lib/data-backup.js clean...
[2026-08-27T14:02:17.881Z] [lib/data-backup.js clean] ERROR: node:internal/modules/cjs/loader:1031
  throw err;
  ^

Error: Cannot find module '/home/runner/work/liquiditydashboard/liquiditydashboard/web/lib/data-backup.js'
    at Function.Module._resolveFilename (node:internal/modules/cjs/loader:1028:15)
    at Function.Module._load (node:internal/modules/cjs/loader:873:27)
    at Function.executeUserEntryPoint [as runMain] (node:internal/modules/run_main:81:12)
    at node:internal/main/run_main_module:22:47 {
  code: 'MODULE_NOT_FOUND',
  requireStack: []
}
[2026-08-27T14:02:17.883Z] lib/data-backup.js clean failed with exit code 1
[2026-08-27T14:02:17.883Z] Running lib/import-historical-move-data.js...
[2026-08-27T14:02:17.911Z] [lib/import-historical-move-data.js] ERROR: node:internal/modules/cjs/loader:1031
  throw err;
  ^

Error: Cannot find module '/home/runner/work/liquiditydashboard/liquiditydashboard/web/lib/import-historical-move-data.js'
    at Function.Module._resolveFilename (node:internal/modules/cjs/loader:1028:15)
    at Function.Module._load (node:internal/modules/cjs/loader:873:27)
    at Function.executeUserEntryPoint [as runMain] (node:internal/modules/run_main:81:12)
    at node:internal/main/run_main_module:22:47 {
  code: 'MODULE_NOT_FOUND',
  requireStack: []
}
[2026-08-27T14:02:17.913Z] lib/import-historical-move-data.js failed with exit code 1
[2026-08-27T14:02:17.913Z] Running lib/fetch-move-data.js...
[2026-08-27T14:02:17.941Z] [lib/fetch-move-data.js] ERROR: node:internal/modules/cjs/loader:1031
  throw err;
  ^

Error: Cannot find module '/home/runner/work/liquiditydashboard/liquiditydashboard/web/lib/fetch-move-data.js'
    at Function.Module._resolveFilename (node:internal/modules/cjs/loader:1028:15)
    at Function.Module._load (node:internal/modules/cjs/loader:873:27)
    at Function.executeUserEntryPoint [as runMain] (node:internal/modules/run_main:81:12)
    at node:internal/main/run_main_module:22:47 {
  code: 'MODULE_NOT_FOUND',
  requireStack: []
}
[2026-08-27T14:02:17.943Z] lib/fetch-move-data.js failed with exit code 1
[2026-08-27T14:02:17.943Z] Running lib/fetch-srf-data.js...
[2026-08-27T14:02:17.972Z] [lib/fetch-srf-data.js] ERROR: node:internal/modules/cjs/loader:1031
  throw err;
  ^

Error: Cannot find module '/home/runner/work/liquiditydashboard/liquiditydashboard/web/lib/fetch-srf-data.js'
    at Function.Module._resolveFilename (node:internal/modules/cjs/loader:1028:15)
    at Function.Module._load (node:internal/modules/cjs/loader:873:27)
    at Function.executeUserEntryPoint [as runMain] (node:internal/modules/run_main:81:12)
    at node:internal/main/run_main_module:22:47 {
  code: 'MODULE_NOT_FOUND',
  requireStack: []
}
[2026-08-27T14:02:17.974Z] lib/fetch-srf-data.js failed with exit code 1
[2026-08-27T14:02:17.975Z] Running lib/fetch-bill-share-data.js...
[2026-08-27T14:02:18.005Z] [lib/fetch-bill-share-data.js] ERROR: node:internal/modules/cjs/loader:1031
  throw err;
  ^

Error: Cannot find module '/home/runner/work/liquiditydashboard/liquiditydashboard/web/lib/fetch-bill-share-data.js'
    at Function.Module._resolveFilename (node:internal/modules/cjs/loader:1028:15)
    at Function.Module._load (node:internal/modules/cjs/loader:873:27)
    at Function.executeUserEntryPoint [as runMain] (node:internal/modules/run_main:81:12)
    at node:internal/main/run_main_module:22:47 {
  code: 'MODULE_NOT_FOUND',
  requireStack: []
}
[2026-08-27T14:02:18.007Z] lib/fetch-bill-share-data.js failed with exit code 1
[2026-08-27T14:02:18.007Z] Running lib/cleanup-future-dates.js...
[2026-08-27T14:02:18.092Z] [lib/cleanup-future-dates.js] Starting data cleanup process...
[2026-08-27T14:02:18.222Z] [lib/cleanup-future-dates.js] WorldTimeAPI failed, trying alternative source
[2026-08-27T14:02:18.953Z] [lib/cleanup-future-dates.js] Using TimeAPI date: 2026-08-27T14:02:18.862165
[2026-08-27T14:02:18.953Z] [lib/cleanup-future-dates.js] Using reference date: 2026-8-27
[2026-08-27T14:02:18.953Z] [lib/cleanup-future-dates.js] Processing MOVE index data (/home/runner/work/liquiditydashboard/liquiditydashboard/web/public/series/move.json)...
[2026-08-27T14:02:18.953Z] [lib/cleanup-future-dates.js] Loaded 111 MOVE index data points
[2026-08-27T14:02:18.954Z] [lib/cleanup-future-dates.js] No future-dated entries found in MOVE index data

Processing SRF data (/home/runner/work/liquiditydashboard/liquiditydashboard/web/public/series/srf.json)...
[2026-08-27T14:02:18.954Z] [lib/cleanup-future-dates.js] Loaded 1017 SRF data points
[2026-08-27T14:02:18.955Z] [lib/cleanup-future-dates.js] No future-dated entries found in SRF data
[2026-08-27T14:02:18.955Z] [lib/cleanup-future-dates.js] Processing Treasury bill share data (/home/runner/work/liquiditydashboard/liquiditydashboard/web/public/series/bill-share.json)...
[2026-08-27T14:02:18.956Z] [lib/cleanup-future-dates.js] Loaded 282 Treasury bill share data points
[2026-08-27T14:02:18.956Z] [lib/cleanup-future-dates.js] No future-dated entries found in Treasury bill share data
[2026-08-27T14:02:18.956Z] [lib/cleanup-future-dates.js] Cleanup complete! Removed 0 future-dated entries in total.
[2026-08-27T14:02:18.956Z] [lib/cleanup-future-dates.js] Data cleanup completed with no changes needed
[2026-08-27T14:02:18.959Z] lib/cleanup-future-dates.js completed successfully
[2026-08-27T14:02:18.959Z] Running lib/validate-data.js...
[2026-08-27T14:02:19.041Z] [lib/validate-data.js] Running data validation...
[2026-08-27T14:02:19.041Z] [lib/validate-data.js] Validating MOVE index data...
[2026-08-27T14:02:19.042Z] [lib/validate-data.js] Found 111 MOVE data points
[2026-08-27T14:02:19.168Z] [lib/validate-data.js] WorldTimeAPI failed, trying alternative source
[2026-08-27T14:02:19.735Z] [lib/validate-data.js] Using TimeAPI date: 2026-08-27T14:02:19.6663079
[2026-08-27T14:02:19.736Z] [lib/validate-data.js] Using reference date: 2026-8-27
[2026-08-27T14:02:19.736Z] [lib/validate-data.js] MOVE index data validation passed ✓
[2026-08-27T14:02:19.736Z] [lib/validate-data.js] Validating SRF data...
[2026-08-27T14:02:19.737Z] [lib/validate-data.js] Found 1017 SRF data points
[2026-08-27T14:02:19.828Z] [lib/validate-data.js] WorldTimeAPI failed, trying alternative source
[2026-08-27T14:02:20.495Z] [lib/validate-data.js] Using TimeAPI date: 2026-08-27T14:02:20.4348219
[2026-08-27T14:02:20.497Z] [lib/validate-data.js] SRF data validation passed ✓
[2026-08-27T14:02:20.497Z] [lib/validate-data.js] Validating Treasury funding data...
[2026-08-27T14:02:20.498Z] [lib/validate-data.js] Found 282 Treasury funding data points
[2026-08-27T14:02:20.498Z] [lib/validate-data.js] Treasury funding data validation passed ✓
[2026-08-27T14:02:20.498Z] [lib/validate-data.js] All data validation passed ✓
[2026-08-27T14:02:20.501Z] lib/validate-data.js completed successfully
[2026-08-27T14:02:20.501Z] Dashboard update process completed successfully
