[2026-08-10T04:44:06.286Z] Starting Liquidity Dashboard update process
[2026-08-10T04:44:06.288Z] Running lib/data-backup.js...
[2026-08-10T04:44:06.318Z] [lib/data-backup.js] ERROR: node:internal/modules/cjs/loader:1031
  throw err;
  ^

Error: Cannot find module '/home/runner/work/liquiditydashboard/liquiditydashboard/web/lib/data-backup.js'
    at Function.Module._resolveFilename (node:internal/modules/cjs/loader:1028:15)
    at Function.Module._load (node:internal/modules/cjs/loader:873:27)
    at Function.executeUserEntryPoint [as runMain] (node:internal/modules/run_main:81:12)
    at node:internal/main/run_main_module:22:47 {
  code: 'MODULE_NOT_FOUND',
  requireStack: []
}
[2026-08-10T04:44:06.321Z] lib/data-backup.js failed with exit code 1
[2026-08-10T04:44:06.321Z] Running lib/data-backup.js clean...
[2026-08-10T04:44:06.350Z] [lib/data-backup.js clean] ERROR: node:internal/modules/cjs/loader:1031
  throw err;
  ^

Error: Cannot find module '/home/runner/work/liquiditydashboard/liquiditydashboard/web/lib/data-backup.js'
    at Function.Module._resolveFilename (node:internal/modules/cjs/loader:1028:15)
    at Function.Module._load (node:internal/modules/cjs/loader:873:27)
    at Function.executeUserEntryPoint [as runMain] (node:internal/modules/run_main:81:12)
    at node:internal/main/run_main_module:22:47 {
  code: 'MODULE_NOT_FOUND',
  requireStack: []
}
[2026-08-10T04:44:06.351Z] lib/data-backup.js clean failed with exit code 1
[2026-08-10T04:44:06.351Z] Running lib/import-historical-move-data.js...
[2026-08-10T04:44:06.381Z] [lib/import-historical-move-data.js] ERROR: node:internal/modules/cjs/loader:1031
  throw err;
  ^

Error: Cannot find module '/home/runner/work/liquiditydashboard/liquiditydashboard/web/lib/import-historical-move-data.js'
    at Function.Module._resolveFilename (node:internal/modules/cjs/loader:1028:15)
    at Function.Module._load (node:internal/modules/cjs/loader:873:27)
    at Function.executeUserEntryPoint [as runMain] (node:internal/modules/run_main:81:12)
    at node:internal/main/run_main_module:22:47 {
  code: 'MODULE_NOT_FOUND',
  requireStack: []
}
[2026-08-10T04:44:06.382Z] lib/import-historical-move-data.js failed with exit code 1
[2026-08-10T04:44:06.383Z] Running lib/fetch-move-data.js...
[2026-08-10T04:44:06.412Z] [lib/fetch-move-data.js] ERROR: node:internal/modules/cjs/loader:1031
  throw err;
  ^

Error: Cannot find module '/home/runner/work/liquiditydashboard/liquiditydashboard/web/lib/fetch-move-data.js'
    at Function.Module._resolveFilename (node:internal/modules/cjs/loader:1028:15)
    at Function.Module._load (node:internal/modules/cjs/loader:873:27)
    at Function.executeUserEntryPoint [as runMain] (node:internal/modules/run_main:81:12)
    at node:internal/main/run_main_module:22:47 {
  code: 'MODULE_NOT_FOUND',
  requireStack: []
}
[2026-08-10T04:44:06.414Z] lib/fetch-move-data.js failed with exit code 1
[2026-08-10T04:44:06.414Z] Running lib/fetch-srf-data.js...
[2026-08-10T04:44:06.454Z] [lib/fetch-srf-data.js] ERROR: node:internal/modules/cjs/loader:1031
  throw err;
  ^

Error: Cannot find module '/home/runner/work/liquiditydashboard/liquiditydashboard/web/lib/fetch-srf-data.js'
    at Function.Module._resolveFilename (node:internal/modules/cjs/loader:1028:15)
    at Function.Module._load (node:internal/modules/cjs/loader:873:27)
    at Function.executeUserEntryPoint [as runMain] (node:internal/modules/run_main:81:12)
    at node:internal/main/run_main_module:22:47 {
  code: 'MODULE_NOT_FOUND',
  requireStack: []
}
[2026-08-10T04:44:06.456Z] lib/fetch-srf-data.js failed with exit code 1
[2026-08-10T04:44:06.456Z] Running lib/fetch-bill-share-data.js...
[2026-08-10T04:44:06.486Z] [lib/fetch-bill-share-data.js] ERROR: node:internal/modules/cjs/loader:1031
  throw err;
  ^

Error: Cannot find module '/home/runner/work/liquiditydashboard/liquiditydashboard/web/lib/fetch-bill-share-data.js'
    at Function.Module._resolveFilename (node:internal/modules/cjs/loader:1028:15)
    at Function.Module._load (node:internal/modules/cjs/loader:873:27)
    at Function.executeUserEntryPoint [as runMain] (node:internal/modules/run_main:81:12)
    at node:internal/main/run_main_module:22:47 {
  code: 'MODULE_NOT_FOUND',
  requireStack: []
}
[2026-08-10T04:44:06.487Z] lib/fetch-bill-share-data.js failed with exit code 1
[2026-08-10T04:44:06.487Z] Running lib/cleanup-future-dates.js...
[2026-08-10T04:44:06.580Z] [lib/cleanup-future-dates.js] Starting data cleanup process...
[2026-08-10T04:44:06.766Z] [lib/cleanup-future-dates.js] WorldTimeAPI failed, trying alternative source
[2026-08-10T04:44:07.305Z] [lib/cleanup-future-dates.js] Using TimeAPI date: 2026-08-10T04:20:40.9910399
[2026-08-10T04:44:07.305Z] [lib/cleanup-future-dates.js] Using reference date: 2026-8-10
[2026-08-10T04:44:07.305Z] [lib/cleanup-future-dates.js] Processing MOVE index data (/home/runner/work/liquiditydashboard/liquiditydashboard/web/public/series/move.json)...
[2026-08-10T04:44:07.306Z] [lib/cleanup-future-dates.js] Loaded 111 MOVE index data points
[2026-08-10T04:44:07.306Z] [lib/cleanup-future-dates.js] No future-dated entries found in MOVE index data
[2026-08-10T04:44:07.306Z] [lib/cleanup-future-dates.js] Processing SRF data (/home/runner/work/liquiditydashboard/liquiditydashboard/web/public/series/srf.json)...
[2026-08-10T04:44:07.307Z] [lib/cleanup-future-dates.js] Loaded 1017 SRF data points
[2026-08-10T04:44:07.308Z] [lib/cleanup-future-dates.js] No future-dated entries found in SRF data
[2026-08-10T04:44:07.308Z] [lib/cleanup-future-dates.js] Processing Treasury bill share data (/home/runner/work/liquiditydashboard/liquiditydashboard/web/public/series/bill-share.json)...
[2026-08-10T04:44:07.308Z] [lib/cleanup-future-dates.js] Loaded 282 Treasury bill share data points
[2026-08-10T04:44:07.309Z] [lib/cleanup-future-dates.js] No future-dated entries found in Treasury bill share data
[2026-08-10T04:44:07.309Z] [lib/cleanup-future-dates.js] Cleanup complete! Removed 0 future-dated entries in total.
[2026-08-10T04:44:07.309Z] [lib/cleanup-future-dates.js] Data cleanup completed with no changes needed
[2026-08-10T04:44:07.312Z] lib/cleanup-future-dates.js completed successfully
[2026-08-10T04:44:07.312Z] Running lib/validate-data.js...
[2026-08-10T04:44:07.394Z] [lib/validate-data.js] Running data validation...
[2026-08-10T04:44:07.395Z] [lib/validate-data.js] Validating MOVE index data...
[2026-08-10T04:44:07.395Z] [lib/validate-data.js] Found 111 MOVE data points
[2026-08-10T04:44:07.464Z] [lib/validate-data.js] WorldTimeAPI failed, trying alternative source
[2026-08-10T04:44:07.997Z] [lib/validate-data.js] Using TimeAPI date: 2026-08-10T04:20:41.6873744
[2026-08-10T04:44:07.997Z] [lib/validate-data.js] Using reference date: 2026-8-10
[2026-08-10T04:44:07.998Z] [lib/validate-data.js] MOVE index data validation passed ✓
[2026-08-10T04:44:07.998Z] [lib/validate-data.js] Validating SRF data...
[2026-08-10T04:44:07.999Z] [lib/validate-data.js] Found 1017 SRF data points
[2026-08-10T04:44:08.097Z] [lib/validate-data.js] WorldTimeAPI failed, trying alternative source
[2026-08-10T04:44:08.647Z] [lib/validate-data.js] Using TimeAPI date: 2026-08-10T04:20:42.3403473
[2026-08-10T04:44:08.649Z] [lib/validate-data.js] SRF data validation passed ✓
[2026-08-10T04:44:08.649Z] [lib/validate-data.js] Validating Treasury funding data...
[2026-08-10T04:44:08.650Z] [lib/validate-data.js] Found 282 Treasury funding data points
[2026-08-10T04:44:08.650Z] [lib/validate-data.js] Treasury funding data validation passed ✓
[2026-08-10T04:44:08.650Z] [lib/validate-data.js] All data validation passed ✓
[2026-08-10T04:44:08.653Z] lib/validate-data.js completed successfully
[2026-08-10T04:44:08.653Z] Dashboard update process completed successfully
