[2026-10-09T10:20:16.421Z] Starting Liquidity Dashboard update process
[2026-10-09T10:20:16.423Z] Running lib/data-backup.js...
[2026-10-09T10:20:16.453Z] [lib/data-backup.js] ERROR: node:internal/modules/cjs/loader:1031
  throw err;
  ^

Error: Cannot find module '/home/runner/work/liquiditydashboard/liquiditydashboard/web/lib/data-backup.js'
    at Function.Module._resolveFilename (node:internal/modules/cjs/loader:1028:15)
    at Function.Module._load (node:internal/modules/cjs/loader:873:27)
    at Function.executeUserEntryPoint [as runMain] (node:internal/modules/run_main:81:12)
    at node:internal/main/run_main_module:22:47 {
  code: 'MODULE_NOT_FOUND',
  requireStack: []
}
[2026-10-09T10:20:16.456Z] lib/data-backup.js failed with exit code 1
[2026-10-09T10:20:16.456Z] Running lib/data-backup.js clean...
[2026-10-09T10:20:16.485Z] [lib/data-backup.js clean] ERROR: node:internal/modules/cjs/loader:1031
  throw err;
  ^

Error: Cannot find module '/home/runner/work/liquiditydashboard/liquiditydashboard/web/lib/data-backup.js'
    at Function.Module._resolveFilename (node:internal/modules/cjs/loader:1028:15)
    at Function.Module._load (node:internal/modules/cjs/loader:873:27)
    at Function.executeUserEntryPoint [as runMain] (node:internal/modules/run_main:81:12)
    at node:internal/main/run_main_module:22:47 {
  code: 'MODULE_NOT_FOUND',
  requireStack: []
}
[2026-10-09T10:20:16.487Z] lib/data-backup.js clean failed with exit code 1
[2026-10-09T10:20:16.487Z] Running lib/import-historical-move-data.js...
[2026-10-09T10:20:16.516Z] [lib/import-historical-move-data.js] ERROR: node:internal/modules/cjs/loader:1031
  throw err;
  ^

Error: Cannot find module '/home/runner/work/liquiditydashboard/liquiditydashboard/web/lib/import-historical-move-data.js'
    at Function.Module._resolveFilename (node:internal/modules/cjs/loader:1028:15)
    at Function.Module._load (node:internal/modules/cjs/loader:873:27)
    at Function.executeUserEntryPoint [as runMain] (node:internal/modules/run_main:81:12)
    at node:internal/main/run_main_module:22:47 {
  code: 'MODULE_NOT_FOUND',
  requireStack: []
}
[2026-10-09T10:20:16.518Z] lib/import-historical-move-data.js failed with exit code 1
[2026-10-09T10:20:16.518Z] Running lib/fetch-move-data.js...
[2026-10-09T10:20:16.547Z] [lib/fetch-move-data.js] ERROR: node:internal/modules/cjs/loader:1031
  throw err;
  ^

Error: Cannot find module '/home/runner/work/liquiditydashboard/liquiditydashboard/web/lib/fetch-move-data.js'
    at Function.Module._resolveFilename (node:internal/modules/cjs/loader:1028:15)
    at Function.Module._load (node:internal/modules/cjs/loader:873:27)
    at Function.executeUserEntryPoint [as runMain] (node:internal/modules/run_main:81:12)
    at node:internal/main/run_main_module:22:47 {
  code: 'MODULE_NOT_FOUND',
  requireStack: []
}
[2026-10-09T10:20:16.548Z] lib/fetch-move-data.js failed with exit code 1
[2026-10-09T10:20:16.548Z] Running lib/fetch-srf-data.js...
[2026-10-09T10:20:16.577Z] [lib/fetch-srf-data.js] ERROR: node:internal/modules/cjs/loader:1031
  throw err;
  ^

Error: Cannot find module '/home/runner/work/liquiditydashboard/liquiditydashboard/web/lib/fetch-srf-data.js'
    at Function.Module._resolveFilename (node:internal/modules/cjs/loader:1028:15)
    at Function.Module._load (node:internal/modules/cjs/loader:873:27)
    at Function.executeUserEntryPoint [as runMain] (node:internal/modules/run_main:81:12)
    at node:internal/main/run_main_module:22:47 {
  code: 'MODULE_NOT_FOUND',
  requireStack: []
}
[2026-10-09T10:20:16.579Z] lib/fetch-srf-data.js failed with exit code 1
[2026-10-09T10:20:16.579Z] Running lib/fetch-bill-share-data.js...
[2026-10-09T10:20:16.608Z] [lib/fetch-bill-share-data.js] ERROR: node:internal/modules/cjs/loader:1031
  throw err;
  ^

Error: Cannot find module '/home/runner/work/liquiditydashboard/liquiditydashboard/web/lib/fetch-bill-share-data.js'
    at Function.Module._resolveFilename (node:internal/modules/cjs/loader:1028:15)
    at Function.Module._load (node:internal/modules/cjs/loader:873:27)
    at Function.executeUserEntryPoint [as runMain] (node:internal/modules/run_main:81:12)
    at node:internal/main/run_main_module:22:47 {
  code: 'MODULE_NOT_FOUND',
  requireStack: []
}
[2026-10-09T10:20:16.610Z] lib/fetch-bill-share-data.js failed with exit code 1
[2026-10-09T10:20:16.610Z] Running lib/cleanup-future-dates.js...
[2026-10-09T10:20:16.695Z] [lib/cleanup-future-dates.js] Starting data cleanup process...
[2026-10-09T10:20:16.804Z] [lib/cleanup-future-dates.js] WorldTimeAPI failed, trying alternative source
[2026-10-09T10:20:17.515Z] [lib/cleanup-future-dates.js] Using TimeAPI date: 2026-10-09T10:20:17.4252024
[2026-10-09T10:20:17.516Z] [lib/cleanup-future-dates.js] Using reference date: 2026-10-9

Processing MOVE index data (/home/runner/work/liquiditydashboard/liquiditydashboard/web/public/series/move.json)...
[2026-10-09T10:20:17.516Z] [lib/cleanup-future-dates.js] Loaded 111 MOVE index data points
[2026-10-09T10:20:17.517Z] [lib/cleanup-future-dates.js] No future-dated entries found in MOVE index data

Processing SRF data (/home/runner/work/liquiditydashboard/liquiditydashboard/web/public/series/srf.json)...
Loaded 1017 SRF data points
[2026-10-09T10:20:17.518Z] [lib/cleanup-future-dates.js] No future-dated entries found in SRF data
[2026-10-09T10:20:17.518Z] [lib/cleanup-future-dates.js] Processing Treasury bill share data (/home/runner/work/liquiditydashboard/liquiditydashboard/web/public/series/bill-share.json)...
[2026-10-09T10:20:17.518Z] [lib/cleanup-future-dates.js] Loaded 282 Treasury bill share data points
[2026-10-09T10:20:17.519Z] [lib/cleanup-future-dates.js] No future-dated entries found in Treasury bill share data
[2026-10-09T10:20:17.519Z] [lib/cleanup-future-dates.js] Cleanup complete! Removed 0 future-dated entries in total.
[2026-10-09T10:20:17.519Z] [lib/cleanup-future-dates.js] Data cleanup completed with no changes needed
[2026-10-09T10:20:17.522Z] lib/cleanup-future-dates.js completed successfully
[2026-10-09T10:20:17.523Z] Running lib/validate-data.js...
[2026-10-09T10:20:17.604Z] [lib/validate-data.js] Running data validation...
[2026-10-09T10:20:17.604Z] [lib/validate-data.js] Validating MOVE index data...
[2026-10-09T10:20:17.604Z] [lib/validate-data.js] Found 111 MOVE data points
[2026-10-09T10:20:17.722Z] [lib/validate-data.js] WorldTimeAPI failed, trying alternative source
[2026-10-09T10:20:18.280Z] [lib/validate-data.js] Using TimeAPI date: 2026-10-09T10:20:18.1903297
[2026-10-09T10:20:18.280Z] [lib/validate-data.js] Using reference date: 2026-10-9
[2026-10-09T10:20:18.281Z] [lib/validate-data.js] MOVE index data validation passed ✓
[2026-10-09T10:20:18.281Z] [lib/validate-data.js] Validating SRF data...
[2026-10-09T10:20:18.282Z] [lib/validate-data.js] Found 1017 SRF data points
[2026-10-09T10:20:18.355Z] [lib/validate-data.js] WorldTimeAPI failed, trying alternative source
[2026-10-09T10:20:19.473Z] [lib/validate-data.js] Using TimeAPI date: 2026-10-09T10:20:19.3891055
[2026-10-09T10:20:19.475Z] [lib/validate-data.js] SRF data validation passed ✓
[2026-10-09T10:20:19.475Z] [lib/validate-data.js] Validating Treasury funding data...
[2026-10-09T10:20:19.475Z] [lib/validate-data.js] Found 282 Treasury funding data points
[2026-10-09T10:20:19.475Z] [lib/validate-data.js] Treasury funding data validation passed ✓
[2026-10-09T10:20:19.476Z] [lib/validate-data.js] All data validation passed ✓
[2026-10-09T10:20:19.478Z] lib/validate-data.js completed successfully
[2026-10-09T10:20:19.479Z] Dashboard update process completed successfully
