[2026-08-06T05:54:57.624Z] Starting Liquidity Dashboard update process
[2026-08-06T05:54:57.626Z] Running lib/data-backup.js...
[2026-08-06T05:54:57.656Z] [lib/data-backup.js] ERROR: node:internal/modules/cjs/loader:1031
  throw err;
  ^

Error: Cannot find module '/home/runner/work/liquiditydashboard/liquiditydashboard/web/lib/data-backup.js'
    at Function.Module._resolveFilename (node:internal/modules/cjs/loader:1028:15)
    at Function.Module._load (node:internal/modules/cjs/loader:873:27)
    at Function.executeUserEntryPoint [as runMain] (node:internal/modules/run_main:81:12)
    at node:internal/main/run_main_module:22:47 {
  code: 'MODULE_NOT_FOUND',
  requireStack: []
}
[2026-08-06T05:54:57.659Z] lib/data-backup.js failed with exit code 1
[2026-08-06T05:54:57.659Z] Running lib/data-backup.js clean...
[2026-08-06T05:54:57.688Z] [lib/data-backup.js clean] ERROR: node:internal/modules/cjs/loader:1031
  throw err;
  ^

Error: Cannot find module '/home/runner/work/liquiditydashboard/liquiditydashboard/web/lib/data-backup.js'
    at Function.Module._resolveFilename (node:internal/modules/cjs/loader:1028:15)
    at Function.Module._load (node:internal/modules/cjs/loader:873:27)
    at Function.executeUserEntryPoint [as runMain] (node:internal/modules/run_main:81:12)
    at node:internal/main/run_main_module:22:47 {
  code: 'MODULE_NOT_FOUND',
  requireStack: []
}
[2026-08-06T05:54:57.690Z] lib/data-backup.js clean failed with exit code 1
[2026-08-06T05:54:57.690Z] Running lib/import-historical-move-data.js...
[2026-08-06T05:54:57.719Z] [lib/import-historical-move-data.js] ERROR: node:internal/modules/cjs/loader:1031
  throw err;
  ^

Error: Cannot find module '/home/runner/work/liquiditydashboard/liquiditydashboard/web/lib/import-historical-move-data.js'
    at Function.Module._resolveFilename (node:internal/modules/cjs/loader:1028:15)
    at Function.Module._load (node:internal/modules/cjs/loader:873:27)
    at Function.executeUserEntryPoint [as runMain] (node:internal/modules/run_main:81:12)
    at node:internal/main/run_main_module:22:47 {
  code: 'MODULE_NOT_FOUND',
  requireStack: []
}
[2026-08-06T05:54:57.721Z] lib/import-historical-move-data.js failed with exit code 1
[2026-08-06T05:54:57.721Z] Running lib/fetch-move-data.js...
[2026-08-06T05:54:57.750Z] [lib/fetch-move-data.js] ERROR: node:internal/modules/cjs/loader:1031
  throw err;
  ^

Error: Cannot find module '/home/runner/work/liquiditydashboard/liquiditydashboard/web/lib/fetch-move-data.js'
    at Function.Module._resolveFilename (node:internal/modules/cjs/loader:1028:15)
    at Function.Module._load (node:internal/modules/cjs/loader:873:27)
    at Function.executeUserEntryPoint [as runMain] (node:internal/modules/run_main:81:12)
    at node:internal/main/run_main_module:22:47 {
  code: 'MODULE_NOT_FOUND',
  requireStack: []
}
[2026-08-06T05:54:57.752Z] lib/fetch-move-data.js failed with exit code 1
[2026-08-06T05:54:57.752Z] Running lib/fetch-srf-data.js...
[2026-08-06T05:54:57.782Z] [lib/fetch-srf-data.js] ERROR: node:internal/modules/cjs/loader:1031
  throw err;
  ^

Error: Cannot find module '/home/runner/work/liquiditydashboard/liquiditydashboard/web/lib/fetch-srf-data.js'
    at Function.Module._resolveFilename (node:internal/modules/cjs/loader:1028:15)
    at Function.Module._load (node:internal/modules/cjs/loader:873:27)
    at Function.executeUserEntryPoint [as runMain] (node:internal/modules/run_main:81:12)
    at node:internal/main/run_main_module:22:47 {
  code: 'MODULE_NOT_FOUND',
  requireStack: []
}
[2026-08-06T05:54:57.785Z] lib/fetch-srf-data.js failed with exit code 1
[2026-08-06T05:54:57.785Z] Running lib/fetch-bill-share-data.js...
[2026-08-06T05:54:57.815Z] [lib/fetch-bill-share-data.js] ERROR: node:internal/modules/cjs/loader:1031
  throw err;
  ^

Error: Cannot find module '/home/runner/work/liquiditydashboard/liquiditydashboard/web/lib/fetch-bill-share-data.js'
    at Function.Module._resolveFilename (node:internal/modules/cjs/loader:1028:15)
    at Function.Module._load (node:internal/modules/cjs/loader:873:27)
    at Function.executeUserEntryPoint [as runMain] (node:internal/modules/run_main:81:12)
    at node:internal/main/run_main_module:22:47 {
  code: 'MODULE_NOT_FOUND',
  requireStack: []
}
[2026-08-06T05:54:57.817Z] lib/fetch-bill-share-data.js failed with exit code 1
[2026-08-06T05:54:57.817Z] Running lib/cleanup-future-dates.js...
[2026-08-06T05:54:57.901Z] [lib/cleanup-future-dates.js] Starting data cleanup process...
[2026-08-06T05:54:58.188Z] [lib/cleanup-future-dates.js] WorldTimeAPI failed, trying alternative source
[2026-08-06T05:54:58.964Z] [lib/cleanup-future-dates.js] Using TimeAPI date: 2026-08-06T05:34:22.3444215
[2026-08-06T05:54:58.964Z] [lib/cleanup-future-dates.js] Using reference date: 2026-8-6
[2026-08-06T05:54:58.964Z] [lib/cleanup-future-dates.js] Processing MOVE index data (/home/runner/work/liquiditydashboard/liquiditydashboard/web/public/series/move.json)...
[2026-08-06T05:54:58.964Z] [lib/cleanup-future-dates.js] Loaded 111 MOVE index data points
[2026-08-06T05:54:58.965Z] [lib/cleanup-future-dates.js] No future-dated entries found in MOVE index data
[2026-08-06T05:54:58.965Z] [lib/cleanup-future-dates.js] Processing SRF data (/home/runner/work/liquiditydashboard/liquiditydashboard/web/public/series/srf.json)...
[2026-08-06T05:54:58.965Z] [lib/cleanup-future-dates.js] Loaded 1017 SRF data points
[2026-08-06T05:54:58.966Z] [lib/cleanup-future-dates.js] No future-dated entries found in SRF data
[2026-08-06T05:54:58.967Z] [lib/cleanup-future-dates.js] Processing Treasury bill share data (/home/runner/work/liquiditydashboard/liquiditydashboard/web/public/series/bill-share.json)...
[2026-08-06T05:54:58.967Z] [lib/cleanup-future-dates.js] Loaded 282 Treasury bill share data points
[2026-08-06T05:54:58.967Z] [lib/cleanup-future-dates.js] No future-dated entries found in Treasury bill share data
[2026-08-06T05:54:58.967Z] [lib/cleanup-future-dates.js] Cleanup complete! Removed 0 future-dated entries in total.
Data cleanup completed with no changes needed
[2026-08-06T05:54:58.970Z] lib/cleanup-future-dates.js completed successfully
[2026-08-06T05:54:58.971Z] Running lib/validate-data.js...
[2026-08-06T05:54:59.057Z] [lib/validate-data.js] Running data validation...
[2026-08-06T05:54:59.057Z] [lib/validate-data.js] Validating MOVE index data...
[2026-08-06T05:54:59.057Z] [lib/validate-data.js] Found 111 MOVE data points
[2026-08-06T05:54:59.124Z] [lib/validate-data.js] WorldTimeAPI failed, trying alternative source
[2026-08-06T05:54:59.824Z] [lib/validate-data.js] Using TimeAPI date: 2026-08-06T05:34:23.1942282
[2026-08-06T05:54:59.824Z] [lib/validate-data.js] Using reference date: 2026-8-6
[2026-08-06T05:54:59.825Z] [lib/validate-data.js] MOVE index data validation passed ✓
[2026-08-06T05:54:59.825Z] [lib/validate-data.js] Validating SRF data...
[2026-08-06T05:54:59.825Z] [lib/validate-data.js] Found 1017 SRF data points
[2026-08-06T05:54:59.915Z] [lib/validate-data.js] WorldTimeAPI failed, trying alternative source
[2026-08-06T05:55:00.444Z] [lib/validate-data.js] Using TimeAPI date: 2026-08-06T05:34:23.8281321
[2026-08-06T05:55:00.446Z] [lib/validate-data.js] SRF data validation passed ✓
[2026-08-06T05:55:00.447Z] [lib/validate-data.js] Validating Treasury funding data...
[2026-08-06T05:55:00.447Z] [lib/validate-data.js] Found 282 Treasury funding data points
[2026-08-06T05:55:00.447Z] [lib/validate-data.js] Treasury funding data validation passed ✓
[2026-08-06T05:55:00.447Z] [lib/validate-data.js] All data validation passed ✓
[2026-08-06T05:55:00.450Z] lib/validate-data.js completed successfully
[2026-08-06T05:55:00.450Z] Dashboard update process completed successfully
