[2026-08-24T03:58:58.635Z] Starting Liquidity Dashboard update process
[2026-08-24T03:58:58.636Z] Running lib/data-backup.js...
[2026-08-24T03:58:58.667Z] [lib/data-backup.js] ERROR: node:internal/modules/cjs/loader:1031
  throw err;
  ^

Error: Cannot find module '/home/runner/work/liquiditydashboard/liquiditydashboard/web/lib/data-backup.js'
    at Function.Module._resolveFilename (node:internal/modules/cjs/loader:1028:15)
    at Function.Module._load (node:internal/modules/cjs/loader:873:27)
    at Function.executeUserEntryPoint [as runMain] (node:internal/modules/run_main:81:12)
    at node:internal/main/run_main_module:22:47 {
  code: 'MODULE_NOT_FOUND',
  requireStack: []
}
[2026-08-24T03:58:58.670Z] lib/data-backup.js failed with exit code 1
[2026-08-24T03:58:58.670Z] Running lib/data-backup.js clean...
[2026-08-24T03:58:58.700Z] [lib/data-backup.js clean] ERROR: node:internal/modules/cjs/loader:1031
  throw err;
  ^

Error: Cannot find module '/home/runner/work/liquiditydashboard/liquiditydashboard/web/lib/data-backup.js'
    at Function.Module._resolveFilename (node:internal/modules/cjs/loader:1028:15)
    at Function.Module._load (node:internal/modules/cjs/loader:873:27)
    at Function.executeUserEntryPoint [as runMain] (node:internal/modules/run_main:81:12)
    at node:internal/main/run_main_module:22:47 {
  code: 'MODULE_NOT_FOUND',
  requireStack: []
}
[2026-08-24T03:58:58.701Z] lib/data-backup.js clean failed with exit code 1
[2026-08-24T03:58:58.701Z] Running lib/import-historical-move-data.js...
[2026-08-24T03:58:58.732Z] [lib/import-historical-move-data.js] ERROR: node:internal/modules/cjs/loader:1031
  throw err;
  ^

Error: Cannot find module '/home/runner/work/liquiditydashboard/liquiditydashboard/web/lib/import-historical-move-data.js'
    at Function.Module._resolveFilename (node:internal/modules/cjs/loader:1028:15)
    at Function.Module._load (node:internal/modules/cjs/loader:873:27)
    at Function.executeUserEntryPoint [as runMain] (node:internal/modules/run_main:81:12)
    at node:internal/main/run_main_module:22:47 {
  code: 'MODULE_NOT_FOUND',
  requireStack: []
}
[2026-08-24T03:58:58.733Z] lib/import-historical-move-data.js failed with exit code 1
[2026-08-24T03:58:58.734Z] Running lib/fetch-move-data.js...
[2026-08-24T03:58:58.765Z] [lib/fetch-move-data.js] ERROR: node:internal/modules/cjs/loader:1031
  throw err;
  ^

Error: Cannot find module '/home/runner/work/liquiditydashboard/liquiditydashboard/web/lib/fetch-move-data.js'
    at Function.Module._resolveFilename (node:internal/modules/cjs/loader:1028:15)
    at Function.Module._load (node:internal/modules/cjs/loader:873:27)
    at Function.executeUserEntryPoint [as runMain] (node:internal/modules/run_main:81:12)
    at node:internal/main/run_main_module:22:47 {
  code: 'MODULE_NOT_FOUND',
  requireStack: []
}
[2026-08-24T03:58:58.767Z] lib/fetch-move-data.js failed with exit code 1
[2026-08-24T03:58:58.767Z] Running lib/fetch-srf-data.js...
[2026-08-24T03:58:58.798Z] [lib/fetch-srf-data.js] ERROR: node:internal/modules/cjs/loader:1031
  throw err;
  ^

Error: Cannot find module '/home/runner/work/liquiditydashboard/liquiditydashboard/web/lib/fetch-srf-data.js'
    at Function.Module._resolveFilename (node:internal/modules/cjs/loader:1028:15)
    at Function.Module._load (node:internal/modules/cjs/loader:873:27)
    at Function.executeUserEntryPoint [as runMain] (node:internal/modules/run_main:81:12)
    at node:internal/main/run_main_module:22:47 {
  code: 'MODULE_NOT_FOUND',
  requireStack: []
}
[2026-08-24T03:58:58.800Z] lib/fetch-srf-data.js failed with exit code 1
[2026-08-24T03:58:58.800Z] Running lib/fetch-bill-share-data.js...
[2026-08-24T03:58:58.830Z] [lib/fetch-bill-share-data.js] ERROR: node:internal/modules/cjs/loader:1031
  throw err;
  ^

Error: Cannot find module '/home/runner/work/liquiditydashboard/liquiditydashboard/web/lib/fetch-bill-share-data.js'
    at Function.Module._resolveFilename (node:internal/modules/cjs/loader:1028:15)
    at Function.Module._load (node:internal/modules/cjs/loader:873:27)
    at Function.executeUserEntryPoint [as runMain] (node:internal/modules/run_main:81:12)
    at node:internal/main/run_main_module:22:47 {
  code: 'MODULE_NOT_FOUND',
  requireStack: []
}
[2026-08-24T03:58:58.831Z] lib/fetch-bill-share-data.js failed with exit code 1
[2026-08-24T03:58:58.832Z] Running lib/cleanup-future-dates.js...
[2026-08-24T03:58:58.928Z] [lib/cleanup-future-dates.js] Starting data cleanup process...
[2026-08-24T03:58:59.110Z] [lib/cleanup-future-dates.js] WorldTimeAPI failed, trying alternative source
[2026-08-24T03:58:59.560Z] [lib/cleanup-future-dates.js] Using TimeAPI date: 2026-08-24T03:58:59.5057945
[2026-08-24T03:58:59.561Z] [lib/cleanup-future-dates.js] Using reference date: 2026-8-24
[2026-08-24T03:58:59.561Z] [lib/cleanup-future-dates.js] Processing MOVE index data (/home/runner/work/liquiditydashboard/liquiditydashboard/web/public/series/move.json)...
[2026-08-24T03:58:59.561Z] [lib/cleanup-future-dates.js] Loaded 111 MOVE index data points
[2026-08-24T03:58:59.562Z] [lib/cleanup-future-dates.js] No future-dated entries found in MOVE index data
[2026-08-24T03:58:59.562Z] [lib/cleanup-future-dates.js] Processing SRF data (/home/runner/work/liquiditydashboard/liquiditydashboard/web/public/series/srf.json)...
[2026-08-24T03:58:59.562Z] [lib/cleanup-future-dates.js] Loaded 1017 SRF data points
[2026-08-24T03:58:59.564Z] [lib/cleanup-future-dates.js] No future-dated entries found in SRF data
[2026-08-24T03:58:59.564Z] [lib/cleanup-future-dates.js] Processing Treasury bill share data (/home/runner/work/liquiditydashboard/liquiditydashboard/web/public/series/bill-share.json)...
[2026-08-24T03:58:59.564Z] [lib/cleanup-future-dates.js] Loaded 282 Treasury bill share data points
[2026-08-24T03:58:59.565Z] [lib/cleanup-future-dates.js] No future-dated entries found in Treasury bill share data
[2026-08-24T03:58:59.565Z] [lib/cleanup-future-dates.js] Cleanup complete! Removed 0 future-dated entries in total.
Data cleanup completed with no changes needed
[2026-08-24T03:58:59.568Z] lib/cleanup-future-dates.js completed successfully
[2026-08-24T03:58:59.569Z] Running lib/validate-data.js...
[2026-08-24T03:58:59.652Z] [lib/validate-data.js] Running data validation...
[2026-08-24T03:58:59.652Z] [lib/validate-data.js] Validating MOVE index data...
[2026-08-24T03:58:59.653Z] [lib/validate-data.js] Found 111 MOVE data points
[2026-08-24T03:58:59.685Z] [lib/validate-data.js] WorldTimeAPI failed, trying alternative source
[2026-08-24T03:59:00.029Z] [lib/validate-data.js] Using TimeAPI date: 2026-08-24T03:58:59.9742358
[2026-08-24T03:59:00.029Z] [lib/validate-data.js] Using reference date: 2026-8-24
[2026-08-24T03:59:00.030Z] [lib/validate-data.js] MOVE index data validation passed ✓
[2026-08-24T03:59:00.030Z] [lib/validate-data.js] Validating SRF data...
[2026-08-24T03:59:00.031Z] [lib/validate-data.js] Found 1017 SRF data points
[2026-08-24T03:59:00.147Z] [lib/validate-data.js] WorldTimeAPI failed, trying alternative source
[2026-08-24T03:59:00.577Z] [lib/validate-data.js] Using TimeAPI date: 2026-08-24T03:59:00.5274794
[2026-08-24T03:59:00.580Z] [lib/validate-data.js] SRF data validation passed ✓
[2026-08-24T03:59:00.580Z] [lib/validate-data.js] Validating Treasury funding data...
[2026-08-24T03:59:00.580Z] [lib/validate-data.js] Found 282 Treasury funding data points
[2026-08-24T03:59:00.580Z] [lib/validate-data.js] Treasury funding data validation passed ✓
[2026-08-24T03:59:00.581Z] [lib/validate-data.js] All data validation passed ✓
[2026-08-24T03:59:00.584Z] lib/validate-data.js completed successfully
[2026-08-24T03:59:00.584Z] Dashboard update process completed successfully
