[2026-08-26T03:57:24.327Z] Starting Liquidity Dashboard update process
[2026-08-26T03:57:24.328Z] Running lib/data-backup.js...
[2026-08-26T03:57:24.353Z] [lib/data-backup.js] ERROR: node:internal/modules/cjs/loader:1031
  throw err;
  ^

Error: Cannot find module '/home/runner/work/liquiditydashboard/liquiditydashboard/web/lib/data-backup.js'
    at Function.Module._resolveFilename (node:internal/modules/cjs/loader:1028:15)
    at Function.Module._load (node:internal/modules/cjs/loader:873:27)
    at Function.executeUserEntryPoint [as runMain] (node:internal/modules/run_main:81:12)
    at node:internal/main/run_main_module:22:47 {
  code: 'MODULE_NOT_FOUND',
  requireStack: []
}
[2026-08-26T03:57:24.355Z] lib/data-backup.js failed with exit code 1
[2026-08-26T03:57:24.356Z] Running lib/data-backup.js clean...
[2026-08-26T03:57:24.380Z] [lib/data-backup.js clean] ERROR: node:internal/modules/cjs/loader:1031
  throw err;
  ^

Error: Cannot find module '/home/runner/work/liquiditydashboard/liquiditydashboard/web/lib/data-backup.js'
    at Function.Module._resolveFilename (node:internal/modules/cjs/loader:1028:15)
    at Function.Module._load (node:internal/modules/cjs/loader:873:27)
    at Function.executeUserEntryPoint [as runMain] (node:internal/modules/run_main:81:12)
    at node:internal/main/run_main_module:22:47 {
  code: 'MODULE_NOT_FOUND',
  requireStack: []
}
[2026-08-26T03:57:24.381Z] lib/data-backup.js clean failed with exit code 1
[2026-08-26T03:57:24.381Z] Running lib/import-historical-move-data.js...
[2026-08-26T03:57:24.405Z] [lib/import-historical-move-data.js] ERROR: node:internal/modules/cjs/loader:1031
  throw err;
  ^

Error: Cannot find module '/home/runner/work/liquiditydashboard/liquiditydashboard/web/lib/import-historical-move-data.js'
    at Function.Module._resolveFilename (node:internal/modules/cjs/loader:1028:15)
    at Function.Module._load (node:internal/modules/cjs/loader:873:27)
    at Function.executeUserEntryPoint [as runMain] (node:internal/modules/run_main:81:12)
    at node:internal/main/run_main_module:22:47 {
  code: 'MODULE_NOT_FOUND',
  requireStack: []
}
[2026-08-26T03:57:24.406Z] lib/import-historical-move-data.js failed with exit code 1
[2026-08-26T03:57:24.406Z] Running lib/fetch-move-data.js...
[2026-08-26T03:57:24.432Z] [lib/fetch-move-data.js] ERROR: node:internal/modules/cjs/loader:1031
  throw err;
  ^

Error: Cannot find module '/home/runner/work/liquiditydashboard/liquiditydashboard/web/lib/fetch-move-data.js'
    at Function.Module._resolveFilename (node:internal/modules/cjs/loader:1028:15)
    at Function.Module._load (node:internal/modules/cjs/loader:873:27)
    at Function.executeUserEntryPoint [as runMain] (node:internal/modules/run_main:81:12)
    at node:internal/main/run_main_module:22:47 {
  code: 'MODULE_NOT_FOUND',
  requireStack: []
}
[2026-08-26T03:57:24.433Z] lib/fetch-move-data.js failed with exit code 1
[2026-08-26T03:57:24.433Z] Running lib/fetch-srf-data.js...
[2026-08-26T03:57:24.458Z] [lib/fetch-srf-data.js] ERROR: node:internal/modules/cjs/loader:1031
  throw err;
  ^

Error: Cannot find module '/home/runner/work/liquiditydashboard/liquiditydashboard/web/lib/fetch-srf-data.js'
    at Function.Module._resolveFilename (node:internal/modules/cjs/loader:1028:15)
    at Function.Module._load (node:internal/modules/cjs/loader:873:27)
    at Function.executeUserEntryPoint [as runMain] (node:internal/modules/run_main:81:12)
    at node:internal/main/run_main_module:22:47 {
  code: 'MODULE_NOT_FOUND',
  requireStack: []
}
[2026-08-26T03:57:24.459Z] lib/fetch-srf-data.js failed with exit code 1
[2026-08-26T03:57:24.459Z] Running lib/fetch-bill-share-data.js...
[2026-08-26T03:57:24.483Z] [lib/fetch-bill-share-data.js] ERROR: node:internal/modules/cjs/loader:1031
  throw err;
  ^

Error: Cannot find module '/home/runner/work/liquiditydashboard/liquiditydashboard/web/lib/fetch-bill-share-data.js'
    at Function.Module._resolveFilename (node:internal/modules/cjs/loader:1028:15)
    at Function.Module._load (node:internal/modules/cjs/loader:873:27)
    at Function.executeUserEntryPoint [as runMain] (node:internal/modules/run_main:81:12)
    at node:internal/main/run_main_module:22:47 {
  code: 'MODULE_NOT_FOUND',
  requireStack: []
}
[2026-08-26T03:57:24.485Z] lib/fetch-bill-share-data.js failed with exit code 1
[2026-08-26T03:57:24.486Z] Running lib/cleanup-future-dates.js...
[2026-08-26T03:57:24.551Z] [lib/cleanup-future-dates.js] Starting data cleanup process...
[2026-08-26T03:57:24.696Z] [lib/cleanup-future-dates.js] WorldTimeAPI failed, trying alternative source
[2026-08-26T03:57:25.620Z] [lib/cleanup-future-dates.js] Using TimeAPI date: 2026-08-26T03:57:25.5420378
[2026-08-26T03:57:25.620Z] [lib/cleanup-future-dates.js] Using reference date: 2026-8-26

Processing MOVE index data (/home/runner/work/liquiditydashboard/liquiditydashboard/web/public/series/move.json)...
[2026-08-26T03:57:25.621Z] [lib/cleanup-future-dates.js] Loaded 111 MOVE index data points
[2026-08-26T03:57:25.621Z] [lib/cleanup-future-dates.js] No future-dated entries found in MOVE index data
[2026-08-26T03:57:25.621Z] [lib/cleanup-future-dates.js] Processing SRF data (/home/runner/work/liquiditydashboard/liquiditydashboard/web/public/series/srf.json)...
[2026-08-26T03:57:25.621Z] [lib/cleanup-future-dates.js] Loaded 1017 SRF data points
[2026-08-26T03:57:25.622Z] [lib/cleanup-future-dates.js] No future-dated entries found in SRF data
[2026-08-26T03:57:25.622Z] [lib/cleanup-future-dates.js] Processing Treasury bill share data (/home/runner/work/liquiditydashboard/liquiditydashboard/web/public/series/bill-share.json)...
[2026-08-26T03:57:25.622Z] [lib/cleanup-future-dates.js] Loaded 282 Treasury bill share data points
[2026-08-26T03:57:25.622Z] [lib/cleanup-future-dates.js] No future-dated entries found in Treasury bill share data
[2026-08-26T03:57:25.623Z] [lib/cleanup-future-dates.js] Cleanup complete! Removed 0 future-dated entries in total.
[2026-08-26T03:57:25.623Z] [lib/cleanup-future-dates.js] Data cleanup completed with no changes needed
[2026-08-26T03:57:25.625Z] lib/cleanup-future-dates.js completed successfully
[2026-08-26T03:57:25.625Z] Running lib/validate-data.js...
[2026-08-26T03:57:25.692Z] [lib/validate-data.js] Running data validation...
[2026-08-26T03:57:25.692Z] [lib/validate-data.js] Validating MOVE index data...
[2026-08-26T03:57:25.692Z] [lib/validate-data.js] Found 111 MOVE data points
[2026-08-26T03:57:25.790Z] [lib/validate-data.js] WorldTimeAPI failed, trying alternative source
[2026-08-26T03:57:26.487Z] [lib/validate-data.js] Using TimeAPI date: 2026-08-26T03:57:26.4088646
[2026-08-26T03:57:26.487Z] [lib/validate-data.js] Using reference date: 2026-8-26
[2026-08-26T03:57:26.488Z] [lib/validate-data.js] MOVE index data validation passed ✓
[2026-08-26T03:57:26.488Z] [lib/validate-data.js] Validating SRF data...
[2026-08-26T03:57:26.489Z] [lib/validate-data.js] Found 1017 SRF data points
[2026-08-26T03:57:26.611Z] [lib/validate-data.js] WorldTimeAPI failed, trying alternative source
[2026-08-26T03:57:27.306Z] [lib/validate-data.js] Using TimeAPI date: 2026-08-26T03:57:27.2288867
[2026-08-26T03:57:27.308Z] [lib/validate-data.js] SRF data validation passed ✓
[2026-08-26T03:57:27.308Z] [lib/validate-data.js] Validating Treasury funding data...
[2026-08-26T03:57:27.309Z] [lib/validate-data.js] Found 282 Treasury funding data points
[2026-08-26T03:57:27.309Z] [lib/validate-data.js] Treasury funding data validation passed ✓
[2026-08-26T03:57:27.309Z] [lib/validate-data.js] All data validation passed ✓
[2026-08-26T03:57:27.311Z] lib/validate-data.js completed successfully
[2026-08-26T03:57:27.311Z] Dashboard update process completed successfully
