[2026-09-08T07:58:25.299Z] Starting Liquidity Dashboard update process
[2026-09-08T07:58:25.300Z] Running lib/data-backup.js...
[2026-09-08T07:58:25.330Z] [lib/data-backup.js] ERROR: node:internal/modules/cjs/loader:1031
  throw err;
  ^

Error: Cannot find module '/home/runner/work/liquiditydashboard/liquiditydashboard/web/lib/data-backup.js'
    at Function.Module._resolveFilename (node:internal/modules/cjs/loader:1028:15)
    at Function.Module._load (node:internal/modules/cjs/loader:873:27)
    at Function.executeUserEntryPoint [as runMain] (node:internal/modules/run_main:81:12)
    at node:internal/main/run_main_module:22:47 {
  code: 'MODULE_NOT_FOUND',
  requireStack: []
}
[2026-09-08T07:58:25.332Z] lib/data-backup.js failed with exit code 1
[2026-09-08T07:58:25.332Z] Running lib/data-backup.js clean...
[2026-09-08T07:58:25.362Z] [lib/data-backup.js clean] ERROR: node:internal/modules/cjs/loader:1031
  throw err;
  ^

Error: Cannot find module '/home/runner/work/liquiditydashboard/liquiditydashboard/web/lib/data-backup.js'
    at Function.Module._resolveFilename (node:internal/modules/cjs/loader:1028:15)
    at Function.Module._load (node:internal/modules/cjs/loader:873:27)
    at Function.executeUserEntryPoint [as runMain] (node:internal/modules/run_main:81:12)
    at node:internal/main/run_main_module:22:47 {
  code: 'MODULE_NOT_FOUND',
  requireStack: []
}
[2026-09-08T07:58:25.364Z] lib/data-backup.js clean failed with exit code 1
[2026-09-08T07:58:25.364Z] Running lib/import-historical-move-data.js...
[2026-09-08T07:58:25.392Z] [lib/import-historical-move-data.js] ERROR: node:internal/modules/cjs/loader:1031
  throw err;
  ^

Error: Cannot find module '/home/runner/work/liquiditydashboard/liquiditydashboard/web/lib/import-historical-move-data.js'
    at Function.Module._resolveFilename (node:internal/modules/cjs/loader:1028:15)
    at Function.Module._load (node:internal/modules/cjs/loader:873:27)
    at Function.executeUserEntryPoint [as runMain] (node:internal/modules/run_main:81:12)
    at node:internal/main/run_main_module:22:47 {
  code: 'MODULE_NOT_FOUND',
  requireStack: []
}
[2026-09-08T07:58:25.394Z] lib/import-historical-move-data.js failed with exit code 1
[2026-09-08T07:58:25.394Z] Running lib/fetch-move-data.js...
[2026-09-08T07:58:25.426Z] [lib/fetch-move-data.js] ERROR: node:internal/modules/cjs/loader:1031
  throw err;
  ^

Error: Cannot find module '/home/runner/work/liquiditydashboard/liquiditydashboard/web/lib/fetch-move-data.js'
    at Function.Module._resolveFilename (node:internal/modules/cjs/loader:1028:15)
    at Function.Module._load (node:internal/modules/cjs/loader:873:27)
    at Function.executeUserEntryPoint [as runMain] (node:internal/modules/run_main:81:12)
    at node:internal/main/run_main_module:22:47 {
  code: 'MODULE_NOT_FOUND',
  requireStack: []
}
[2026-09-08T07:58:25.428Z] lib/fetch-move-data.js failed with exit code 1
[2026-09-08T07:58:25.428Z] Running lib/fetch-srf-data.js...
[2026-09-08T07:58:25.457Z] [lib/fetch-srf-data.js] ERROR: node:internal/modules/cjs/loader:1031
  throw err;
  ^

Error: Cannot find module '/home/runner/work/liquiditydashboard/liquiditydashboard/web/lib/fetch-srf-data.js'
    at Function.Module._resolveFilename (node:internal/modules/cjs/loader:1028:15)
    at Function.Module._load (node:internal/modules/cjs/loader:873:27)
    at Function.executeUserEntryPoint [as runMain] (node:internal/modules/run_main:81:12)
    at node:internal/main/run_main_module:22:47 {
  code: 'MODULE_NOT_FOUND',
  requireStack: []
}
[2026-09-08T07:58:25.458Z] lib/fetch-srf-data.js failed with exit code 1
[2026-09-08T07:58:25.459Z] Running lib/fetch-bill-share-data.js...
[2026-09-08T07:58:25.487Z] [lib/fetch-bill-share-data.js] ERROR: node:internal/modules/cjs/loader:1031
  throw err;
  ^

Error: Cannot find module '/home/runner/work/liquiditydashboard/liquiditydashboard/web/lib/fetch-bill-share-data.js'
    at Function.Module._resolveFilename (node:internal/modules/cjs/loader:1028:15)
    at Function.Module._load (node:internal/modules/cjs/loader:873:27)
    at Function.executeUserEntryPoint [as runMain] (node:internal/modules/run_main:81:12)
    at node:internal/main/run_main_module:22:47 {
  code: 'MODULE_NOT_FOUND',
  requireStack: []
}
[2026-09-08T07:58:25.488Z] lib/fetch-bill-share-data.js failed with exit code 1
[2026-09-08T07:58:25.489Z] Running lib/cleanup-future-dates.js...
[2026-09-08T07:58:25.566Z] [lib/cleanup-future-dates.js] Starting data cleanup process...
[2026-09-08T07:58:25.841Z] [lib/cleanup-future-dates.js] WorldTimeAPI failed, trying alternative source
[2026-09-08T07:58:26.468Z] [lib/cleanup-future-dates.js] Using TimeAPI date: 2026-09-08T07:58:26.4037476
[2026-09-08T07:58:26.468Z] [lib/cleanup-future-dates.js] Using reference date: 2026-9-8

Processing MOVE index data (/home/runner/work/liquiditydashboard/liquiditydashboard/web/public/series/move.json)...
[2026-09-08T07:58:26.468Z] [lib/cleanup-future-dates.js] Loaded 111 MOVE index data points
[2026-09-08T07:58:26.468Z] [lib/cleanup-future-dates.js] No future-dated entries found in MOVE index data
[2026-09-08T07:58:26.469Z] [lib/cleanup-future-dates.js] Processing SRF data (/home/runner/work/liquiditydashboard/liquiditydashboard/web/public/series/srf.json)...
[2026-09-08T07:58:26.469Z] [lib/cleanup-future-dates.js] Loaded 1017 SRF data points
[2026-09-08T07:58:26.470Z] [lib/cleanup-future-dates.js] No future-dated entries found in SRF data
[2026-09-08T07:58:26.470Z] [lib/cleanup-future-dates.js] Processing Treasury bill share data (/home/runner/work/liquiditydashboard/liquiditydashboard/web/public/series/bill-share.json)...
[2026-09-08T07:58:26.470Z] [lib/cleanup-future-dates.js] Loaded 282 Treasury bill share data points
[2026-09-08T07:58:26.471Z] [lib/cleanup-future-dates.js] No future-dated entries found in Treasury bill share data
[2026-09-08T07:58:26.471Z] [lib/cleanup-future-dates.js] Cleanup complete! Removed 0 future-dated entries in total.
[2026-09-08T07:58:26.471Z] [lib/cleanup-future-dates.js] Data cleanup completed with no changes needed
[2026-09-08T07:58:26.473Z] lib/cleanup-future-dates.js completed successfully
[2026-09-08T07:58:26.473Z] Running lib/validate-data.js...
[2026-09-08T07:58:26.549Z] [lib/validate-data.js] Running data validation...
[2026-09-08T07:58:26.549Z] [lib/validate-data.js] Validating MOVE index data...
[2026-09-08T07:58:26.549Z] [lib/validate-data.js] Found 111 MOVE data points
[2026-09-08T07:58:26.666Z] [lib/validate-data.js] WorldTimeAPI failed, trying alternative source
[2026-09-08T07:58:27.272Z] [lib/validate-data.js] Using TimeAPI date: 2026-09-08T07:58:27.2100119
[2026-09-08T07:58:27.272Z] [lib/validate-data.js] Using reference date: 2026-9-8
[2026-09-08T07:58:27.273Z] [lib/validate-data.js] MOVE index data validation passed ✓
[2026-09-08T07:58:27.273Z] [lib/validate-data.js] Validating SRF data...
[2026-09-08T07:58:27.274Z] [lib/validate-data.js] Found 1017 SRF data points
[2026-09-08T07:58:27.364Z] [lib/validate-data.js] WorldTimeAPI failed, trying alternative source
[2026-09-08T07:58:27.866Z] [lib/validate-data.js] Using TimeAPI date: 2026-09-08T07:58:27.806385
[2026-09-08T07:58:27.868Z] [lib/validate-data.js] SRF data validation passed ✓
[2026-09-08T07:58:27.869Z] [lib/validate-data.js] Validating Treasury funding data...
[2026-09-08T07:58:27.869Z] [lib/validate-data.js] Found 282 Treasury funding data points
[2026-09-08T07:58:27.869Z] [lib/validate-data.js] Treasury funding data validation passed ✓
[2026-09-08T07:58:27.869Z] [lib/validate-data.js] All data validation passed ✓
[2026-09-08T07:58:27.871Z] lib/validate-data.js completed successfully
[2026-09-08T07:58:27.871Z] Dashboard update process completed successfully
