[2026-08-17T03:55:08.960Z] Starting Liquidity Dashboard update process
[2026-08-17T03:55:08.961Z] Running lib/data-backup.js...
[2026-08-17T03:55:08.990Z] [lib/data-backup.js] ERROR: node:internal/modules/cjs/loader:1031
  throw err;
  ^

Error: Cannot find module '/home/runner/work/liquiditydashboard/liquiditydashboard/web/lib/data-backup.js'
    at Function.Module._resolveFilename (node:internal/modules/cjs/loader:1028:15)
    at Function.Module._load (node:internal/modules/cjs/loader:873:27)
    at Function.executeUserEntryPoint [as runMain] (node:internal/modules/run_main:81:12)
    at node:internal/main/run_main_module:22:47 {
  code: 'MODULE_NOT_FOUND',
  requireStack: []
}
[2026-08-17T03:55:08.993Z] lib/data-backup.js failed with exit code 1
[2026-08-17T03:55:08.993Z] Running lib/data-backup.js clean...
[2026-08-17T03:55:09.021Z] [lib/data-backup.js clean] ERROR: node:internal/modules/cjs/loader:1031
  throw err;
  ^

Error: Cannot find module '/home/runner/work/liquiditydashboard/liquiditydashboard/web/lib/data-backup.js'
    at Function.Module._resolveFilename (node:internal/modules/cjs/loader:1028:15)
    at Function.Module._load (node:internal/modules/cjs/loader:873:27)
    at Function.executeUserEntryPoint [as runMain] (node:internal/modules/run_main:81:12)
    at node:internal/main/run_main_module:22:47 {
  code: 'MODULE_NOT_FOUND',
  requireStack: []
}
[2026-08-17T03:55:09.023Z] lib/data-backup.js clean failed with exit code 1
[2026-08-17T03:55:09.023Z] Running lib/import-historical-move-data.js...
[2026-08-17T03:55:09.051Z] [lib/import-historical-move-data.js] ERROR: node:internal/modules/cjs/loader:1031
  throw err;
  ^

Error: Cannot find module '/home/runner/work/liquiditydashboard/liquiditydashboard/web/lib/import-historical-move-data.js'
    at Function.Module._resolveFilename (node:internal/modules/cjs/loader:1028:15)
    at Function.Module._load (node:internal/modules/cjs/loader:873:27)
    at Function.executeUserEntryPoint [as runMain] (node:internal/modules/run_main:81:12)
    at node:internal/main/run_main_module:22:47 {
  code: 'MODULE_NOT_FOUND',
  requireStack: []
}
[2026-08-17T03:55:09.053Z] lib/import-historical-move-data.js failed with exit code 1
[2026-08-17T03:55:09.053Z] Running lib/fetch-move-data.js...
[2026-08-17T03:55:09.082Z] [lib/fetch-move-data.js] ERROR: node:internal/modules/cjs/loader:1031
  throw err;
  ^

Error: Cannot find module '/home/runner/work/liquiditydashboard/liquiditydashboard/web/lib/fetch-move-data.js'
    at Function.Module._resolveFilename (node:internal/modules/cjs/loader:1028:15)
    at Function.Module._load (node:internal/modules/cjs/loader:873:27)
    at Function.executeUserEntryPoint [as runMain] (node:internal/modules/run_main:81:12)
    at node:internal/main/run_main_module:22:47 {
  code: 'MODULE_NOT_FOUND',
  requireStack: []
}
[2026-08-17T03:55:09.083Z] lib/fetch-move-data.js failed with exit code 1
[2026-08-17T03:55:09.084Z] Running lib/fetch-srf-data.js...
[2026-08-17T03:55:09.112Z] [lib/fetch-srf-data.js] ERROR: node:internal/modules/cjs/loader:1031
  throw err;
  ^

Error: Cannot find module '/home/runner/work/liquiditydashboard/liquiditydashboard/web/lib/fetch-srf-data.js'
    at Function.Module._resolveFilename (node:internal/modules/cjs/loader:1028:15)
    at Function.Module._load (node:internal/modules/cjs/loader:873:27)
    at Function.executeUserEntryPoint [as runMain] (node:internal/modules/run_main:81:12)
    at node:internal/main/run_main_module:22:47 {
  code: 'MODULE_NOT_FOUND',
  requireStack: []
}
[2026-08-17T03:55:09.114Z] lib/fetch-srf-data.js failed with exit code 1
[2026-08-17T03:55:09.114Z] Running lib/fetch-bill-share-data.js...
[2026-08-17T03:55:09.144Z] [lib/fetch-bill-share-data.js] ERROR: node:internal/modules/cjs/loader:1031
  throw err;
  ^

Error: Cannot find module '/home/runner/work/liquiditydashboard/liquiditydashboard/web/lib/fetch-bill-share-data.js'
    at Function.Module._resolveFilename (node:internal/modules/cjs/loader:1028:15)
    at Function.Module._load (node:internal/modules/cjs/loader:873:27)
    at Function.executeUserEntryPoint [as runMain] (node:internal/modules/run_main:81:12)
    at node:internal/main/run_main_module:22:47 {
  code: 'MODULE_NOT_FOUND',
  requireStack: []
}
[2026-08-17T03:55:09.145Z] lib/fetch-bill-share-data.js failed with exit code 1
[2026-08-17T03:55:09.146Z] Running lib/cleanup-future-dates.js...
[2026-08-17T03:55:09.228Z] [lib/cleanup-future-dates.js] Starting data cleanup process...
[2026-08-17T03:55:09.455Z] [lib/cleanup-future-dates.js] WorldTimeAPI failed, trying alternative source
[2026-08-17T03:55:09.894Z] [lib/cleanup-future-dates.js] Using TimeAPI date: 2026-08-17T03:55:09.8383145
[2026-08-17T03:55:09.894Z] [lib/cleanup-future-dates.js] Using reference date: 2026-8-17
[2026-08-17T03:55:09.894Z] [lib/cleanup-future-dates.js] Processing MOVE index data (/home/runner/work/liquiditydashboard/liquiditydashboard/web/public/series/move.json)...
[2026-08-17T03:55:09.894Z] [lib/cleanup-future-dates.js] Loaded 111 MOVE index data points
[2026-08-17T03:55:09.895Z] [lib/cleanup-future-dates.js] No future-dated entries found in MOVE index data
[2026-08-17T03:55:09.895Z] [lib/cleanup-future-dates.js] Processing SRF data (/home/runner/work/liquiditydashboard/liquiditydashboard/web/public/series/srf.json)...
[2026-08-17T03:55:09.895Z] [lib/cleanup-future-dates.js] Loaded 1017 SRF data points
[2026-08-17T03:55:09.896Z] [lib/cleanup-future-dates.js] No future-dated entries found in SRF data
[2026-08-17T03:55:09.896Z] [lib/cleanup-future-dates.js] Processing Treasury bill share data (/home/runner/work/liquiditydashboard/liquiditydashboard/web/public/series/bill-share.json)...
[2026-08-17T03:55:09.897Z] [lib/cleanup-future-dates.js] Loaded 282 Treasury bill share data points
[2026-08-17T03:55:09.897Z] [lib/cleanup-future-dates.js] No future-dated entries found in Treasury bill share data
[2026-08-17T03:55:09.897Z] [lib/cleanup-future-dates.js] Cleanup complete! Removed 0 future-dated entries in total.
Data cleanup completed with no changes needed
[2026-08-17T03:55:09.900Z] lib/cleanup-future-dates.js completed successfully
[2026-08-17T03:55:09.900Z] Running lib/validate-data.js...
[2026-08-17T03:55:09.982Z] [lib/validate-data.js] Running data validation...
[2026-08-17T03:55:09.982Z] [lib/validate-data.js] Validating MOVE index data...
[2026-08-17T03:55:09.983Z] [lib/validate-data.js] Found 111 MOVE data points
[2026-08-17T03:55:10.018Z] [lib/validate-data.js] WorldTimeAPI failed, trying alternative source
[2026-08-17T03:55:10.447Z] [lib/validate-data.js] Using TimeAPI date: 2026-08-17T03:55:10.39037
[2026-08-17T03:55:10.447Z] [lib/validate-data.js] Using reference date: 2026-8-17
[2026-08-17T03:55:10.447Z] [lib/validate-data.js] MOVE index data validation passed ✓
[2026-08-17T03:55:10.448Z] [lib/validate-data.js] Validating SRF data...
[2026-08-17T03:55:10.448Z] [lib/validate-data.js] Found 1017 SRF data points
[2026-08-17T03:55:10.550Z] [lib/validate-data.js] WorldTimeAPI failed, trying alternative source
[2026-08-17T03:55:10.965Z] [lib/validate-data.js] Using TimeAPI date: 2026-08-17T03:55:10.9144212
[2026-08-17T03:55:10.968Z] [lib/validate-data.js] SRF data validation passed ✓
[2026-08-17T03:55:10.968Z] [lib/validate-data.js] Validating Treasury funding data...
[2026-08-17T03:55:10.968Z] [lib/validate-data.js] Found 282 Treasury funding data points
[2026-08-17T03:55:10.968Z] [lib/validate-data.js] Treasury funding data validation passed ✓
[2026-08-17T03:55:10.969Z] [lib/validate-data.js] All data validation passed ✓
[2026-08-17T03:55:10.971Z] lib/validate-data.js completed successfully
[2026-08-17T03:55:10.972Z] Dashboard update process completed successfully
