[2026-10-04T09:34:09.770Z] Starting Liquidity Dashboard update process
[2026-10-04T09:34:09.772Z] Running lib/data-backup.js...
[2026-10-04T09:34:09.796Z] [lib/data-backup.js] ERROR: node:internal/modules/cjs/loader:1031
  throw err;
  ^

Error: Cannot find module '/home/runner/work/liquiditydashboard/liquiditydashboard/web/lib/data-backup.js'
    at Function.Module._resolveFilename (node:internal/modules/cjs/loader:1028:15)
    at Function.Module._load (node:internal/modules/cjs/loader:873:27)
    at Function.executeUserEntryPoint [as runMain] (node:internal/modules/run_main:81:12)
    at node:internal/main/run_main_module:22:47 {
  code: 'MODULE_NOT_FOUND',
  requireStack: []
}
[2026-10-04T09:34:09.798Z] lib/data-backup.js failed with exit code 1
[2026-10-04T09:34:09.798Z] Running lib/data-backup.js clean...
[2026-10-04T09:34:09.822Z] [lib/data-backup.js clean] ERROR: node:internal/modules/cjs/loader:1031
  throw err;
  ^

Error: Cannot find module '/home/runner/work/liquiditydashboard/liquiditydashboard/web/lib/data-backup.js'
    at Function.Module._resolveFilename (node:internal/modules/cjs/loader:1028:15)
    at Function.Module._load (node:internal/modules/cjs/loader:873:27)
    at Function.executeUserEntryPoint [as runMain] (node:internal/modules/run_main:81:12)
    at node:internal/main/run_main_module:22:47 {
  code: 'MODULE_NOT_FOUND',
  requireStack: []
}
[2026-10-04T09:34:09.823Z] lib/data-backup.js clean failed with exit code 1
[2026-10-04T09:34:09.824Z] Running lib/import-historical-move-data.js...
[2026-10-04T09:34:09.847Z] [lib/import-historical-move-data.js] ERROR: node:internal/modules/cjs/loader:1031
  throw err;
  ^

Error: Cannot find module '/home/runner/work/liquiditydashboard/liquiditydashboard/web/lib/import-historical-move-data.js'
    at Function.Module._resolveFilename (node:internal/modules/cjs/loader:1028:15)
    at Function.Module._load (node:internal/modules/cjs/loader:873:27)
    at Function.executeUserEntryPoint [as runMain] (node:internal/modules/run_main:81:12)
    at node:internal/main/run_main_module:22:47 {
  code: 'MODULE_NOT_FOUND',
  requireStack: []
}
[2026-10-04T09:34:09.849Z] lib/import-historical-move-data.js failed with exit code 1
[2026-10-04T09:34:09.849Z] Running lib/fetch-move-data.js...
[2026-10-04T09:34:09.877Z] [lib/fetch-move-data.js] ERROR: node:internal/modules/cjs/loader:1031
  throw err;
  ^

Error: Cannot find module '/home/runner/work/liquiditydashboard/liquiditydashboard/web/lib/fetch-move-data.js'
    at Function.Module._resolveFilename (node:internal/modules/cjs/loader:1028:15)
    at Function.Module._load (node:internal/modules/cjs/loader:873:27)
    at Function.executeUserEntryPoint [as runMain] (node:internal/modules/run_main:81:12)
    at node:internal/main/run_main_module:22:47 {
  code: 'MODULE_NOT_FOUND',
  requireStack: []
}
[2026-10-04T09:34:09.880Z] lib/fetch-move-data.js failed with exit code 1
[2026-10-04T09:34:09.880Z] Running lib/fetch-srf-data.js...
[2026-10-04T09:34:09.904Z] [lib/fetch-srf-data.js] ERROR: node:internal/modules/cjs/loader:1031
  throw err;
  ^

Error: Cannot find module '/home/runner/work/liquiditydashboard/liquiditydashboard/web/lib/fetch-srf-data.js'
    at Function.Module._resolveFilename (node:internal/modules/cjs/loader:1028:15)
    at Function.Module._load (node:internal/modules/cjs/loader:873:27)
    at Function.executeUserEntryPoint [as runMain] (node:internal/modules/run_main:81:12)
    at node:internal/main/run_main_module:22:47 {
  code: 'MODULE_NOT_FOUND',
  requireStack: []
}
[2026-10-04T09:34:09.906Z] lib/fetch-srf-data.js failed with exit code 1
[2026-10-04T09:34:09.907Z] Running lib/fetch-bill-share-data.js...
[2026-10-04T09:34:09.931Z] [lib/fetch-bill-share-data.js] ERROR: node:internal/modules/cjs/loader:1031
  throw err;
  ^

Error: Cannot find module '/home/runner/work/liquiditydashboard/liquiditydashboard/web/lib/fetch-bill-share-data.js'
    at Function.Module._resolveFilename (node:internal/modules/cjs/loader:1028:15)
    at Function.Module._load (node:internal/modules/cjs/loader:873:27)
    at Function.executeUserEntryPoint [as runMain] (node:internal/modules/run_main:81:12)
    at node:internal/main/run_main_module:22:47 {
  code: 'MODULE_NOT_FOUND',
  requireStack: []
}
[2026-10-04T09:34:09.933Z] lib/fetch-bill-share-data.js failed with exit code 1
[2026-10-04T09:34:09.933Z] Running lib/cleanup-future-dates.js...
[2026-10-04T09:34:10.002Z] [lib/cleanup-future-dates.js] Starting data cleanup process...
[2026-10-04T09:34:10.080Z] [lib/cleanup-future-dates.js] WorldTimeAPI failed, trying alternative source
[2026-10-04T09:34:10.614Z] [lib/cleanup-future-dates.js] Using TimeAPI date: 2026-10-04T09:34:10.5588983
[2026-10-04T09:34:10.614Z] [lib/cleanup-future-dates.js] Using reference date: 2026-10-4

Processing MOVE index data (/home/runner/work/liquiditydashboard/liquiditydashboard/web/public/series/move.json)...
[2026-10-04T09:34:10.615Z] [lib/cleanup-future-dates.js] Loaded 111 MOVE index data points
[2026-10-04T09:34:10.615Z] [lib/cleanup-future-dates.js] No future-dated entries found in MOVE index data
[2026-10-04T09:34:10.615Z] [lib/cleanup-future-dates.js] Processing SRF data (/home/runner/work/liquiditydashboard/liquiditydashboard/web/public/series/srf.json)...
[2026-10-04T09:34:10.615Z] [lib/cleanup-future-dates.js] Loaded 1017 SRF data points
[2026-10-04T09:34:10.616Z] [lib/cleanup-future-dates.js] No future-dated entries found in SRF data
[2026-10-04T09:34:10.617Z] [lib/cleanup-future-dates.js] Processing Treasury bill share data (/home/runner/work/liquiditydashboard/liquiditydashboard/web/public/series/bill-share.json)...
[2026-10-04T09:34:10.617Z] [lib/cleanup-future-dates.js] Loaded 282 Treasury bill share data points
[2026-10-04T09:34:10.617Z] [lib/cleanup-future-dates.js] No future-dated entries found in Treasury bill share data
[2026-10-04T09:34:10.617Z] [lib/cleanup-future-dates.js] Cleanup complete! Removed 0 future-dated entries in total.
[2026-10-04T09:34:10.617Z] [lib/cleanup-future-dates.js] Data cleanup completed with no changes needed
[2026-10-04T09:34:10.620Z] lib/cleanup-future-dates.js completed successfully
[2026-10-04T09:34:10.620Z] Running lib/validate-data.js...
[2026-10-04T09:34:10.687Z] [lib/validate-data.js] Running data validation...
[2026-10-04T09:34:10.687Z] [lib/validate-data.js] Validating MOVE index data...
[2026-10-04T09:34:10.688Z] [lib/validate-data.js] Found 111 MOVE data points
[2026-10-04T09:34:10.719Z] [lib/validate-data.js] WorldTimeAPI failed, trying alternative source
[2026-10-04T09:34:11.138Z] [lib/validate-data.js] Using TimeAPI date: 2026-10-04T09:34:11.0829994
[2026-10-04T09:34:11.138Z] [lib/validate-data.js] Using reference date: 2026-10-4
[2026-10-04T09:34:11.139Z] [lib/validate-data.js] MOVE index data validation passed ✓
[2026-10-04T09:34:11.139Z] [lib/validate-data.js] Validating SRF data...
[2026-10-04T09:34:11.139Z] [lib/validate-data.js] Found 1017 SRF data points
[2026-10-04T09:34:11.240Z] [lib/validate-data.js] WorldTimeAPI failed, trying alternative source
[2026-10-04T09:34:11.659Z] [lib/validate-data.js] Using TimeAPI date: 2026-10-04T09:34:11.6071336
[2026-10-04T09:34:11.661Z] [lib/validate-data.js] SRF data validation passed ✓
[2026-10-04T09:34:11.661Z] [lib/validate-data.js] Validating Treasury funding data...
[2026-10-04T09:34:11.661Z] [lib/validate-data.js] Found 282 Treasury funding data points
[2026-10-04T09:34:11.661Z] [lib/validate-data.js] Treasury funding data validation passed ✓
[2026-10-04T09:34:11.661Z] [lib/validate-data.js] All data validation passed ✓
[2026-10-04T09:34:11.664Z] lib/validate-data.js completed successfully
[2026-10-04T09:34:11.664Z] Dashboard update process completed successfully
