[2026-10-01T09:59:27.598Z] Starting Liquidity Dashboard update process
[2026-10-01T09:59:27.599Z] Running lib/data-backup.js...
[2026-10-01T09:59:27.629Z] [lib/data-backup.js] ERROR: node:internal/modules/cjs/loader:1031
  throw err;
  ^

Error: Cannot find module '/home/runner/work/liquiditydashboard/liquiditydashboard/web/lib/data-backup.js'
    at Function.Module._resolveFilename (node:internal/modules/cjs/loader:1028:15)
    at Function.Module._load (node:internal/modules/cjs/loader:873:27)
    at Function.executeUserEntryPoint [as runMain] (node:internal/modules/run_main:81:12)
    at node:internal/main/run_main_module:22:47 {
  code: 'MODULE_NOT_FOUND',
  requireStack: []
}
[2026-10-01T09:59:27.632Z] lib/data-backup.js failed with exit code 1
[2026-10-01T09:59:27.632Z] Running lib/data-backup.js clean...
[2026-10-01T09:59:27.662Z] [lib/data-backup.js clean] ERROR: node:internal/modules/cjs/loader:1031
  throw err;
  ^

Error: Cannot find module '/home/runner/work/liquiditydashboard/liquiditydashboard/web/lib/data-backup.js'
    at Function.Module._resolveFilename (node:internal/modules/cjs/loader:1028:15)
    at Function.Module._load (node:internal/modules/cjs/loader:873:27)
    at Function.executeUserEntryPoint [as runMain] (node:internal/modules/run_main:81:12)
    at node:internal/main/run_main_module:22:47 {
  code: 'MODULE_NOT_FOUND',
  requireStack: []
}
[2026-10-01T09:59:27.663Z] lib/data-backup.js clean failed with exit code 1
[2026-10-01T09:59:27.663Z] Running lib/import-historical-move-data.js...
[2026-10-01T09:59:27.693Z] [lib/import-historical-move-data.js] ERROR: node:internal/modules/cjs/loader:1031
  throw err;
  ^

Error: Cannot find module '/home/runner/work/liquiditydashboard/liquiditydashboard/web/lib/import-historical-move-data.js'
    at Function.Module._resolveFilename (node:internal/modules/cjs/loader:1028:15)
    at Function.Module._load (node:internal/modules/cjs/loader:873:27)
    at Function.executeUserEntryPoint [as runMain] (node:internal/modules/run_main:81:12)
    at node:internal/main/run_main_module:22:47 {
  code: 'MODULE_NOT_FOUND',
  requireStack: []
}
[2026-10-01T09:59:27.695Z] lib/import-historical-move-data.js failed with exit code 1
[2026-10-01T09:59:27.695Z] Running lib/fetch-move-data.js...
[2026-10-01T09:59:27.724Z] [lib/fetch-move-data.js] ERROR: node:internal/modules/cjs/loader:1031
  throw err;
  ^

Error: Cannot find module '/home/runner/work/liquiditydashboard/liquiditydashboard/web/lib/fetch-move-data.js'
    at Function.Module._resolveFilename (node:internal/modules/cjs/loader:1028:15)
    at Function.Module._load (node:internal/modules/cjs/loader:873:27)
    at Function.executeUserEntryPoint [as runMain] (node:internal/modules/run_main:81:12)
    at node:internal/main/run_main_module:22:47 {
  code: 'MODULE_NOT_FOUND',
  requireStack: []
}
[2026-10-01T09:59:27.726Z] lib/fetch-move-data.js failed with exit code 1
[2026-10-01T09:59:27.727Z] Running lib/fetch-srf-data.js...
[2026-10-01T09:59:27.756Z] [lib/fetch-srf-data.js] ERROR: node:internal/modules/cjs/loader:1031
  throw err;
  ^

Error: Cannot find module '/home/runner/work/liquiditydashboard/liquiditydashboard/web/lib/fetch-srf-data.js'
    at Function.Module._resolveFilename (node:internal/modules/cjs/loader:1028:15)
    at Function.Module._load (node:internal/modules/cjs/loader:873:27)
    at Function.executeUserEntryPoint [as runMain] (node:internal/modules/run_main:81:12)
    at node:internal/main/run_main_module:22:47 {
  code: 'MODULE_NOT_FOUND',
  requireStack: []
}
[2026-10-01T09:59:27.758Z] lib/fetch-srf-data.js failed with exit code 1
[2026-10-01T09:59:27.759Z] Running lib/fetch-bill-share-data.js...
[2026-10-01T09:59:27.789Z] [lib/fetch-bill-share-data.js] ERROR: node:internal/modules/cjs/loader:1031
  throw err;
  ^

Error: Cannot find module '/home/runner/work/liquiditydashboard/liquiditydashboard/web/lib/fetch-bill-share-data.js'
    at Function.Module._resolveFilename (node:internal/modules/cjs/loader:1028:15)
    at Function.Module._load (node:internal/modules/cjs/loader:873:27)
    at Function.executeUserEntryPoint [as runMain] (node:internal/modules/run_main:81:12)
    at node:internal/main/run_main_module:22:47 {
  code: 'MODULE_NOT_FOUND',
  requireStack: []
}
[2026-10-01T09:59:27.792Z] lib/fetch-bill-share-data.js failed with exit code 1
[2026-10-01T09:59:27.792Z] Running lib/cleanup-future-dates.js...
[2026-10-01T09:59:27.878Z] [lib/cleanup-future-dates.js] Starting data cleanup process...
[2026-10-01T09:59:28.016Z] [lib/cleanup-future-dates.js] WorldTimeAPI failed, trying alternative source
[2026-10-01T09:59:28.704Z] [lib/cleanup-future-dates.js] Using TimeAPI date: 2026-10-01T09:59:28.6203245
[2026-10-01T09:59:28.705Z] [lib/cleanup-future-dates.js] Using reference date: 2026-10-1
[2026-10-01T09:59:28.705Z] [lib/cleanup-future-dates.js] Processing MOVE index data (/home/runner/work/liquiditydashboard/liquiditydashboard/web/public/series/move.json)...
[2026-10-01T09:59:28.705Z] [lib/cleanup-future-dates.js] Loaded 111 MOVE index data points
[2026-10-01T09:59:28.705Z] [lib/cleanup-future-dates.js] No future-dated entries found in MOVE index data
[2026-10-01T09:59:28.706Z] [lib/cleanup-future-dates.js] Processing SRF data (/home/runner/work/liquiditydashboard/liquiditydashboard/web/public/series/srf.json)...
[2026-10-01T09:59:28.706Z] [lib/cleanup-future-dates.js] Loaded 1017 SRF data points
[2026-10-01T09:59:28.707Z] [lib/cleanup-future-dates.js] No future-dated entries found in SRF data
[2026-10-01T09:59:28.707Z] [lib/cleanup-future-dates.js] Processing Treasury bill share data (/home/runner/work/liquiditydashboard/liquiditydashboard/web/public/series/bill-share.json)...
[2026-10-01T09:59:28.707Z] [lib/cleanup-future-dates.js] Loaded 282 Treasury bill share data points
[2026-10-01T09:59:28.708Z] [lib/cleanup-future-dates.js] No future-dated entries found in Treasury bill share data
[2026-10-01T09:59:28.708Z] [lib/cleanup-future-dates.js] Cleanup complete! Removed 0 future-dated entries in total.
Data cleanup completed with no changes needed
[2026-10-01T09:59:28.711Z] lib/cleanup-future-dates.js completed successfully
[2026-10-01T09:59:28.711Z] Running lib/validate-data.js...
[2026-10-01T09:59:28.793Z] [lib/validate-data.js] Running data validation...
[2026-10-01T09:59:28.794Z] [lib/validate-data.js] Validating MOVE index data...
[2026-10-01T09:59:28.794Z] [lib/validate-data.js] Found 111 MOVE data points
[2026-10-01T09:59:28.965Z] [lib/validate-data.js] WorldTimeAPI failed, trying alternative source
[2026-10-01T09:59:29.650Z] [lib/validate-data.js] Using TimeAPI date: 2026-10-01T09:59:29.5652141
[2026-10-01T09:59:29.650Z] [lib/validate-data.js] Using reference date: 2026-10-1
[2026-10-01T09:59:29.651Z] [lib/validate-data.js] MOVE index data validation passed ✓
[2026-10-01T09:59:29.651Z] [lib/validate-data.js] Validating SRF data...
[2026-10-01T09:59:29.652Z] [lib/validate-data.js] Found 1017 SRF data points
[2026-10-01T09:59:29.769Z] [lib/validate-data.js] WorldTimeAPI failed, trying alternative source
[2026-10-01T09:59:30.465Z] [lib/validate-data.js] Using TimeAPI date: 2026-10-01T09:59:30.3776819
[2026-10-01T09:59:30.468Z] [lib/validate-data.js] SRF data validation passed ✓
[2026-10-01T09:59:30.468Z] [lib/validate-data.js] Validating Treasury funding data...
[2026-10-01T09:59:30.468Z] [lib/validate-data.js] Found 282 Treasury funding data points
[2026-10-01T09:59:30.468Z] [lib/validate-data.js] Treasury funding data validation passed ✓
[2026-10-01T09:59:30.469Z] [lib/validate-data.js] All data validation passed ✓
[2026-10-01T09:59:30.471Z] lib/validate-data.js completed successfully
[2026-10-01T09:59:30.471Z] Dashboard update process completed successfully
