[2026-08-21T03:54:31.353Z] Starting Liquidity Dashboard update process
[2026-08-21T03:54:31.355Z] Running lib/data-backup.js...
[2026-08-21T03:54:31.385Z] [lib/data-backup.js] ERROR: node:internal/modules/cjs/loader:1031
  throw err;
  ^

Error: Cannot find module '/home/runner/work/liquiditydashboard/liquiditydashboard/web/lib/data-backup.js'
    at Function.Module._resolveFilename (node:internal/modules/cjs/loader:1028:15)
    at Function.Module._load (node:internal/modules/cjs/loader:873:27)
    at Function.executeUserEntryPoint [as runMain] (node:internal/modules/run_main:81:12)
    at node:internal/main/run_main_module:22:47 {
  code: 'MODULE_NOT_FOUND',
  requireStack: []
}
[2026-08-21T03:54:31.387Z] lib/data-backup.js failed with exit code 1
[2026-08-21T03:54:31.388Z] Running lib/data-backup.js clean...
[2026-08-21T03:54:31.417Z] [lib/data-backup.js clean] ERROR: node:internal/modules/cjs/loader:1031
  throw err;
  ^

Error: Cannot find module '/home/runner/work/liquiditydashboard/liquiditydashboard/web/lib/data-backup.js'
    at Function.Module._resolveFilename (node:internal/modules/cjs/loader:1028:15)
    at Function.Module._load (node:internal/modules/cjs/loader:873:27)
    at Function.executeUserEntryPoint [as runMain] (node:internal/modules/run_main:81:12)
    at node:internal/main/run_main_module:22:47 {
  code: 'MODULE_NOT_FOUND',
  requireStack: []
}
[2026-08-21T03:54:31.419Z] lib/data-backup.js clean failed with exit code 1
[2026-08-21T03:54:31.420Z] Running lib/import-historical-move-data.js...
[2026-08-21T03:54:31.449Z] [lib/import-historical-move-data.js] ERROR: node:internal/modules/cjs/loader:1031
  throw err;
  ^

Error: Cannot find module '/home/runner/work/liquiditydashboard/liquiditydashboard/web/lib/import-historical-move-data.js'
    at Function.Module._resolveFilename (node:internal/modules/cjs/loader:1028:15)
    at Function.Module._load (node:internal/modules/cjs/loader:873:27)
    at Function.executeUserEntryPoint [as runMain] (node:internal/modules/run_main:81:12)
    at node:internal/main/run_main_module:22:47 {
  code: 'MODULE_NOT_FOUND',
  requireStack: []
}
[2026-08-21T03:54:31.451Z] lib/import-historical-move-data.js failed with exit code 1
[2026-08-21T03:54:31.452Z] Running lib/fetch-move-data.js...
[2026-08-21T03:54:31.481Z] [lib/fetch-move-data.js] ERROR: node:internal/modules/cjs/loader:1031
  throw err;
  ^

Error: Cannot find module '/home/runner/work/liquiditydashboard/liquiditydashboard/web/lib/fetch-move-data.js'
    at Function.Module._resolveFilename (node:internal/modules/cjs/loader:1028:15)
    at Function.Module._load (node:internal/modules/cjs/loader:873:27)
    at Function.executeUserEntryPoint [as runMain] (node:internal/modules/run_main:81:12)
    at node:internal/main/run_main_module:22:47 {
  code: 'MODULE_NOT_FOUND',
  requireStack: []
}
[2026-08-21T03:54:31.483Z] lib/fetch-move-data.js failed with exit code 1
[2026-08-21T03:54:31.483Z] Running lib/fetch-srf-data.js...
[2026-08-21T03:54:31.513Z] [lib/fetch-srf-data.js] ERROR: node:internal/modules/cjs/loader:1031
  throw err;
  ^

Error: Cannot find module '/home/runner/work/liquiditydashboard/liquiditydashboard/web/lib/fetch-srf-data.js'
    at Function.Module._resolveFilename (node:internal/modules/cjs/loader:1028:15)
    at Function.Module._load (node:internal/modules/cjs/loader:873:27)
    at Function.executeUserEntryPoint [as runMain] (node:internal/modules/run_main:81:12)
    at node:internal/main/run_main_module:22:47 {
  code: 'MODULE_NOT_FOUND',
  requireStack: []
}
[2026-08-21T03:54:31.515Z] lib/fetch-srf-data.js failed with exit code 1
[2026-08-21T03:54:31.516Z] Running lib/fetch-bill-share-data.js...
[2026-08-21T03:54:31.547Z] [lib/fetch-bill-share-data.js] ERROR: node:internal/modules/cjs/loader:1031
  throw err;
  ^

Error: Cannot find module '/home/runner/work/liquiditydashboard/liquiditydashboard/web/lib/fetch-bill-share-data.js'
    at Function.Module._resolveFilename (node:internal/modules/cjs/loader:1028:15)
    at Function.Module._load (node:internal/modules/cjs/loader:873:27)
    at Function.executeUserEntryPoint [as runMain] (node:internal/modules/run_main:81:12)
    at node:internal/main/run_main_module:22:47 {
  code: 'MODULE_NOT_FOUND',
  requireStack: []
}
[2026-08-21T03:54:31.549Z] lib/fetch-bill-share-data.js failed with exit code 1
[2026-08-21T03:54:31.549Z] Running lib/cleanup-future-dates.js...
[2026-08-21T03:54:31.637Z] [lib/cleanup-future-dates.js] Starting data cleanup process...
[2026-08-21T03:54:31.731Z] [lib/cleanup-future-dates.js] WorldTimeAPI failed, trying alternative source
[2026-08-21T03:54:32.434Z] [lib/cleanup-future-dates.js] Using TimeAPI date: 2026-08-21T03:54:32.35151
[2026-08-21T03:54:32.434Z] [lib/cleanup-future-dates.js] Using reference date: 2026-8-21
[2026-08-21T03:54:32.434Z] [lib/cleanup-future-dates.js] Processing MOVE index data (/home/runner/work/liquiditydashboard/liquiditydashboard/web/public/series/move.json)...
[2026-08-21T03:54:32.434Z] [lib/cleanup-future-dates.js] Loaded 111 MOVE index data points
[2026-08-21T03:54:32.434Z] [lib/cleanup-future-dates.js] No future-dated entries found in MOVE index data
[2026-08-21T03:54:32.435Z] [lib/cleanup-future-dates.js] Processing SRF data (/home/runner/work/liquiditydashboard/liquiditydashboard/web/public/series/srf.json)...
[2026-08-21T03:54:32.435Z] [lib/cleanup-future-dates.js] Loaded 1017 SRF data points
[2026-08-21T03:54:32.436Z] [lib/cleanup-future-dates.js] No future-dated entries found in SRF data
[2026-08-21T03:54:32.437Z] [lib/cleanup-future-dates.js] Processing Treasury bill share data (/home/runner/work/liquiditydashboard/liquiditydashboard/web/public/series/bill-share.json)...
[2026-08-21T03:54:32.437Z] [lib/cleanup-future-dates.js] Loaded 282 Treasury bill share data points
[2026-08-21T03:54:32.437Z] [lib/cleanup-future-dates.js] No future-dated entries found in Treasury bill share data
[2026-08-21T03:54:32.437Z] [lib/cleanup-future-dates.js] Cleanup complete! Removed 0 future-dated entries in total.
Data cleanup completed with no changes needed
[2026-08-21T03:54:32.440Z] lib/cleanup-future-dates.js completed successfully
[2026-08-21T03:54:32.440Z] Running lib/validate-data.js...
[2026-08-21T03:54:32.524Z] [lib/validate-data.js] Running data validation...
[2026-08-21T03:54:32.525Z] [lib/validate-data.js] Validating MOVE index data...
[2026-08-21T03:54:32.525Z] [lib/validate-data.js] Found 111 MOVE data points
[2026-08-21T03:54:32.660Z] [lib/validate-data.js] WorldTimeAPI failed, trying alternative source
[2026-08-21T03:54:33.209Z] [lib/validate-data.js] Using TimeAPI date: 2026-08-21T03:54:33.1286423
[2026-08-21T03:54:33.209Z] [lib/validate-data.js] Using reference date: 2026-8-21
[2026-08-21T03:54:33.210Z] [lib/validate-data.js] MOVE index data validation passed ✓
[2026-08-21T03:54:33.210Z] [lib/validate-data.js] Validating SRF data...
[2026-08-21T03:54:33.210Z] [lib/validate-data.js] Found 1017 SRF data points
[2026-08-21T03:54:33.330Z] [lib/validate-data.js] WorldTimeAPI failed, trying alternative source
[2026-08-21T03:54:34.020Z] [lib/validate-data.js] Using TimeAPI date: 2026-08-21T03:54:33.9451546
[2026-08-21T03:54:34.023Z] [lib/validate-data.js] SRF data validation passed ✓
[2026-08-21T03:54:34.023Z] [lib/validate-data.js] Validating Treasury funding data...
[2026-08-21T03:54:34.023Z] [lib/validate-data.js] Found 282 Treasury funding data points
[2026-08-21T03:54:34.023Z] [lib/validate-data.js] Treasury funding data validation passed ✓
[2026-08-21T03:54:34.023Z] [lib/validate-data.js] All data validation passed ✓
[2026-08-21T03:54:34.026Z] lib/validate-data.js completed successfully
[2026-08-21T03:54:34.026Z] Dashboard update process completed successfully
