[2026-09-26T08:29:12.445Z] Starting Liquidity Dashboard update process
[2026-09-26T08:29:12.446Z] Running lib/data-backup.js...
[2026-09-26T08:29:12.475Z] [lib/data-backup.js] ERROR: node:internal/modules/cjs/loader:1031
  throw err;
  ^

Error: Cannot find module '/home/runner/work/liquiditydashboard/liquiditydashboard/web/lib/data-backup.js'
    at Function.Module._resolveFilename (node:internal/modules/cjs/loader:1028:15)
    at Function.Module._load (node:internal/modules/cjs/loader:873:27)
    at Function.executeUserEntryPoint [as runMain] (node:internal/modules/run_main:81:12)
    at node:internal/main/run_main_module:22:47 {
  code: 'MODULE_NOT_FOUND',
  requireStack: []
}
[2026-09-26T08:29:12.478Z] lib/data-backup.js failed with exit code 1
[2026-09-26T08:29:12.478Z] Running lib/data-backup.js clean...
[2026-09-26T08:29:12.506Z] [lib/data-backup.js clean] ERROR: node:internal/modules/cjs/loader:1031
  throw err;
  ^

Error: Cannot find module '/home/runner/work/liquiditydashboard/liquiditydashboard/web/lib/data-backup.js'
    at Function.Module._resolveFilename (node:internal/modules/cjs/loader:1028:15)
    at Function.Module._load (node:internal/modules/cjs/loader:873:27)
    at Function.executeUserEntryPoint [as runMain] (node:internal/modules/run_main:81:12)
    at node:internal/main/run_main_module:22:47 {
  code: 'MODULE_NOT_FOUND',
  requireStack: []
}
[2026-09-26T08:29:12.508Z] lib/data-backup.js clean failed with exit code 1
[2026-09-26T08:29:12.508Z] Running lib/import-historical-move-data.js...
[2026-09-26T08:29:12.536Z] [lib/import-historical-move-data.js] ERROR: node:internal/modules/cjs/loader:1031
  throw err;
  ^

Error: Cannot find module '/home/runner/work/liquiditydashboard/liquiditydashboard/web/lib/import-historical-move-data.js'
    at Function.Module._resolveFilename (node:internal/modules/cjs/loader:1028:15)
    at Function.Module._load (node:internal/modules/cjs/loader:873:27)
    at Function.executeUserEntryPoint [as runMain] (node:internal/modules/run_main:81:12)
    at node:internal/main/run_main_module:22:47 {
  code: 'MODULE_NOT_FOUND',
  requireStack: []
}
[2026-09-26T08:29:12.538Z] lib/import-historical-move-data.js failed with exit code 1
[2026-09-26T08:29:12.538Z] Running lib/fetch-move-data.js...
[2026-09-26T08:29:12.566Z] [lib/fetch-move-data.js] ERROR: node:internal/modules/cjs/loader:1031
  throw err;
  ^

Error: Cannot find module '/home/runner/work/liquiditydashboard/liquiditydashboard/web/lib/fetch-move-data.js'
    at Function.Module._resolveFilename (node:internal/modules/cjs/loader:1028:15)
    at Function.Module._load (node:internal/modules/cjs/loader:873:27)
    at Function.executeUserEntryPoint [as runMain] (node:internal/modules/run_main:81:12)
    at node:internal/main/run_main_module:22:47 {
  code: 'MODULE_NOT_FOUND',
  requireStack: []
}
[2026-09-26T08:29:12.568Z] lib/fetch-move-data.js failed with exit code 1
[2026-09-26T08:29:12.568Z] Running lib/fetch-srf-data.js...
[2026-09-26T08:29:12.595Z] [lib/fetch-srf-data.js] ERROR: node:internal/modules/cjs/loader:1031
  throw err;
  ^

Error: Cannot find module '/home/runner/work/liquiditydashboard/liquiditydashboard/web/lib/fetch-srf-data.js'
    at Function.Module._resolveFilename (node:internal/modules/cjs/loader:1028:15)
    at Function.Module._load (node:internal/modules/cjs/loader:873:27)
    at Function.executeUserEntryPoint [as runMain] (node:internal/modules/run_main:81:12)
    at node:internal/main/run_main_module:22:47 {
  code: 'MODULE_NOT_FOUND',
  requireStack: []
}
[2026-09-26T08:29:12.597Z] lib/fetch-srf-data.js failed with exit code 1
[2026-09-26T08:29:12.597Z] Running lib/fetch-bill-share-data.js...
[2026-09-26T08:29:12.625Z] [lib/fetch-bill-share-data.js] ERROR: node:internal/modules/cjs/loader:1031
  throw err;
  ^

Error: Cannot find module '/home/runner/work/liquiditydashboard/liquiditydashboard/web/lib/fetch-bill-share-data.js'
    at Function.Module._resolveFilename (node:internal/modules/cjs/loader:1028:15)
    at Function.Module._load (node:internal/modules/cjs/loader:873:27)
    at Function.executeUserEntryPoint [as runMain] (node:internal/modules/run_main:81:12)
    at node:internal/main/run_main_module:22:47 {
  code: 'MODULE_NOT_FOUND',
  requireStack: []
}
[2026-09-26T08:29:12.627Z] lib/fetch-bill-share-data.js failed with exit code 1
[2026-09-26T08:29:12.627Z] Running lib/cleanup-future-dates.js...
[2026-09-26T08:29:12.716Z] [lib/cleanup-future-dates.js] Starting data cleanup process...
[2026-09-26T08:29:12.771Z] [lib/cleanup-future-dates.js] WorldTimeAPI failed, trying alternative source
[2026-09-26T08:29:13.318Z] [lib/cleanup-future-dates.js] Using TimeAPI date: 2026-09-26T08:29:13.2618913
[2026-09-26T08:29:13.318Z] [lib/cleanup-future-dates.js] Using reference date: 2026-9-26
[2026-09-26T08:29:13.318Z] [lib/cleanup-future-dates.js] Processing MOVE index data (/home/runner/work/liquiditydashboard/liquiditydashboard/web/public/series/move.json)...
[2026-09-26T08:29:13.319Z] [lib/cleanup-future-dates.js] Loaded 111 MOVE index data points
[2026-09-26T08:29:13.319Z] [lib/cleanup-future-dates.js] No future-dated entries found in MOVE index data
[2026-09-26T08:29:13.319Z] [lib/cleanup-future-dates.js] Processing SRF data (/home/runner/work/liquiditydashboard/liquiditydashboard/web/public/series/srf.json)...
[2026-09-26T08:29:13.320Z] [lib/cleanup-future-dates.js] Loaded 1017 SRF data points
[2026-09-26T08:29:13.321Z] [lib/cleanup-future-dates.js] No future-dated entries found in SRF data
[2026-09-26T08:29:13.321Z] [lib/cleanup-future-dates.js] Processing Treasury bill share data (/home/runner/work/liquiditydashboard/liquiditydashboard/web/public/series/bill-share.json)...
[2026-09-26T08:29:13.321Z] [lib/cleanup-future-dates.js] Loaded 282 Treasury bill share data points
[2026-09-26T08:29:13.321Z] [lib/cleanup-future-dates.js] No future-dated entries found in Treasury bill share data
[2026-09-26T08:29:13.322Z] [lib/cleanup-future-dates.js] Cleanup complete! Removed 0 future-dated entries in total.
Data cleanup completed with no changes needed
[2026-09-26T08:29:13.324Z] lib/cleanup-future-dates.js completed successfully
[2026-09-26T08:29:13.325Z] Running lib/validate-data.js...
[2026-09-26T08:29:13.406Z] [lib/validate-data.js] Running data validation...
[2026-09-26T08:29:13.407Z] [lib/validate-data.js] Validating MOVE index data...
[2026-09-26T08:29:13.407Z] [lib/validate-data.js] Found 111 MOVE data points
[2026-09-26T08:29:13.481Z] [lib/validate-data.js] WorldTimeAPI failed, trying alternative source
[2026-09-26T08:29:13.905Z] [lib/validate-data.js] Using TimeAPI date: 2026-09-26T08:29:13.8493267
[2026-09-26T08:29:13.905Z] [lib/validate-data.js] Using reference date: 2026-9-26
[2026-09-26T08:29:13.906Z] [lib/validate-data.js] MOVE index data validation passed ✓
[2026-09-26T08:29:13.906Z] [lib/validate-data.js] Validating SRF data...
[2026-09-26T08:29:13.907Z] [lib/validate-data.js] Found 1017 SRF data points
[2026-09-26T08:29:13.982Z] [lib/validate-data.js] WorldTimeAPI failed, trying alternative source
[2026-09-26T08:29:14.510Z] [lib/validate-data.js] Using TimeAPI date: 2026-09-26T08:29:14.4592985
[2026-09-26T08:29:14.513Z] [lib/validate-data.js] SRF data validation passed ✓
[2026-09-26T08:29:14.513Z] [lib/validate-data.js] Validating Treasury funding data...
[2026-09-26T08:29:14.513Z] [lib/validate-data.js] Found 282 Treasury funding data points
[2026-09-26T08:29:14.514Z] [lib/validate-data.js] Treasury funding data validation passed ✓
[2026-09-26T08:29:14.514Z] [lib/validate-data.js] All data validation passed ✓
[2026-09-26T08:29:14.517Z] lib/validate-data.js completed successfully
[2026-09-26T08:29:14.517Z] Dashboard update process completed successfully
