[2026-08-01T06:04:38.985Z] Starting Liquidity Dashboard update process
[2026-08-01T06:04:38.986Z] Running lib/data-backup.js...
[2026-08-01T06:04:39.016Z] [lib/data-backup.js] ERROR: node:internal/modules/cjs/loader:1031
  throw err;
  ^

Error: Cannot find module '/home/runner/work/liquiditydashboard/liquiditydashboard/web/lib/data-backup.js'
    at Function.Module._resolveFilename (node:internal/modules/cjs/loader:1028:15)
    at Function.Module._load (node:internal/modules/cjs/loader:873:27)
    at Function.executeUserEntryPoint [as runMain] (node:internal/modules/run_main:81:12)
    at node:internal/main/run_main_module:22:47 {
  code: 'MODULE_NOT_FOUND',
  requireStack: []
}
[2026-08-01T06:04:39.019Z] lib/data-backup.js failed with exit code 1
[2026-08-01T06:04:39.020Z] Running lib/data-backup.js clean...
[2026-08-01T06:04:39.049Z] [lib/data-backup.js clean] ERROR: node:internal/modules/cjs/loader:1031
  throw err;
  ^

Error: Cannot find module '/home/runner/work/liquiditydashboard/liquiditydashboard/web/lib/data-backup.js'
    at Function.Module._resolveFilename (node:internal/modules/cjs/loader:1028:15)
    at Function.Module._load (node:internal/modules/cjs/loader:873:27)
    at Function.executeUserEntryPoint [as runMain] (node:internal/modules/run_main:81:12)
    at node:internal/main/run_main_module:22:47 {
  code: 'MODULE_NOT_FOUND',
  requireStack: []
}
[2026-08-01T06:04:39.050Z] lib/data-backup.js clean failed with exit code 1
[2026-08-01T06:04:39.051Z] Running lib/import-historical-move-data.js...
[2026-08-01T06:04:39.080Z] [lib/import-historical-move-data.js] ERROR: node:internal/modules/cjs/loader:1031
  throw err;
  ^

Error: Cannot find module '/home/runner/work/liquiditydashboard/liquiditydashboard/web/lib/import-historical-move-data.js'
    at Function.Module._resolveFilename (node:internal/modules/cjs/loader:1028:15)
    at Function.Module._load (node:internal/modules/cjs/loader:873:27)
    at Function.executeUserEntryPoint [as runMain] (node:internal/modules/run_main:81:12)
    at node:internal/main/run_main_module:22:47 {
  code: 'MODULE_NOT_FOUND',
  requireStack: []
}
[2026-08-01T06:04:39.082Z] lib/import-historical-move-data.js failed with exit code 1
[2026-08-01T06:04:39.082Z] Running lib/fetch-move-data.js...
[2026-08-01T06:04:39.111Z] [lib/fetch-move-data.js] ERROR: node:internal/modules/cjs/loader:1031
  throw err;
  ^

Error: Cannot find module '/home/runner/work/liquiditydashboard/liquiditydashboard/web/lib/fetch-move-data.js'
    at Function.Module._resolveFilename (node:internal/modules/cjs/loader:1028:15)
    at Function.Module._load (node:internal/modules/cjs/loader:873:27)
    at Function.executeUserEntryPoint [as runMain] (node:internal/modules/run_main:81:12)
    at node:internal/main/run_main_module:22:47 {
  code: 'MODULE_NOT_FOUND',
  requireStack: []
}
[2026-08-01T06:04:39.113Z] lib/fetch-move-data.js failed with exit code 1
[2026-08-01T06:04:39.114Z] Running lib/fetch-srf-data.js...
[2026-08-01T06:04:39.143Z] [lib/fetch-srf-data.js] ERROR: node:internal/modules/cjs/loader:1031
  throw err;
  ^

Error: Cannot find module '/home/runner/work/liquiditydashboard/liquiditydashboard/web/lib/fetch-srf-data.js'
    at Function.Module._resolveFilename (node:internal/modules/cjs/loader:1028:15)
    at Function.Module._load (node:internal/modules/cjs/loader:873:27)
    at Function.executeUserEntryPoint [as runMain] (node:internal/modules/run_main:81:12)
    at node:internal/main/run_main_module:22:47 {
  code: 'MODULE_NOT_FOUND',
  requireStack: []
}
[2026-08-01T06:04:39.145Z] lib/fetch-srf-data.js failed with exit code 1
[2026-08-01T06:04:39.145Z] Running lib/fetch-bill-share-data.js...
[2026-08-01T06:04:39.175Z] [lib/fetch-bill-share-data.js] ERROR: node:internal/modules/cjs/loader:1031
  throw err;
  ^

Error: Cannot find module '/home/runner/work/liquiditydashboard/liquiditydashboard/web/lib/fetch-bill-share-data.js'
    at Function.Module._resolveFilename (node:internal/modules/cjs/loader:1028:15)
    at Function.Module._load (node:internal/modules/cjs/loader:873:27)
    at Function.executeUserEntryPoint [as runMain] (node:internal/modules/run_main:81:12)
    at node:internal/main/run_main_module:22:47 {
  code: 'MODULE_NOT_FOUND',
  requireStack: []
}
[2026-08-01T06:04:39.176Z] lib/fetch-bill-share-data.js failed with exit code 1
[2026-08-01T06:04:39.177Z] Running lib/cleanup-future-dates.js...
[2026-08-01T06:04:39.266Z] [lib/cleanup-future-dates.js] Starting data cleanup process...
[2026-08-01T06:04:39.348Z] [lib/cleanup-future-dates.js] WorldTimeAPI failed, trying alternative source
[2026-08-01T06:04:39.794Z] [lib/cleanup-future-dates.js] Using TimeAPI date: 2026-08-01T05:47:37.7642394
[2026-08-01T06:04:39.794Z] [lib/cleanup-future-dates.js] Using reference date: 2026-8-1
[2026-08-01T06:04:39.794Z] [lib/cleanup-future-dates.js] Processing MOVE index data (/home/runner/work/liquiditydashboard/liquiditydashboard/web/public/series/move.json)...
[2026-08-01T06:04:39.795Z] [lib/cleanup-future-dates.js] Loaded 111 MOVE index data points
[2026-08-01T06:04:39.795Z] [lib/cleanup-future-dates.js] No future-dated entries found in MOVE index data
[2026-08-01T06:04:39.795Z] [lib/cleanup-future-dates.js] Processing SRF data (/home/runner/work/liquiditydashboard/liquiditydashboard/web/public/series/srf.json)...
[2026-08-01T06:04:39.796Z] [lib/cleanup-future-dates.js] Loaded 1017 SRF data points
[2026-08-01T06:04:39.798Z] [lib/cleanup-future-dates.js] No future-dated entries found in SRF data
[2026-08-01T06:04:39.798Z] [lib/cleanup-future-dates.js] Processing Treasury bill share data (/home/runner/work/liquiditydashboard/liquiditydashboard/web/public/series/bill-share.json)...
[2026-08-01T06:04:39.798Z] [lib/cleanup-future-dates.js] Loaded 282 Treasury bill share data points
[2026-08-01T06:04:39.799Z] [lib/cleanup-future-dates.js] No future-dated entries found in Treasury bill share data
[2026-08-01T06:04:39.799Z] [lib/cleanup-future-dates.js] Cleanup complete! Removed 0 future-dated entries in total.
Data cleanup completed with no changes needed
[2026-08-01T06:04:39.804Z] lib/cleanup-future-dates.js completed successfully
[2026-08-01T06:04:39.804Z] Running lib/validate-data.js...
[2026-08-01T06:04:39.909Z] [lib/validate-data.js] Running data validation...
[2026-08-01T06:04:39.909Z] [lib/validate-data.js] Validating MOVE index data...
[2026-08-01T06:04:39.910Z] [lib/validate-data.js] Found 111 MOVE data points
[2026-08-01T06:04:40.021Z] [lib/validate-data.js] WorldTimeAPI failed, trying alternative source
[2026-08-01T06:04:40.621Z] [lib/validate-data.js] Using TimeAPI date: 2026-08-01T05:47:38.5912722
[2026-08-01T06:04:40.621Z] [lib/validate-data.js] Using reference date: 2026-8-1
[2026-08-01T06:04:40.621Z] [lib/validate-data.js] MOVE index data validation passed ✓
[2026-08-01T06:04:40.622Z] [lib/validate-data.js] Validating SRF data...
[2026-08-01T06:04:40.622Z] [lib/validate-data.js] Found 1017 SRF data points
[2026-08-01T06:04:40.782Z] [lib/validate-data.js] WorldTimeAPI failed, trying alternative source
[2026-08-01T06:04:41.103Z] [lib/validate-data.js] Using TimeAPI date: 2026-08-01T05:47:39.0792999
[2026-08-01T06:04:41.106Z] [lib/validate-data.js] SRF data validation passed ✓
[2026-08-01T06:04:41.106Z] [lib/validate-data.js] Validating Treasury funding data...
[2026-08-01T06:04:41.106Z] [lib/validate-data.js] Found 282 Treasury funding data points
[2026-08-01T06:04:41.107Z] [lib/validate-data.js] Treasury funding data validation passed ✓
[2026-08-01T06:04:41.107Z] [lib/validate-data.js] All data validation passed ✓
[2026-08-01T06:04:41.110Z] lib/validate-data.js completed successfully
[2026-08-01T06:04:41.110Z] Dashboard update process completed successfully
