[2026-09-30T09:32:39.598Z] Starting Liquidity Dashboard update process
[2026-09-30T09:32:39.600Z] Running lib/data-backup.js...
[2026-09-30T09:32:39.632Z] [lib/data-backup.js] ERROR: node:internal/modules/cjs/loader:1031
  throw err;
  ^

Error: Cannot find module '/home/runner/work/liquiditydashboard/liquiditydashboard/web/lib/data-backup.js'
    at Function.Module._resolveFilename (node:internal/modules/cjs/loader:1028:15)
    at Function.Module._load (node:internal/modules/cjs/loader:873:27)
    at Function.executeUserEntryPoint [as runMain] (node:internal/modules/run_main:81:12)
    at node:internal/main/run_main_module:22:47 {
  code: 'MODULE_NOT_FOUND',
  requireStack: []
}
[2026-09-30T09:32:39.634Z] lib/data-backup.js failed with exit code 1
[2026-09-30T09:32:39.635Z] Running lib/data-backup.js clean...
[2026-09-30T09:32:39.664Z] [lib/data-backup.js clean] ERROR: node:internal/modules/cjs/loader:1031
  throw err;
  ^

Error: Cannot find module '/home/runner/work/liquiditydashboard/liquiditydashboard/web/lib/data-backup.js'
    at Function.Module._resolveFilename (node:internal/modules/cjs/loader:1028:15)
    at Function.Module._load (node:internal/modules/cjs/loader:873:27)
    at Function.executeUserEntryPoint [as runMain] (node:internal/modules/run_main:81:12)
    at node:internal/main/run_main_module:22:47 {
  code: 'MODULE_NOT_FOUND',
  requireStack: []
}
[2026-09-30T09:32:39.666Z] lib/data-backup.js clean failed with exit code 1
[2026-09-30T09:32:39.666Z] Running lib/import-historical-move-data.js...
[2026-09-30T09:32:39.696Z] [lib/import-historical-move-data.js] ERROR: node:internal/modules/cjs/loader:1031
  throw err;
  ^

Error: Cannot find module '/home/runner/work/liquiditydashboard/liquiditydashboard/web/lib/import-historical-move-data.js'
    at Function.Module._resolveFilename (node:internal/modules/cjs/loader:1028:15)
    at Function.Module._load (node:internal/modules/cjs/loader:873:27)
    at Function.executeUserEntryPoint [as runMain] (node:internal/modules/run_main:81:12)
    at node:internal/main/run_main_module:22:47 {
  code: 'MODULE_NOT_FOUND',
  requireStack: []
}
[2026-09-30T09:32:39.698Z] lib/import-historical-move-data.js failed with exit code 1
[2026-09-30T09:32:39.698Z] Running lib/fetch-move-data.js...
[2026-09-30T09:32:39.728Z] [lib/fetch-move-data.js] ERROR: node:internal/modules/cjs/loader:1031
  throw err;
  ^

Error: Cannot find module '/home/runner/work/liquiditydashboard/liquiditydashboard/web/lib/fetch-move-data.js'
    at Function.Module._resolveFilename (node:internal/modules/cjs/loader:1028:15)
    at Function.Module._load (node:internal/modules/cjs/loader:873:27)
    at Function.executeUserEntryPoint [as runMain] (node:internal/modules/run_main:81:12)
    at node:internal/main/run_main_module:22:47 {
  code: 'MODULE_NOT_FOUND',
  requireStack: []
}
[2026-09-30T09:32:39.731Z] lib/fetch-move-data.js failed with exit code 1
[2026-09-30T09:32:39.732Z] Running lib/fetch-srf-data.js...
[2026-09-30T09:32:39.762Z] [lib/fetch-srf-data.js] ERROR: node:internal/modules/cjs/loader:1031
  throw err;
  ^

Error: Cannot find module '/home/runner/work/liquiditydashboard/liquiditydashboard/web/lib/fetch-srf-data.js'
    at Function.Module._resolveFilename (node:internal/modules/cjs/loader:1028:15)
    at Function.Module._load (node:internal/modules/cjs/loader:873:27)
    at Function.executeUserEntryPoint [as runMain] (node:internal/modules/run_main:81:12)
    at node:internal/main/run_main_module:22:47 {
  code: 'MODULE_NOT_FOUND',
  requireStack: []
}
[2026-09-30T09:32:39.764Z] lib/fetch-srf-data.js failed with exit code 1
[2026-09-30T09:32:39.764Z] Running lib/fetch-bill-share-data.js...
[2026-09-30T09:32:39.795Z] [lib/fetch-bill-share-data.js] ERROR: node:internal/modules/cjs/loader:1031
  throw err;
  ^

Error: Cannot find module '/home/runner/work/liquiditydashboard/liquiditydashboard/web/lib/fetch-bill-share-data.js'
    at Function.Module._resolveFilename (node:internal/modules/cjs/loader:1028:15)
    at Function.Module._load (node:internal/modules/cjs/loader:873:27)
    at Function.executeUserEntryPoint [as runMain] (node:internal/modules/run_main:81:12)
    at node:internal/main/run_main_module:22:47 {
  code: 'MODULE_NOT_FOUND',
  requireStack: []
}
[2026-09-30T09:32:39.797Z] lib/fetch-bill-share-data.js failed with exit code 1
[2026-09-30T09:32:39.797Z] Running lib/cleanup-future-dates.js...
[2026-09-30T09:32:39.882Z] [lib/cleanup-future-dates.js] Starting data cleanup process...
[2026-09-30T09:32:39.959Z] [lib/cleanup-future-dates.js] WorldTimeAPI failed, trying alternative source
[2026-09-30T09:32:40.416Z] [lib/cleanup-future-dates.js] Using TimeAPI date: 2026-09-30T09:32:40.3554998
[2026-09-30T09:32:40.416Z] [lib/cleanup-future-dates.js] Using reference date: 2026-9-30
[2026-09-30T09:32:40.416Z] [lib/cleanup-future-dates.js] Processing MOVE index data (/home/runner/work/liquiditydashboard/liquiditydashboard/web/public/series/move.json)...
[2026-09-30T09:32:40.416Z] [lib/cleanup-future-dates.js] Loaded 111 MOVE index data points
[2026-09-30T09:32:40.416Z] [lib/cleanup-future-dates.js] No future-dated entries found in MOVE index data
[2026-09-30T09:32:40.417Z] [lib/cleanup-future-dates.js] Processing SRF data (/home/runner/work/liquiditydashboard/liquiditydashboard/web/public/series/srf.json)...
[2026-09-30T09:32:40.417Z] [lib/cleanup-future-dates.js] Loaded 1017 SRF data points
[2026-09-30T09:32:40.418Z] [lib/cleanup-future-dates.js] No future-dated entries found in SRF data
[2026-09-30T09:32:40.418Z] [lib/cleanup-future-dates.js] Processing Treasury bill share data (/home/runner/work/liquiditydashboard/liquiditydashboard/web/public/series/bill-share.json)...
[2026-09-30T09:32:40.418Z] [lib/cleanup-future-dates.js] Loaded 282 Treasury bill share data points
[2026-09-30T09:32:40.419Z] [lib/cleanup-future-dates.js] No future-dated entries found in Treasury bill share data
[2026-09-30T09:32:40.419Z] [lib/cleanup-future-dates.js] Cleanup complete! Removed 0 future-dated entries in total.
Data cleanup completed with no changes needed
[2026-09-30T09:32:40.422Z] lib/cleanup-future-dates.js completed successfully
[2026-09-30T09:32:40.422Z] Running lib/validate-data.js...
[2026-09-30T09:32:40.508Z] [lib/validate-data.js] Running data validation...
[2026-09-30T09:32:40.508Z] [lib/validate-data.js] Validating MOVE index data...
[2026-09-30T09:32:40.509Z] [lib/validate-data.js] Found 111 MOVE data points
[2026-09-30T09:32:40.628Z] [lib/validate-data.js] WorldTimeAPI failed, trying alternative source
[2026-09-30T09:32:41.074Z] [lib/validate-data.js] Using TimeAPI date: 2026-09-30T09:32:41.0140666
[2026-09-30T09:32:41.075Z] [lib/validate-data.js] Using reference date: 2026-9-30
[2026-09-30T09:32:41.075Z] [lib/validate-data.js] MOVE index data validation passed ✓
[2026-09-30T09:32:41.075Z] [lib/validate-data.js] Validating SRF data...
[2026-09-30T09:32:41.076Z] [lib/validate-data.js] Found 1017 SRF data points
[2026-09-30T09:32:41.103Z] [lib/validate-data.js] WorldTimeAPI failed, trying alternative source
[2026-09-30T09:32:41.559Z] [lib/validate-data.js] Using TimeAPI date: 2026-09-30T09:32:41.5015464
[2026-09-30T09:32:41.561Z] [lib/validate-data.js] SRF data validation passed ✓
[2026-09-30T09:32:41.562Z] [lib/validate-data.js] Validating Treasury funding data...
[2026-09-30T09:32:41.562Z] [lib/validate-data.js] Found 282 Treasury funding data points
[2026-09-30T09:32:41.562Z] [lib/validate-data.js] Treasury funding data validation passed ✓
[2026-09-30T09:32:41.562Z] [lib/validate-data.js] All data validation passed ✓
[2026-09-30T09:32:41.565Z] lib/validate-data.js completed successfully
[2026-09-30T09:32:41.565Z] Dashboard update process completed successfully
