[2026-08-05T05:51:00.058Z] Starting Liquidity Dashboard update process
[2026-08-05T05:51:00.060Z] Running lib/data-backup.js...
[2026-08-05T05:51:00.089Z] [lib/data-backup.js] ERROR: node:internal/modules/cjs/loader:1031
  throw err;
  ^

Error: Cannot find module '/home/runner/work/liquiditydashboard/liquiditydashboard/web/lib/data-backup.js'
    at Function.Module._resolveFilename (node:internal/modules/cjs/loader:1028:15)
    at Function.Module._load (node:internal/modules/cjs/loader:873:27)
    at Function.executeUserEntryPoint [as runMain] (node:internal/modules/run_main:81:12)
    at node:internal/main/run_main_module:22:47 {
  code: 'MODULE_NOT_FOUND',
  requireStack: []
}
[2026-08-05T05:51:00.092Z] lib/data-backup.js failed with exit code 1
[2026-08-05T05:51:00.092Z] Running lib/data-backup.js clean...
[2026-08-05T05:51:00.121Z] [lib/data-backup.js clean] ERROR: node:internal/modules/cjs/loader:1031
  throw err;
  ^

Error: Cannot find module '/home/runner/work/liquiditydashboard/liquiditydashboard/web/lib/data-backup.js'
    at Function.Module._resolveFilename (node:internal/modules/cjs/loader:1028:15)
    at Function.Module._load (node:internal/modules/cjs/loader:873:27)
    at Function.executeUserEntryPoint [as runMain] (node:internal/modules/run_main:81:12)
    at node:internal/main/run_main_module:22:47 {
  code: 'MODULE_NOT_FOUND',
  requireStack: []
}
[2026-08-05T05:51:00.122Z] lib/data-backup.js clean failed with exit code 1
[2026-08-05T05:51:00.123Z] Running lib/import-historical-move-data.js...
[2026-08-05T05:51:00.150Z] [lib/import-historical-move-data.js] ERROR: node:internal/modules/cjs/loader:1031
  throw err;
  ^

Error: Cannot find module '/home/runner/work/liquiditydashboard/liquiditydashboard/web/lib/import-historical-move-data.js'
    at Function.Module._resolveFilename (node:internal/modules/cjs/loader:1028:15)
    at Function.Module._load (node:internal/modules/cjs/loader:873:27)
    at Function.executeUserEntryPoint [as runMain] (node:internal/modules/run_main:81:12)
    at node:internal/main/run_main_module:22:47 {
  code: 'MODULE_NOT_FOUND',
  requireStack: []
}
[2026-08-05T05:51:00.152Z] lib/import-historical-move-data.js failed with exit code 1
[2026-08-05T05:51:00.153Z] Running lib/fetch-move-data.js...
[2026-08-05T05:51:00.181Z] [lib/fetch-move-data.js] ERROR: node:internal/modules/cjs/loader:1031
  throw err;
  ^

Error: Cannot find module '/home/runner/work/liquiditydashboard/liquiditydashboard/web/lib/fetch-move-data.js'
    at Function.Module._resolveFilename (node:internal/modules/cjs/loader:1028:15)
    at Function.Module._load (node:internal/modules/cjs/loader:873:27)
    at Function.executeUserEntryPoint [as runMain] (node:internal/modules/run_main:81:12)
    at node:internal/main/run_main_module:22:47 {
  code: 'MODULE_NOT_FOUND',
  requireStack: []
}
[2026-08-05T05:51:00.182Z] lib/fetch-move-data.js failed with exit code 1
[2026-08-05T05:51:00.182Z] Running lib/fetch-srf-data.js...
[2026-08-05T05:51:00.215Z] [lib/fetch-srf-data.js] ERROR: node:internal/modules/cjs/loader:1031
  throw err;
  ^

Error: Cannot find module '/home/runner/work/liquiditydashboard/liquiditydashboard/web/lib/fetch-srf-data.js'
    at Function.Module._resolveFilename (node:internal/modules/cjs/loader:1028:15)
    at Function.Module._load (node:internal/modules/cjs/loader:873:27)
    at Function.executeUserEntryPoint [as runMain] (node:internal/modules/run_main:81:12)
    at node:internal/main/run_main_module:22:47 {
  code: 'MODULE_NOT_FOUND',
  requireStack: []
}
[2026-08-05T05:51:00.218Z] lib/fetch-srf-data.js failed with exit code 1
[2026-08-05T05:51:00.219Z] Running lib/fetch-bill-share-data.js...
[2026-08-05T05:51:00.248Z] [lib/fetch-bill-share-data.js] ERROR: node:internal/modules/cjs/loader:1031
  throw err;
  ^

Error: Cannot find module '/home/runner/work/liquiditydashboard/liquiditydashboard/web/lib/fetch-bill-share-data.js'
    at Function.Module._resolveFilename (node:internal/modules/cjs/loader:1028:15)
    at Function.Module._load (node:internal/modules/cjs/loader:873:27)
    at Function.executeUserEntryPoint [as runMain] (node:internal/modules/run_main:81:12)
    at node:internal/main/run_main_module:22:47 {
  code: 'MODULE_NOT_FOUND',
  requireStack: []
}
[2026-08-05T05:51:00.249Z] lib/fetch-bill-share-data.js failed with exit code 1
[2026-08-05T05:51:00.249Z] Running lib/cleanup-future-dates.js...
[2026-08-05T05:51:00.333Z] [lib/cleanup-future-dates.js] Starting data cleanup process...
[2026-08-05T05:51:00.549Z] [lib/cleanup-future-dates.js] WorldTimeAPI failed, trying alternative source
[2026-08-05T05:51:01.094Z] [lib/cleanup-future-dates.js] Using TimeAPI date: 2026-08-05T05:31:07.6005886
[2026-08-05T05:51:01.094Z] [lib/cleanup-future-dates.js] Using reference date: 2026-8-5

Processing MOVE index data (/home/runner/work/liquiditydashboard/liquiditydashboard/web/public/series/move.json)...
[2026-08-05T05:51:01.095Z] [lib/cleanup-future-dates.js] Loaded 111 MOVE index data points
[2026-08-05T05:51:01.095Z] [lib/cleanup-future-dates.js] No future-dated entries found in MOVE index data
[2026-08-05T05:51:01.095Z] [lib/cleanup-future-dates.js] Processing SRF data (/home/runner/work/liquiditydashboard/liquiditydashboard/web/public/series/srf.json)...
[2026-08-05T05:51:01.096Z] [lib/cleanup-future-dates.js] Loaded 1017 SRF data points
[2026-08-05T05:51:01.097Z] [lib/cleanup-future-dates.js] No future-dated entries found in SRF data
[2026-08-05T05:51:01.097Z] [lib/cleanup-future-dates.js] Processing Treasury bill share data (/home/runner/work/liquiditydashboard/liquiditydashboard/web/public/series/bill-share.json)...
[2026-08-05T05:51:01.097Z] [lib/cleanup-future-dates.js] Loaded 282 Treasury bill share data points
[2026-08-05T05:51:01.098Z] [lib/cleanup-future-dates.js] No future-dated entries found in Treasury bill share data
[2026-08-05T05:51:01.098Z] [lib/cleanup-future-dates.js] Cleanup complete! Removed 0 future-dated entries in total.
[2026-08-05T05:51:01.098Z] [lib/cleanup-future-dates.js] Data cleanup completed with no changes needed
[2026-08-05T05:51:01.101Z] lib/cleanup-future-dates.js completed successfully
[2026-08-05T05:51:01.101Z] Running lib/validate-data.js...
[2026-08-05T05:51:01.182Z] [lib/validate-data.js] Running data validation...
[2026-08-05T05:51:01.183Z] [lib/validate-data.js] Validating MOVE index data...
[2026-08-05T05:51:01.183Z] [lib/validate-data.js] Found 111 MOVE data points
[2026-08-05T05:51:01.219Z] [lib/validate-data.js] WorldTimeAPI failed, trying alternative source
[2026-08-05T05:51:01.644Z] [lib/validate-data.js] Using TimeAPI date: 2026-08-05T05:31:08.1498725
[2026-08-05T05:51:01.644Z] [lib/validate-data.js] Using reference date: 2026-8-5
[2026-08-05T05:51:01.645Z] [lib/validate-data.js] MOVE index data validation passed ✓
[2026-08-05T05:51:01.645Z] [lib/validate-data.js] Validating SRF data...
[2026-08-05T05:51:01.646Z] [lib/validate-data.js] Found 1017 SRF data points
[2026-08-05T05:51:01.720Z] [lib/validate-data.js] WorldTimeAPI failed, trying alternative source
[2026-08-05T05:51:02.150Z] [lib/validate-data.js] Using TimeAPI date: 2026-08-05T05:31:08.6608326
[2026-08-05T05:51:02.153Z] [lib/validate-data.js] SRF data validation passed ✓
[2026-08-05T05:51:02.153Z] [lib/validate-data.js] Validating Treasury funding data...
[2026-08-05T05:51:02.153Z] [lib/validate-data.js] Found 282 Treasury funding data points
[2026-08-05T05:51:02.154Z] [lib/validate-data.js] Treasury funding data validation passed ✓
[2026-08-05T05:51:02.154Z] [lib/validate-data.js] All data validation passed ✓
[2026-08-05T05:51:02.157Z] lib/validate-data.js completed successfully
[2026-08-05T05:51:02.157Z] Dashboard update process completed successfully
