[2026-09-13T08:11:44.898Z] Starting Liquidity Dashboard update process
[2026-09-13T08:11:44.900Z] Running lib/data-backup.js...
[2026-09-13T08:11:44.933Z] [lib/data-backup.js] ERROR: node:internal/modules/cjs/loader:1031
  throw err;
  ^

Error: Cannot find module '/home/runner/work/liquiditydashboard/liquiditydashboard/web/lib/data-backup.js'
    at Function.Module._resolveFilename (node:internal/modules/cjs/loader:1028:15)
    at Function.Module._load (node:internal/modules/cjs/loader:873:27)
    at Function.executeUserEntryPoint [as runMain] (node:internal/modules/run_main:81:12)
    at node:internal/main/run_main_module:22:47 {
  code: 'MODULE_NOT_FOUND',
  requireStack: []
}
[2026-09-13T08:11:44.936Z] lib/data-backup.js failed with exit code 1
[2026-09-13T08:11:44.936Z] Running lib/data-backup.js clean...
[2026-09-13T08:11:44.967Z] [lib/data-backup.js clean] ERROR: node:internal/modules/cjs/loader:1031
  throw err;
  ^

Error: Cannot find module '/home/runner/work/liquiditydashboard/liquiditydashboard/web/lib/data-backup.js'
    at Function.Module._resolveFilename (node:internal/modules/cjs/loader:1028:15)
    at Function.Module._load (node:internal/modules/cjs/loader:873:27)
    at Function.executeUserEntryPoint [as runMain] (node:internal/modules/run_main:81:12)
    at node:internal/main/run_main_module:22:47 {
  code: 'MODULE_NOT_FOUND',
  requireStack: []
}
[2026-09-13T08:11:44.969Z] lib/data-backup.js clean failed with exit code 1
[2026-09-13T08:11:44.969Z] Running lib/import-historical-move-data.js...
[2026-09-13T08:11:45.000Z] [lib/import-historical-move-data.js] ERROR: node:internal/modules/cjs/loader:1031
  throw err;
  ^

Error: Cannot find module '/home/runner/work/liquiditydashboard/liquiditydashboard/web/lib/import-historical-move-data.js'
    at Function.Module._resolveFilename (node:internal/modules/cjs/loader:1028:15)
    at Function.Module._load (node:internal/modules/cjs/loader:873:27)
    at Function.executeUserEntryPoint [as runMain] (node:internal/modules/run_main:81:12)
    at node:internal/main/run_main_module:22:47 {
  code: 'MODULE_NOT_FOUND',
  requireStack: []
}
[2026-09-13T08:11:45.002Z] lib/import-historical-move-data.js failed with exit code 1
[2026-09-13T08:11:45.002Z] Running lib/fetch-move-data.js...
[2026-09-13T08:11:45.038Z] [lib/fetch-move-data.js] ERROR: node:internal/modules/cjs/loader:1031
  throw err;
  ^

Error: Cannot find module '/home/runner/work/liquiditydashboard/liquiditydashboard/web/lib/fetch-move-data.js'
    at Function.Module._resolveFilename (node:internal/modules/cjs/loader:1028:15)
    at Function.Module._load (node:internal/modules/cjs/loader:873:27)
    at Function.executeUserEntryPoint [as runMain] (node:internal/modules/run_main:81:12)
    at node:internal/main/run_main_module:22:47 {
  code: 'MODULE_NOT_FOUND',
  requireStack: []
}
[2026-09-13T08:11:45.040Z] lib/fetch-move-data.js failed with exit code 1
[2026-09-13T08:11:45.041Z] Running lib/fetch-srf-data.js...
[2026-09-13T08:11:45.072Z] [lib/fetch-srf-data.js] ERROR: node:internal/modules/cjs/loader:1031
  throw err;
  ^

Error: Cannot find module '/home/runner/work/liquiditydashboard/liquiditydashboard/web/lib/fetch-srf-data.js'
    at Function.Module._resolveFilename (node:internal/modules/cjs/loader:1028:15)
    at Function.Module._load (node:internal/modules/cjs/loader:873:27)
    at Function.executeUserEntryPoint [as runMain] (node:internal/modules/run_main:81:12)
    at node:internal/main/run_main_module:22:47 {
  code: 'MODULE_NOT_FOUND',
  requireStack: []
}
[2026-09-13T08:11:45.075Z] lib/fetch-srf-data.js failed with exit code 1
[2026-09-13T08:11:45.075Z] Running lib/fetch-bill-share-data.js...
[2026-09-13T08:11:45.106Z] [lib/fetch-bill-share-data.js] ERROR: node:internal/modules/cjs/loader:1031
  throw err;
  ^

Error: Cannot find module '/home/runner/work/liquiditydashboard/liquiditydashboard/web/lib/fetch-bill-share-data.js'
    at Function.Module._resolveFilename (node:internal/modules/cjs/loader:1028:15)
    at Function.Module._load (node:internal/modules/cjs/loader:873:27)
    at Function.executeUserEntryPoint [as runMain] (node:internal/modules/run_main:81:12)
    at node:internal/main/run_main_module:22:47 {
  code: 'MODULE_NOT_FOUND',
  requireStack: []
}
[2026-09-13T08:11:45.108Z] lib/fetch-bill-share-data.js failed with exit code 1
[2026-09-13T08:11:45.109Z] Running lib/cleanup-future-dates.js...
[2026-09-13T08:11:45.196Z] [lib/cleanup-future-dates.js] Starting data cleanup process...
[2026-09-13T08:11:45.420Z] [lib/cleanup-future-dates.js] WorldTimeAPI failed, trying alternative source
[2026-09-13T08:11:46.282Z] [lib/cleanup-future-dates.js] Using TimeAPI date: 2026-09-13T08:11:46.2054522
[2026-09-13T08:11:46.282Z] [lib/cleanup-future-dates.js] Using reference date: 2026-9-13
[2026-09-13T08:11:46.282Z] [lib/cleanup-future-dates.js] Processing MOVE index data (/home/runner/work/liquiditydashboard/liquiditydashboard/web/public/series/move.json)...
[2026-09-13T08:11:46.282Z] [lib/cleanup-future-dates.js] Loaded 111 MOVE index data points
[2026-09-13T08:11:46.283Z] [lib/cleanup-future-dates.js] No future-dated entries found in MOVE index data
[2026-09-13T08:11:46.283Z] [lib/cleanup-future-dates.js] Processing SRF data (/home/runner/work/liquiditydashboard/liquiditydashboard/web/public/series/srf.json)...
[2026-09-13T08:11:46.283Z] [lib/cleanup-future-dates.js] Loaded 1017 SRF data points
[2026-09-13T08:11:46.284Z] [lib/cleanup-future-dates.js] No future-dated entries found in SRF data
[2026-09-13T08:11:46.285Z] [lib/cleanup-future-dates.js] Processing Treasury bill share data (/home/runner/work/liquiditydashboard/liquiditydashboard/web/public/series/bill-share.json)...
[2026-09-13T08:11:46.285Z] [lib/cleanup-future-dates.js] Loaded 282 Treasury bill share data points
[2026-09-13T08:11:46.285Z] [lib/cleanup-future-dates.js] No future-dated entries found in Treasury bill share data
[2026-09-13T08:11:46.285Z] [lib/cleanup-future-dates.js] Cleanup complete! Removed 0 future-dated entries in total.
Data cleanup completed with no changes needed
[2026-09-13T08:11:46.288Z] lib/cleanup-future-dates.js completed successfully
[2026-09-13T08:11:46.288Z] Running lib/validate-data.js...
[2026-09-13T08:11:46.373Z] [lib/validate-data.js] Running data validation...
[2026-09-13T08:11:46.374Z] [lib/validate-data.js] Validating MOVE index data...
[2026-09-13T08:11:46.374Z] [lib/validate-data.js] Found 111 MOVE data points
[2026-09-13T08:11:46.537Z] [lib/validate-data.js] WorldTimeAPI failed, trying alternative source
[2026-09-13T08:11:47.142Z] [lib/validate-data.js] Using TimeAPI date: 2026-09-13T08:11:47.0660849
[2026-09-13T08:11:47.142Z] [lib/validate-data.js] Using reference date: 2026-9-13
[2026-09-13T08:11:47.143Z] [lib/validate-data.js] MOVE index data validation passed ✓
[2026-09-13T08:11:47.143Z] [lib/validate-data.js] Validating SRF data...
[2026-09-13T08:11:47.144Z] [lib/validate-data.js] Found 1017 SRF data points
[2026-09-13T08:11:47.280Z] [lib/validate-data.js] WorldTimeAPI failed, trying alternative source
[2026-09-13T08:11:48.058Z] [lib/validate-data.js] Using TimeAPI date: 2026-09-13T08:11:47.9859199
[2026-09-13T08:11:48.060Z] [lib/validate-data.js] SRF data validation passed ✓
[2026-09-13T08:11:48.060Z] [lib/validate-data.js] Validating Treasury funding data...
[2026-09-13T08:11:48.061Z] [lib/validate-data.js] Found 282 Treasury funding data points
[2026-09-13T08:11:48.061Z] [lib/validate-data.js] Treasury funding data validation passed ✓
[2026-09-13T08:11:48.061Z] [lib/validate-data.js] All data validation passed ✓
[2026-09-13T08:11:48.064Z] lib/validate-data.js completed successfully
[2026-09-13T08:11:48.064Z] Dashboard update process completed successfully
