[2026-09-16T08:27:54.973Z] Starting Liquidity Dashboard update process
[2026-09-16T08:27:54.975Z] Running lib/data-backup.js...
[2026-09-16T08:27:55.006Z] [lib/data-backup.js] ERROR: node:internal/modules/cjs/loader:1031
  throw err;
  ^

Error: Cannot find module '/home/runner/work/liquiditydashboard/liquiditydashboard/web/lib/data-backup.js'
    at Function.Module._resolveFilename (node:internal/modules/cjs/loader:1028:15)
    at Function.Module._load (node:internal/modules/cjs/loader:873:27)
    at Function.executeUserEntryPoint [as runMain] (node:internal/modules/run_main:81:12)
    at node:internal/main/run_main_module:22:47 {
  code: 'MODULE_NOT_FOUND',
  requireStack: []
}
[2026-09-16T08:27:55.009Z] lib/data-backup.js failed with exit code 1
[2026-09-16T08:27:55.009Z] Running lib/data-backup.js clean...
[2026-09-16T08:27:55.039Z] [lib/data-backup.js clean] ERROR: node:internal/modules/cjs/loader:1031
  throw err;
  ^

Error: Cannot find module '/home/runner/work/liquiditydashboard/liquiditydashboard/web/lib/data-backup.js'
    at Function.Module._resolveFilename (node:internal/modules/cjs/loader:1028:15)
    at Function.Module._load (node:internal/modules/cjs/loader:873:27)
    at Function.executeUserEntryPoint [as runMain] (node:internal/modules/run_main:81:12)
    at node:internal/main/run_main_module:22:47 {
  code: 'MODULE_NOT_FOUND',
  requireStack: []
}
[2026-09-16T08:27:55.041Z] lib/data-backup.js clean failed with exit code 1
[2026-09-16T08:27:55.041Z] Running lib/import-historical-move-data.js...
[2026-09-16T08:27:55.070Z] [lib/import-historical-move-data.js] ERROR: node:internal/modules/cjs/loader:1031
  throw err;
  ^

Error: Cannot find module '/home/runner/work/liquiditydashboard/liquiditydashboard/web/lib/import-historical-move-data.js'
    at Function.Module._resolveFilename (node:internal/modules/cjs/loader:1028:15)
    at Function.Module._load (node:internal/modules/cjs/loader:873:27)
    at Function.executeUserEntryPoint [as runMain] (node:internal/modules/run_main:81:12)
    at node:internal/main/run_main_module:22:47 {
  code: 'MODULE_NOT_FOUND',
  requireStack: []
}
[2026-09-16T08:27:55.072Z] lib/import-historical-move-data.js failed with exit code 1
[2026-09-16T08:27:55.072Z] Running lib/fetch-move-data.js...
[2026-09-16T08:27:55.102Z] [lib/fetch-move-data.js] ERROR: node:internal/modules/cjs/loader:1031
  throw err;
  ^

Error: Cannot find module '/home/runner/work/liquiditydashboard/liquiditydashboard/web/lib/fetch-move-data.js'
    at Function.Module._resolveFilename (node:internal/modules/cjs/loader:1028:15)
    at Function.Module._load (node:internal/modules/cjs/loader:873:27)
    at Function.executeUserEntryPoint [as runMain] (node:internal/modules/run_main:81:12)
    at node:internal/main/run_main_module:22:47 {
  code: 'MODULE_NOT_FOUND',
  requireStack: []
}
[2026-09-16T08:27:55.104Z] lib/fetch-move-data.js failed with exit code 1
[2026-09-16T08:27:55.105Z] Running lib/fetch-srf-data.js...
[2026-09-16T08:27:55.135Z] [lib/fetch-srf-data.js] ERROR: node:internal/modules/cjs/loader:1031
  throw err;
  ^

Error: Cannot find module '/home/runner/work/liquiditydashboard/liquiditydashboard/web/lib/fetch-srf-data.js'
    at Function.Module._resolveFilename (node:internal/modules/cjs/loader:1028:15)
    at Function.Module._load (node:internal/modules/cjs/loader:873:27)
    at Function.executeUserEntryPoint [as runMain] (node:internal/modules/run_main:81:12)
    at node:internal/main/run_main_module:22:47 {
  code: 'MODULE_NOT_FOUND',
  requireStack: []
}
[2026-09-16T08:27:55.137Z] lib/fetch-srf-data.js failed with exit code 1
[2026-09-16T08:27:55.137Z] Running lib/fetch-bill-share-data.js...
[2026-09-16T08:27:55.166Z] [lib/fetch-bill-share-data.js] ERROR: node:internal/modules/cjs/loader:1031
  throw err;
  ^

Error: Cannot find module '/home/runner/work/liquiditydashboard/liquiditydashboard/web/lib/fetch-bill-share-data.js'
    at Function.Module._resolveFilename (node:internal/modules/cjs/loader:1028:15)
    at Function.Module._load (node:internal/modules/cjs/loader:873:27)
    at Function.executeUserEntryPoint [as runMain] (node:internal/modules/run_main:81:12)
    at node:internal/main/run_main_module:22:47 {
  code: 'MODULE_NOT_FOUND',
  requireStack: []
}
[2026-09-16T08:27:55.168Z] lib/fetch-bill-share-data.js failed with exit code 1
[2026-09-16T08:27:55.169Z] Running lib/cleanup-future-dates.js...
[2026-09-16T08:27:55.254Z] [lib/cleanup-future-dates.js] Starting data cleanup process...
[2026-09-16T08:27:55.534Z] [lib/cleanup-future-dates.js] WorldTimeAPI failed, trying alternative source
[2026-09-16T08:27:56.251Z] [lib/cleanup-future-dates.js] Using TimeAPI date: 2026-09-16T08:27:56.1622409
[2026-09-16T08:27:56.251Z] [lib/cleanup-future-dates.js] Using reference date: 2026-9-16
[2026-09-16T08:27:56.251Z] [lib/cleanup-future-dates.js] Processing MOVE index data (/home/runner/work/liquiditydashboard/liquiditydashboard/web/public/series/move.json)...
[2026-09-16T08:27:56.252Z] [lib/cleanup-future-dates.js] Loaded 111 MOVE index data points
[2026-09-16T08:27:56.252Z] [lib/cleanup-future-dates.js] No future-dated entries found in MOVE index data
[2026-09-16T08:27:56.252Z] [lib/cleanup-future-dates.js] Processing SRF data (/home/runner/work/liquiditydashboard/liquiditydashboard/web/public/series/srf.json)...
[2026-09-16T08:27:56.253Z] [lib/cleanup-future-dates.js] Loaded 1017 SRF data points
[2026-09-16T08:27:56.254Z] [lib/cleanup-future-dates.js] No future-dated entries found in SRF data
[2026-09-16T08:27:56.254Z] [lib/cleanup-future-dates.js] Processing Treasury bill share data (/home/runner/work/liquiditydashboard/liquiditydashboard/web/public/series/bill-share.json)...
[2026-09-16T08:27:56.254Z] [lib/cleanup-future-dates.js] Loaded 282 Treasury bill share data points
[2026-09-16T08:27:56.255Z] [lib/cleanup-future-dates.js] No future-dated entries found in Treasury bill share data
[2026-09-16T08:27:56.255Z] [lib/cleanup-future-dates.js] Cleanup complete! Removed 0 future-dated entries in total.
[2026-09-16T08:27:56.255Z] [lib/cleanup-future-dates.js] Data cleanup completed with no changes needed
[2026-09-16T08:27:56.258Z] lib/cleanup-future-dates.js completed successfully
[2026-09-16T08:27:56.258Z] Running lib/validate-data.js...
[2026-09-16T08:27:56.348Z] [lib/validate-data.js] Running data validation...
[2026-09-16T08:27:56.349Z] [lib/validate-data.js] Validating MOVE index data...
Found 111 MOVE data points
[2026-09-16T08:27:56.440Z] [lib/validate-data.js] WorldTimeAPI failed, trying alternative source
[2026-09-16T08:27:57.165Z] [lib/validate-data.js] Using TimeAPI date: 2026-09-16T08:27:57.0770963
[2026-09-16T08:27:57.165Z] [lib/validate-data.js] Using reference date: 2026-9-16
[2026-09-16T08:27:57.166Z] [lib/validate-data.js] MOVE index data validation passed ✓
[2026-09-16T08:27:57.166Z] [lib/validate-data.js] Validating SRF data...
[2026-09-16T08:27:57.167Z] [lib/validate-data.js] Found 1017 SRF data points
[2026-09-16T08:27:57.243Z] [lib/validate-data.js] WorldTimeAPI failed, trying alternative source
[2026-09-16T08:27:57.775Z] [lib/validate-data.js] Using TimeAPI date: 2026-09-16T08:27:57.692456
[2026-09-16T08:27:57.778Z] [lib/validate-data.js] SRF data validation passed ✓
[2026-09-16T08:27:57.778Z] [lib/validate-data.js] Validating Treasury funding data...
[2026-09-16T08:27:57.778Z] [lib/validate-data.js] Found 282 Treasury funding data points
[2026-09-16T08:27:57.778Z] [lib/validate-data.js] Treasury funding data validation passed ✓
[2026-09-16T08:27:57.778Z] [lib/validate-data.js] All data validation passed ✓
[2026-09-16T08:27:57.781Z] lib/validate-data.js completed successfully
[2026-09-16T08:27:57.781Z] Dashboard update process completed successfully
