[2026-08-08T04:14:49.193Z] Starting Liquidity Dashboard update process
[2026-08-08T04:14:49.194Z] Running lib/data-backup.js...
[2026-08-08T04:14:49.225Z] [lib/data-backup.js] ERROR: node:internal/modules/cjs/loader:1031
  throw err;
  ^

Error: Cannot find module '/home/runner/work/liquiditydashboard/liquiditydashboard/web/lib/data-backup.js'
    at Function.Module._resolveFilename (node:internal/modules/cjs/loader:1028:15)
    at Function.Module._load (node:internal/modules/cjs/loader:873:27)
    at Function.executeUserEntryPoint [as runMain] (node:internal/modules/run_main:81:12)
    at node:internal/main/run_main_module:22:47 {
  code: 'MODULE_NOT_FOUND',
  requireStack: []
}
[2026-08-08T04:14:49.228Z] lib/data-backup.js failed with exit code 1
[2026-08-08T04:14:49.228Z] Running lib/data-backup.js clean...
[2026-08-08T04:14:49.258Z] [lib/data-backup.js clean] ERROR: node:internal/modules/cjs/loader:1031
  throw err;
  ^

Error: Cannot find module '/home/runner/work/liquiditydashboard/liquiditydashboard/web/lib/data-backup.js'
    at Function.Module._resolveFilename (node:internal/modules/cjs/loader:1028:15)
    at Function.Module._load (node:internal/modules/cjs/loader:873:27)
    at Function.executeUserEntryPoint [as runMain] (node:internal/modules/run_main:81:12)
    at node:internal/main/run_main_module:22:47 {
  code: 'MODULE_NOT_FOUND',
  requireStack: []
}
[2026-08-08T04:14:49.260Z] lib/data-backup.js clean failed with exit code 1
[2026-08-08T04:14:49.260Z] Running lib/import-historical-move-data.js...
[2026-08-08T04:14:49.290Z] [lib/import-historical-move-data.js] ERROR: node:internal/modules/cjs/loader:1031
  throw err;
  ^

Error: Cannot find module '/home/runner/work/liquiditydashboard/liquiditydashboard/web/lib/import-historical-move-data.js'
    at Function.Module._resolveFilename (node:internal/modules/cjs/loader:1028:15)
    at Function.Module._load (node:internal/modules/cjs/loader:873:27)
    at Function.executeUserEntryPoint [as runMain] (node:internal/modules/run_main:81:12)
    at node:internal/main/run_main_module:22:47 {
  code: 'MODULE_NOT_FOUND',
  requireStack: []
}
[2026-08-08T04:14:49.291Z] lib/import-historical-move-data.js failed with exit code 1
[2026-08-08T04:14:49.291Z] Running lib/fetch-move-data.js...
[2026-08-08T04:14:49.321Z] [lib/fetch-move-data.js] ERROR: node:internal/modules/cjs/loader:1031
  throw err;
  ^

Error: Cannot find module '/home/runner/work/liquiditydashboard/liquiditydashboard/web/lib/fetch-move-data.js'
    at Function.Module._resolveFilename (node:internal/modules/cjs/loader:1028:15)
    at Function.Module._load (node:internal/modules/cjs/loader:873:27)
    at Function.executeUserEntryPoint [as runMain] (node:internal/modules/run_main:81:12)
    at node:internal/main/run_main_module:22:47 {
  code: 'MODULE_NOT_FOUND',
  requireStack: []
}
[2026-08-08T04:14:49.323Z] lib/fetch-move-data.js failed with exit code 1
[2026-08-08T04:14:49.324Z] Running lib/fetch-srf-data.js...
[2026-08-08T04:14:49.353Z] [lib/fetch-srf-data.js] ERROR: node:internal/modules/cjs/loader:1031
  throw err;
  ^

Error: Cannot find module '/home/runner/work/liquiditydashboard/liquiditydashboard/web/lib/fetch-srf-data.js'
    at Function.Module._resolveFilename (node:internal/modules/cjs/loader:1028:15)
    at Function.Module._load (node:internal/modules/cjs/loader:873:27)
    at Function.executeUserEntryPoint [as runMain] (node:internal/modules/run_main:81:12)
    at node:internal/main/run_main_module:22:47 {
  code: 'MODULE_NOT_FOUND',
  requireStack: []
}
[2026-08-08T04:14:49.356Z] lib/fetch-srf-data.js failed with exit code 1
[2026-08-08T04:14:49.356Z] Running lib/fetch-bill-share-data.js...
[2026-08-08T04:14:49.386Z] [lib/fetch-bill-share-data.js] ERROR: node:internal/modules/cjs/loader:1031
  throw err;
  ^

Error: Cannot find module '/home/runner/work/liquiditydashboard/liquiditydashboard/web/lib/fetch-bill-share-data.js'
    at Function.Module._resolveFilename (node:internal/modules/cjs/loader:1028:15)
    at Function.Module._load (node:internal/modules/cjs/loader:873:27)
    at Function.executeUserEntryPoint [as runMain] (node:internal/modules/run_main:81:12)
    at node:internal/main/run_main_module:22:47 {
  code: 'MODULE_NOT_FOUND',
  requireStack: []
}
[2026-08-08T04:14:49.387Z] lib/fetch-bill-share-data.js failed with exit code 1
[2026-08-08T04:14:49.388Z] Running lib/cleanup-future-dates.js...
[2026-08-08T04:14:49.480Z] [lib/cleanup-future-dates.js] Starting data cleanup process...
[2026-08-08T04:14:49.685Z] [lib/cleanup-future-dates.js] WorldTimeAPI failed, trying alternative source
[2026-08-08T04:14:50.273Z] [lib/cleanup-future-dates.js] Using TimeAPI date: 2026-08-08T03:52:50.6993068
[2026-08-08T04:14:50.273Z] [lib/cleanup-future-dates.js] Using reference date: 2026-8-8

Processing MOVE index data (/home/runner/work/liquiditydashboard/liquiditydashboard/web/public/series/move.json)...
[2026-08-08T04:14:50.274Z] [lib/cleanup-future-dates.js] Loaded 111 MOVE index data points
No future-dated entries found in MOVE index data

Processing SRF data (/home/runner/work/liquiditydashboard/liquiditydashboard/web/public/series/srf.json)...
Loaded 1017 SRF data points
[2026-08-08T04:14:50.275Z] [lib/cleanup-future-dates.js] No future-dated entries found in SRF data
[2026-08-08T04:14:50.275Z] [lib/cleanup-future-dates.js] Processing Treasury bill share data (/home/runner/work/liquiditydashboard/liquiditydashboard/web/public/series/bill-share.json)...
[2026-08-08T04:14:50.276Z] [lib/cleanup-future-dates.js] Loaded 282 Treasury bill share data points
[2026-08-08T04:14:50.276Z] [lib/cleanup-future-dates.js] No future-dated entries found in Treasury bill share data
[2026-08-08T04:14:50.276Z] [lib/cleanup-future-dates.js] Cleanup complete! Removed 0 future-dated entries in total.
Data cleanup completed with no changes needed
[2026-08-08T04:14:50.280Z] lib/cleanup-future-dates.js completed successfully
[2026-08-08T04:14:50.280Z] Running lib/validate-data.js...
[2026-08-08T04:14:50.364Z] [lib/validate-data.js] Running data validation...
[2026-08-08T04:14:50.364Z] [lib/validate-data.js] Validating MOVE index data...
[2026-08-08T04:14:50.365Z] [lib/validate-data.js] Found 111 MOVE data points
[2026-08-08T04:14:50.472Z] [lib/validate-data.js] WorldTimeAPI failed, trying alternative source
[2026-08-08T04:14:51.064Z] [lib/validate-data.js] Using TimeAPI date: 2026-08-08T03:52:51.487913
[2026-08-08T04:14:51.065Z] [lib/validate-data.js] Using reference date: 2026-8-8
[2026-08-08T04:14:51.065Z] [lib/validate-data.js] MOVE index data validation passed ✓
[2026-08-08T04:14:51.065Z] [lib/validate-data.js] Validating SRF data...
[2026-08-08T04:14:51.066Z] [lib/validate-data.js] Found 1017 SRF data points
[2026-08-08T04:14:51.124Z] [lib/validate-data.js] WorldTimeAPI failed, trying alternative source
[2026-08-08T04:14:51.703Z] [lib/validate-data.js] Using TimeAPI date: 2026-08-08T03:52:52.133488
[2026-08-08T04:14:51.705Z] [lib/validate-data.js] SRF data validation passed ✓
[2026-08-08T04:14:51.706Z] [lib/validate-data.js] Validating Treasury funding data...
[2026-08-08T04:14:51.706Z] [lib/validate-data.js] Found 282 Treasury funding data points
[2026-08-08T04:14:51.706Z] [lib/validate-data.js] Treasury funding data validation passed ✓
[2026-08-08T04:14:51.706Z] [lib/validate-data.js] All data validation passed ✓
[2026-08-08T04:14:51.709Z] lib/validate-data.js completed successfully
[2026-08-08T04:14:51.709Z] Dashboard update process completed successfully
