[2026-08-15T03:45:22.313Z] Starting Liquidity Dashboard update process
[2026-08-15T03:45:22.314Z] Running lib/data-backup.js...
[2026-08-15T03:45:22.343Z] [lib/data-backup.js] ERROR: node:internal/modules/cjs/loader:1031
  throw err;
  ^

Error: Cannot find module '/home/runner/work/liquiditydashboard/liquiditydashboard/web/lib/data-backup.js'
    at Function.Module._resolveFilename (node:internal/modules/cjs/loader:1028:15)
    at Function.Module._load (node:internal/modules/cjs/loader:873:27)
    at Function.executeUserEntryPoint [as runMain] (node:internal/modules/run_main:81:12)
    at node:internal/main/run_main_module:22:47 {
  code: 'MODULE_NOT_FOUND',
  requireStack: []
}
[2026-08-15T03:45:22.346Z] lib/data-backup.js failed with exit code 1
[2026-08-15T03:45:22.347Z] Running lib/data-backup.js clean...
[2026-08-15T03:45:22.374Z] [lib/data-backup.js clean] ERROR: node:internal/modules/cjs/loader:1031
  throw err;
  ^

Error: Cannot find module '/home/runner/work/liquiditydashboard/liquiditydashboard/web/lib/data-backup.js'
    at Function.Module._resolveFilename (node:internal/modules/cjs/loader:1028:15)
    at Function.Module._load (node:internal/modules/cjs/loader:873:27)
    at Function.executeUserEntryPoint [as runMain] (node:internal/modules/run_main:81:12)
    at node:internal/main/run_main_module:22:47 {
  code: 'MODULE_NOT_FOUND',
  requireStack: []
}
[2026-08-15T03:45:22.376Z] lib/data-backup.js clean failed with exit code 1
[2026-08-15T03:45:22.376Z] Running lib/import-historical-move-data.js...
[2026-08-15T03:45:22.404Z] [lib/import-historical-move-data.js] ERROR: node:internal/modules/cjs/loader:1031
  throw err;
  ^

Error: Cannot find module '/home/runner/work/liquiditydashboard/liquiditydashboard/web/lib/import-historical-move-data.js'
    at Function.Module._resolveFilename (node:internal/modules/cjs/loader:1028:15)
    at Function.Module._load (node:internal/modules/cjs/loader:873:27)
    at Function.executeUserEntryPoint [as runMain] (node:internal/modules/run_main:81:12)
    at node:internal/main/run_main_module:22:47 {
  code: 'MODULE_NOT_FOUND',
  requireStack: []
}
[2026-08-15T03:45:22.406Z] lib/import-historical-move-data.js failed with exit code 1
[2026-08-15T03:45:22.406Z] Running lib/fetch-move-data.js...
[2026-08-15T03:45:22.434Z] [lib/fetch-move-data.js] ERROR: node:internal/modules/cjs/loader:1031
  throw err;
  ^

Error: Cannot find module '/home/runner/work/liquiditydashboard/liquiditydashboard/web/lib/fetch-move-data.js'
    at Function.Module._resolveFilename (node:internal/modules/cjs/loader:1028:15)
    at Function.Module._load (node:internal/modules/cjs/loader:873:27)
    at Function.executeUserEntryPoint [as runMain] (node:internal/modules/run_main:81:12)
    at node:internal/main/run_main_module:22:47 {
  code: 'MODULE_NOT_FOUND',
  requireStack: []
}
[2026-08-15T03:45:22.435Z] lib/fetch-move-data.js failed with exit code 1
[2026-08-15T03:45:22.435Z] Running lib/fetch-srf-data.js...
[2026-08-15T03:45:22.464Z] [lib/fetch-srf-data.js] ERROR: node:internal/modules/cjs/loader:1031
  throw err;
  ^

Error: Cannot find module '/home/runner/work/liquiditydashboard/liquiditydashboard/web/lib/fetch-srf-data.js'
    at Function.Module._resolveFilename (node:internal/modules/cjs/loader:1028:15)
    at Function.Module._load (node:internal/modules/cjs/loader:873:27)
    at Function.executeUserEntryPoint [as runMain] (node:internal/modules/run_main:81:12)
    at node:internal/main/run_main_module:22:47 {
  code: 'MODULE_NOT_FOUND',
  requireStack: []
}
[2026-08-15T03:45:22.466Z] lib/fetch-srf-data.js failed with exit code 1
[2026-08-15T03:45:22.466Z] Running lib/fetch-bill-share-data.js...
[2026-08-15T03:45:22.495Z] [lib/fetch-bill-share-data.js] ERROR: node:internal/modules/cjs/loader:1031
  throw err;
  ^

Error: Cannot find module '/home/runner/work/liquiditydashboard/liquiditydashboard/web/lib/fetch-bill-share-data.js'
    at Function.Module._resolveFilename (node:internal/modules/cjs/loader:1028:15)
    at Function.Module._load (node:internal/modules/cjs/loader:873:27)
    at Function.executeUserEntryPoint [as runMain] (node:internal/modules/run_main:81:12)
    at node:internal/main/run_main_module:22:47 {
  code: 'MODULE_NOT_FOUND',
  requireStack: []
}
[2026-08-15T03:45:22.497Z] lib/fetch-bill-share-data.js failed with exit code 1
[2026-08-15T03:45:22.497Z] Running lib/cleanup-future-dates.js...
[2026-08-15T03:45:22.581Z] [lib/cleanup-future-dates.js] Starting data cleanup process...
[2026-08-15T03:45:22.798Z] [lib/cleanup-future-dates.js] WorldTimeAPI failed, trying alternative source
[2026-08-15T03:45:23.333Z] [lib/cleanup-future-dates.js] Using TimeAPI date: 2026-08-15T03:18:24.1304414
[2026-08-15T03:45:23.333Z] [lib/cleanup-future-dates.js] Using reference date: 2026-8-15
[2026-08-15T03:45:23.333Z] [lib/cleanup-future-dates.js] Processing MOVE index data (/home/runner/work/liquiditydashboard/liquiditydashboard/web/public/series/move.json)...
[2026-08-15T03:45:23.333Z] [lib/cleanup-future-dates.js] Loaded 111 MOVE index data points
[2026-08-15T03:45:23.334Z] [lib/cleanup-future-dates.js] No future-dated entries found in MOVE index data
[2026-08-15T03:45:23.334Z] [lib/cleanup-future-dates.js] Processing SRF data (/home/runner/work/liquiditydashboard/liquiditydashboard/web/public/series/srf.json)...
[2026-08-15T03:45:23.334Z] [lib/cleanup-future-dates.js] Loaded 1017 SRF data points
[2026-08-15T03:45:23.335Z] [lib/cleanup-future-dates.js] No future-dated entries found in SRF data
[2026-08-15T03:45:23.336Z] [lib/cleanup-future-dates.js] Processing Treasury bill share data (/home/runner/work/liquiditydashboard/liquiditydashboard/web/public/series/bill-share.json)...
[2026-08-15T03:45:23.336Z] [lib/cleanup-future-dates.js] Loaded 282 Treasury bill share data points
[2026-08-15T03:45:23.336Z] [lib/cleanup-future-dates.js] No future-dated entries found in Treasury bill share data
[2026-08-15T03:45:23.336Z] [lib/cleanup-future-dates.js] Cleanup complete! Removed 0 future-dated entries in total.
Data cleanup completed with no changes needed
[2026-08-15T03:45:23.339Z] lib/cleanup-future-dates.js completed successfully
[2026-08-15T03:45:23.339Z] Running lib/validate-data.js...
[2026-08-15T03:45:23.419Z] [lib/validate-data.js] Running data validation...
[2026-08-15T03:45:23.420Z] [lib/validate-data.js] Validating MOVE index data...
[2026-08-15T03:45:23.420Z] [lib/validate-data.js] Found 111 MOVE data points
[2026-08-15T03:45:23.504Z] [lib/validate-data.js] WorldTimeAPI failed, trying alternative source
[2026-08-15T03:45:23.923Z] [lib/validate-data.js] Using TimeAPI date: 2026-08-15T03:18:24.7195695
[2026-08-15T03:45:23.923Z] [lib/validate-data.js] Using reference date: 2026-8-15
[2026-08-15T03:45:23.924Z] [lib/validate-data.js] MOVE index data validation passed ✓
[2026-08-15T03:45:23.924Z] [lib/validate-data.js] Validating SRF data...
[2026-08-15T03:45:23.924Z] [lib/validate-data.js] Found 1017 SRF data points
[2026-08-15T03:45:24.004Z] [lib/validate-data.js] WorldTimeAPI failed, trying alternative source
[2026-08-15T03:45:24.424Z] [lib/validate-data.js] Using TimeAPI date: 2026-08-15T03:18:25.2257008
[2026-08-15T03:45:24.426Z] [lib/validate-data.js] SRF data validation passed ✓
[2026-08-15T03:45:24.426Z] [lib/validate-data.js] Validating Treasury funding data...
[2026-08-15T03:45:24.427Z] [lib/validate-data.js] Found 282 Treasury funding data points
[2026-08-15T03:45:24.427Z] [lib/validate-data.js] Treasury funding data validation passed ✓
[2026-08-15T03:45:24.427Z] [lib/validate-data.js] All data validation passed ✓
[2026-08-15T03:45:24.430Z] lib/validate-data.js completed successfully
[2026-08-15T03:45:24.430Z] Dashboard update process completed successfully
