[2026-09-06T07:48:05.047Z] Starting Liquidity Dashboard update process
[2026-09-06T07:48:05.048Z] Running lib/data-backup.js...
[2026-09-06T07:48:05.072Z] [lib/data-backup.js] ERROR: node:internal/modules/cjs/loader:1031
  throw err;
  ^

Error: Cannot find module '/home/runner/work/liquiditydashboard/liquiditydashboard/web/lib/data-backup.js'
    at Function.Module._resolveFilename (node:internal/modules/cjs/loader:1028:15)
    at Function.Module._load (node:internal/modules/cjs/loader:873:27)
    at Function.executeUserEntryPoint [as runMain] (node:internal/modules/run_main:81:12)
    at node:internal/main/run_main_module:22:47 {
  code: 'MODULE_NOT_FOUND',
  requireStack: []
}
[2026-09-06T07:48:05.074Z] lib/data-backup.js failed with exit code 1
[2026-09-06T07:48:05.074Z] Running lib/data-backup.js clean...
[2026-09-06T07:48:05.096Z] [lib/data-backup.js clean] ERROR: node:internal/modules/cjs/loader:1031
  throw err;
  ^

Error: Cannot find module '/home/runner/work/liquiditydashboard/liquiditydashboard/web/lib/data-backup.js'
    at Function.Module._resolveFilename (node:internal/modules/cjs/loader:1028:15)
    at Function.Module._load (node:internal/modules/cjs/loader:873:27)
    at Function.executeUserEntryPoint [as runMain] (node:internal/modules/run_main:81:12)
    at node:internal/main/run_main_module:22:47 {
  code: 'MODULE_NOT_FOUND',
  requireStack: []
}
[2026-09-06T07:48:05.098Z] lib/data-backup.js clean failed with exit code 1
[2026-09-06T07:48:05.098Z] Running lib/import-historical-move-data.js...
[2026-09-06T07:48:05.121Z] [lib/import-historical-move-data.js] ERROR: node:internal/modules/cjs/loader:1031
  throw err;
  ^

Error: Cannot find module '/home/runner/work/liquiditydashboard/liquiditydashboard/web/lib/import-historical-move-data.js'
    at Function.Module._resolveFilename (node:internal/modules/cjs/loader:1028:15)
    at Function.Module._load (node:internal/modules/cjs/loader:873:27)
    at Function.executeUserEntryPoint [as runMain] (node:internal/modules/run_main:81:12)
    at node:internal/main/run_main_module:22:47 {
  code: 'MODULE_NOT_FOUND',
  requireStack: []
}
[2026-09-06T07:48:05.122Z] lib/import-historical-move-data.js failed with exit code 1
[2026-09-06T07:48:05.122Z] Running lib/fetch-move-data.js...
[2026-09-06T07:48:05.144Z] [lib/fetch-move-data.js] ERROR: node:internal/modules/cjs/loader:1031
  throw err;
  ^

Error: Cannot find module '/home/runner/work/liquiditydashboard/liquiditydashboard/web/lib/fetch-move-data.js'
    at Function.Module._resolveFilename (node:internal/modules/cjs/loader:1028:15)
    at Function.Module._load (node:internal/modules/cjs/loader:873:27)
    at Function.executeUserEntryPoint [as runMain] (node:internal/modules/run_main:81:12)
    at node:internal/main/run_main_module:22:47 {
  code: 'MODULE_NOT_FOUND',
  requireStack: []
}
[2026-09-06T07:48:05.145Z] lib/fetch-move-data.js failed with exit code 1
[2026-09-06T07:48:05.145Z] Running lib/fetch-srf-data.js...
[2026-09-06T07:48:05.168Z] [lib/fetch-srf-data.js] ERROR: node:internal/modules/cjs/loader:1031
  throw err;
  ^

Error: Cannot find module '/home/runner/work/liquiditydashboard/liquiditydashboard/web/lib/fetch-srf-data.js'
    at Function.Module._resolveFilename (node:internal/modules/cjs/loader:1028:15)
    at Function.Module._load (node:internal/modules/cjs/loader:873:27)
    at Function.executeUserEntryPoint [as runMain] (node:internal/modules/run_main:81:12)
    at node:internal/main/run_main_module:22:47 {
  code: 'MODULE_NOT_FOUND',
  requireStack: []
}
[2026-09-06T07:48:05.169Z] lib/fetch-srf-data.js failed with exit code 1
[2026-09-06T07:48:05.169Z] Running lib/fetch-bill-share-data.js...
[2026-09-06T07:48:05.191Z] [lib/fetch-bill-share-data.js] ERROR: node:internal/modules/cjs/loader:1031
  throw err;
  ^

Error: Cannot find module '/home/runner/work/liquiditydashboard/liquiditydashboard/web/lib/fetch-bill-share-data.js'
    at Function.Module._resolveFilename (node:internal/modules/cjs/loader:1028:15)
    at Function.Module._load (node:internal/modules/cjs/loader:873:27)
    at Function.executeUserEntryPoint [as runMain] (node:internal/modules/run_main:81:12)
    at node:internal/main/run_main_module:22:47 {
  code: 'MODULE_NOT_FOUND',
  requireStack: []
}
[2026-09-06T07:48:05.192Z] lib/fetch-bill-share-data.js failed with exit code 1
[2026-09-06T07:48:05.192Z] Running lib/cleanup-future-dates.js...
[2026-09-06T07:48:05.258Z] [lib/cleanup-future-dates.js] Starting data cleanup process...
[2026-09-06T07:48:05.525Z] [lib/cleanup-future-dates.js] WorldTimeAPI failed, trying alternative source
[2026-09-06T07:48:06.064Z] [lib/cleanup-future-dates.js] Using TimeAPI date: 2026-09-06T07:48:06.0001747
[2026-09-06T07:48:06.065Z] [lib/cleanup-future-dates.js] Using reference date: 2026-9-6
[2026-09-06T07:48:06.065Z] [lib/cleanup-future-dates.js] Processing MOVE index data (/home/runner/work/liquiditydashboard/liquiditydashboard/web/public/series/move.json)...
[2026-09-06T07:48:06.065Z] [lib/cleanup-future-dates.js] Loaded 111 MOVE index data points
[2026-09-06T07:48:06.065Z] [lib/cleanup-future-dates.js] No future-dated entries found in MOVE index data
[2026-09-06T07:48:06.065Z] [lib/cleanup-future-dates.js] Processing SRF data (/home/runner/work/liquiditydashboard/liquiditydashboard/web/public/series/srf.json)...
[2026-09-06T07:48:06.066Z] [lib/cleanup-future-dates.js] Loaded 1017 SRF data points
[2026-09-06T07:48:06.066Z] [lib/cleanup-future-dates.js] No future-dated entries found in SRF data
[2026-09-06T07:48:06.066Z] [lib/cleanup-future-dates.js] Processing Treasury bill share data (/home/runner/work/liquiditydashboard/liquiditydashboard/web/public/series/bill-share.json)...
[2026-09-06T07:48:06.067Z] [lib/cleanup-future-dates.js] Loaded 282 Treasury bill share data points
[2026-09-06T07:48:06.067Z] [lib/cleanup-future-dates.js] No future-dated entries found in Treasury bill share data
[2026-09-06T07:48:06.067Z] [lib/cleanup-future-dates.js] Cleanup complete! Removed 0 future-dated entries in total.
[2026-09-06T07:48:06.067Z] [lib/cleanup-future-dates.js] Data cleanup completed with no changes needed
[2026-09-06T07:48:06.069Z] lib/cleanup-future-dates.js completed successfully
[2026-09-06T07:48:06.069Z] Running lib/validate-data.js...
[2026-09-06T07:48:06.133Z] [lib/validate-data.js] Running data validation...
[2026-09-06T07:48:06.133Z] [lib/validate-data.js] Validating MOVE index data...
[2026-09-06T07:48:06.133Z] [lib/validate-data.js] Found 111 MOVE data points
[2026-09-06T07:48:06.289Z] [lib/validate-data.js] WorldTimeAPI failed, trying alternative source
[2026-09-06T07:48:06.830Z] [lib/validate-data.js] Using TimeAPI date: 2026-09-06T07:48:06.7659057
Using reference date: 2026-9-6
[2026-09-06T07:48:06.831Z] [lib/validate-data.js] MOVE index data validation passed ✓
Validating SRF data...
[2026-09-06T07:48:06.831Z] [lib/validate-data.js] Found 1017 SRF data points
[2026-09-06T07:48:06.984Z] [lib/validate-data.js] WorldTimeAPI failed, trying alternative source
[2026-09-06T07:48:07.384Z] [lib/validate-data.js] Using TimeAPI date: 2026-09-06T07:48:07.3209125
[2026-09-06T07:48:07.386Z] [lib/validate-data.js] SRF data validation passed ✓
[2026-09-06T07:48:07.387Z] [lib/validate-data.js] Validating Treasury funding data...
[2026-09-06T07:48:07.387Z] [lib/validate-data.js] Found 282 Treasury funding data points
Treasury funding data validation passed ✓
All data validation passed ✓
[2026-09-06T07:48:07.391Z] lib/validate-data.js completed successfully
[2026-09-06T07:48:07.391Z] Dashboard update process completed successfully
