[2026-07-31T06:18:19.155Z] Starting Liquidity Dashboard update process
[2026-07-31T06:18:19.156Z] Running lib/data-backup.js...
[2026-07-31T06:18:19.187Z] [lib/data-backup.js] ERROR: node:internal/modules/cjs/loader:1031
  throw err;
  ^

Error: Cannot find module '/home/runner/work/liquiditydashboard/liquiditydashboard/web/lib/data-backup.js'
    at Function.Module._resolveFilename (node:internal/modules/cjs/loader:1028:15)
    at Function.Module._load (node:internal/modules/cjs/loader:873:27)
    at Function.executeUserEntryPoint [as runMain] (node:internal/modules/run_main:81:12)
    at node:internal/main/run_main_module:22:47 {
  code: 'MODULE_NOT_FOUND',
  requireStack: []
}
[2026-07-31T06:18:19.189Z] lib/data-backup.js failed with exit code 1
[2026-07-31T06:18:19.190Z] Running lib/data-backup.js clean...
[2026-07-31T06:18:19.219Z] [lib/data-backup.js clean] ERROR: node:internal/modules/cjs/loader:1031
  throw err;
  ^

Error: Cannot find module '/home/runner/work/liquiditydashboard/liquiditydashboard/web/lib/data-backup.js'
    at Function.Module._resolveFilename (node:internal/modules/cjs/loader:1028:15)
    at Function.Module._load (node:internal/modules/cjs/loader:873:27)
    at Function.executeUserEntryPoint [as runMain] (node:internal/modules/run_main:81:12)
    at node:internal/main/run_main_module:22:47 {
  code: 'MODULE_NOT_FOUND',
  requireStack: []
}
[2026-07-31T06:18:19.221Z] lib/data-backup.js clean failed with exit code 1
[2026-07-31T06:18:19.222Z] Running lib/import-historical-move-data.js...
[2026-07-31T06:18:19.251Z] [lib/import-historical-move-data.js] ERROR: node:internal/modules/cjs/loader:1031
  throw err;
  ^

Error: Cannot find module '/home/runner/work/liquiditydashboard/liquiditydashboard/web/lib/import-historical-move-data.js'
    at Function.Module._resolveFilename (node:internal/modules/cjs/loader:1028:15)
    at Function.Module._load (node:internal/modules/cjs/loader:873:27)
    at Function.executeUserEntryPoint [as runMain] (node:internal/modules/run_main:81:12)
    at node:internal/main/run_main_module:22:47 {
  code: 'MODULE_NOT_FOUND',
  requireStack: []
}
[2026-07-31T06:18:19.253Z] lib/import-historical-move-data.js failed with exit code 1
[2026-07-31T06:18:19.253Z] Running lib/fetch-move-data.js...
[2026-07-31T06:18:19.283Z] [lib/fetch-move-data.js] ERROR: node:internal/modules/cjs/loader:1031
  throw err;
  ^

Error: Cannot find module '/home/runner/work/liquiditydashboard/liquiditydashboard/web/lib/fetch-move-data.js'
    at Function.Module._resolveFilename (node:internal/modules/cjs/loader:1028:15)
    at Function.Module._load (node:internal/modules/cjs/loader:873:27)
    at Function.executeUserEntryPoint [as runMain] (node:internal/modules/run_main:81:12)
    at node:internal/main/run_main_module:22:47 {
  code: 'MODULE_NOT_FOUND',
  requireStack: []
}
[2026-07-31T06:18:19.285Z] lib/fetch-move-data.js failed with exit code 1
[2026-07-31T06:18:19.285Z] Running lib/fetch-srf-data.js...
[2026-07-31T06:18:19.315Z] [lib/fetch-srf-data.js] ERROR: node:internal/modules/cjs/loader:1031
  throw err;
  ^

Error: Cannot find module '/home/runner/work/liquiditydashboard/liquiditydashboard/web/lib/fetch-srf-data.js'
    at Function.Module._resolveFilename (node:internal/modules/cjs/loader:1028:15)
    at Function.Module._load (node:internal/modules/cjs/loader:873:27)
    at Function.executeUserEntryPoint [as runMain] (node:internal/modules/run_main:81:12)
    at node:internal/main/run_main_module:22:47 {
  code: 'MODULE_NOT_FOUND',
  requireStack: []
}
[2026-07-31T06:18:19.318Z] lib/fetch-srf-data.js failed with exit code 1
[2026-07-31T06:18:19.318Z] Running lib/fetch-bill-share-data.js...
[2026-07-31T06:18:19.349Z] [lib/fetch-bill-share-data.js] ERROR: node:internal/modules/cjs/loader:1031
  throw err;
  ^

Error: Cannot find module '/home/runner/work/liquiditydashboard/liquiditydashboard/web/lib/fetch-bill-share-data.js'
    at Function.Module._resolveFilename (node:internal/modules/cjs/loader:1028:15)
    at Function.Module._load (node:internal/modules/cjs/loader:873:27)
    at Function.executeUserEntryPoint [as runMain] (node:internal/modules/run_main:81:12)
    at node:internal/main/run_main_module:22:47 {
  code: 'MODULE_NOT_FOUND',
  requireStack: []
}
[2026-07-31T06:18:19.351Z] lib/fetch-bill-share-data.js failed with exit code 1
[2026-07-31T06:18:19.352Z] Running lib/cleanup-future-dates.js...
[2026-07-31T06:18:19.437Z] [lib/cleanup-future-dates.js] Starting data cleanup process...
[2026-07-31T06:18:19.724Z] [lib/cleanup-future-dates.js] WorldTimeAPI failed, trying alternative source
[2026-07-31T06:18:20.339Z] [lib/cleanup-future-dates.js] Using TimeAPI date: 2026-07-31T06:02:00.855699
[2026-07-31T06:18:20.339Z] [lib/cleanup-future-dates.js] Using reference date: 2026-7-31
[2026-07-31T06:18:20.339Z] [lib/cleanup-future-dates.js] Processing MOVE index data (/home/runner/work/liquiditydashboard/liquiditydashboard/web/public/series/move.json)...
[2026-07-31T06:18:20.339Z] [lib/cleanup-future-dates.js] Loaded 111 MOVE index data points
[2026-07-31T06:18:20.340Z] [lib/cleanup-future-dates.js] No future-dated entries found in MOVE index data
[2026-07-31T06:18:20.340Z] [lib/cleanup-future-dates.js] Processing SRF data (/home/runner/work/liquiditydashboard/liquiditydashboard/web/public/series/srf.json)...
[2026-07-31T06:18:20.340Z] [lib/cleanup-future-dates.js] Loaded 1017 SRF data points
[2026-07-31T06:18:20.341Z] [lib/cleanup-future-dates.js] No future-dated entries found in SRF data
[2026-07-31T06:18:20.342Z] [lib/cleanup-future-dates.js] Processing Treasury bill share data (/home/runner/work/liquiditydashboard/liquiditydashboard/web/public/series/bill-share.json)...
[2026-07-31T06:18:20.342Z] [lib/cleanup-future-dates.js] Loaded 282 Treasury bill share data points
[2026-07-31T06:18:20.342Z] [lib/cleanup-future-dates.js] No future-dated entries found in Treasury bill share data
[2026-07-31T06:18:20.343Z] [lib/cleanup-future-dates.js] Cleanup complete! Removed 0 future-dated entries in total.
Data cleanup completed with no changes needed
[2026-07-31T06:18:20.345Z] lib/cleanup-future-dates.js completed successfully
[2026-07-31T06:18:20.346Z] Running lib/validate-data.js...
[2026-07-31T06:18:20.429Z] [lib/validate-data.js] Running data validation...
[2026-07-31T06:18:20.429Z] [lib/validate-data.js] Validating MOVE index data...
[2026-07-31T06:18:20.430Z] [lib/validate-data.js] Found 111 MOVE data points
[2026-07-31T06:18:20.563Z] [lib/validate-data.js] WorldTimeAPI failed, trying alternative source
[2026-07-31T06:18:21.325Z] [lib/validate-data.js] Using TimeAPI date: 2026-07-31T06:02:01.8433987
[2026-07-31T06:18:21.325Z] [lib/validate-data.js] Using reference date: 2026-7-31
[2026-07-31T06:18:21.326Z] [lib/validate-data.js] MOVE index data validation passed ✓
[2026-07-31T06:18:21.326Z] [lib/validate-data.js] Validating SRF data...
[2026-07-31T06:18:21.327Z] [lib/validate-data.js] Found 1017 SRF data points
[2026-07-31T06:18:21.434Z] [lib/validate-data.js] WorldTimeAPI failed, trying alternative source
[2026-07-31T06:18:22.776Z] [lib/validate-data.js] Using TimeAPI date: 2026-07-31T06:02:03.2967957
[2026-07-31T06:18:22.778Z] [lib/validate-data.js] SRF data validation passed ✓
[2026-07-31T06:18:22.778Z] [lib/validate-data.js] Validating Treasury funding data...
[2026-07-31T06:18:22.779Z] [lib/validate-data.js] Found 282 Treasury funding data points
[2026-07-31T06:18:22.779Z] [lib/validate-data.js] Treasury funding data validation passed ✓
[2026-07-31T06:18:22.779Z] [lib/validate-data.js] All data validation passed ✓
[2026-07-31T06:18:22.782Z] lib/validate-data.js completed successfully
[2026-07-31T06:18:22.782Z] Dashboard update process completed successfully
