[2026-09-19T07:57:17.204Z] Starting Liquidity Dashboard update process
[2026-09-19T07:57:17.205Z] Running lib/data-backup.js...
[2026-09-19T07:57:17.231Z] [lib/data-backup.js] ERROR: node:internal/modules/cjs/loader:1031
  throw err;
  ^

Error: Cannot find module '/home/runner/work/liquiditydashboard/liquiditydashboard/web/lib/data-backup.js'
    at Function.Module._resolveFilename (node:internal/modules/cjs/loader:1028:15)
    at Function.Module._load (node:internal/modules/cjs/loader:873:27)
    at Function.executeUserEntryPoint [as runMain] (node:internal/modules/run_main:81:12)
    at node:internal/main/run_main_module:22:47 {
  code: 'MODULE_NOT_FOUND',
  requireStack: []
}
[2026-09-19T07:57:17.233Z] lib/data-backup.js failed with exit code 1
[2026-09-19T07:57:17.233Z] Running lib/data-backup.js clean...
[2026-09-19T07:57:17.257Z] [lib/data-backup.js clean] ERROR: node:internal/modules/cjs/loader:1031
  throw err;
  ^

Error: Cannot find module '/home/runner/work/liquiditydashboard/liquiditydashboard/web/lib/data-backup.js'
    at Function.Module._resolveFilename (node:internal/modules/cjs/loader:1028:15)
    at Function.Module._load (node:internal/modules/cjs/loader:873:27)
    at Function.executeUserEntryPoint [as runMain] (node:internal/modules/run_main:81:12)
    at node:internal/main/run_main_module:22:47 {
  code: 'MODULE_NOT_FOUND',
  requireStack: []
}
[2026-09-19T07:57:17.258Z] lib/data-backup.js clean failed with exit code 1
[2026-09-19T07:57:17.259Z] Running lib/import-historical-move-data.js...
[2026-09-19T07:57:17.283Z] [lib/import-historical-move-data.js] ERROR: node:internal/modules/cjs/loader:1031
  throw err;
  ^

Error: Cannot find module '/home/runner/work/liquiditydashboard/liquiditydashboard/web/lib/import-historical-move-data.js'
    at Function.Module._resolveFilename (node:internal/modules/cjs/loader:1028:15)
    at Function.Module._load (node:internal/modules/cjs/loader:873:27)
    at Function.executeUserEntryPoint [as runMain] (node:internal/modules/run_main:81:12)
    at node:internal/main/run_main_module:22:47 {
  code: 'MODULE_NOT_FOUND',
  requireStack: []
}
[2026-09-19T07:57:17.284Z] lib/import-historical-move-data.js failed with exit code 1
[2026-09-19T07:57:17.285Z] Running lib/fetch-move-data.js...
[2026-09-19T07:57:17.310Z] [lib/fetch-move-data.js] ERROR: node:internal/modules/cjs/loader:1031
  throw err;
  ^

Error: Cannot find module '/home/runner/work/liquiditydashboard/liquiditydashboard/web/lib/fetch-move-data.js'
    at Function.Module._resolveFilename (node:internal/modules/cjs/loader:1028:15)
    at Function.Module._load (node:internal/modules/cjs/loader:873:27)
    at Function.executeUserEntryPoint [as runMain] (node:internal/modules/run_main:81:12)
    at node:internal/main/run_main_module:22:47 {
  code: 'MODULE_NOT_FOUND',
  requireStack: []
}
[2026-09-19T07:57:17.311Z] lib/fetch-move-data.js failed with exit code 1
[2026-09-19T07:57:17.311Z] Running lib/fetch-srf-data.js...
[2026-09-19T07:57:17.336Z] [lib/fetch-srf-data.js] ERROR: node:internal/modules/cjs/loader:1031
  throw err;
  ^

Error: Cannot find module '/home/runner/work/liquiditydashboard/liquiditydashboard/web/lib/fetch-srf-data.js'
    at Function.Module._resolveFilename (node:internal/modules/cjs/loader:1028:15)
    at Function.Module._load (node:internal/modules/cjs/loader:873:27)
    at Function.executeUserEntryPoint [as runMain] (node:internal/modules/run_main:81:12)
    at node:internal/main/run_main_module:22:47 {
  code: 'MODULE_NOT_FOUND',
  requireStack: []
}
[2026-09-19T07:57:17.337Z] lib/fetch-srf-data.js failed with exit code 1
[2026-09-19T07:57:17.337Z] Running lib/fetch-bill-share-data.js...
[2026-09-19T07:57:17.362Z] [lib/fetch-bill-share-data.js] ERROR: node:internal/modules/cjs/loader:1031
  throw err;
  ^

Error: Cannot find module '/home/runner/work/liquiditydashboard/liquiditydashboard/web/lib/fetch-bill-share-data.js'
    at Function.Module._resolveFilename (node:internal/modules/cjs/loader:1028:15)
    at Function.Module._load (node:internal/modules/cjs/loader:873:27)
    at Function.executeUserEntryPoint [as runMain] (node:internal/modules/run_main:81:12)
    at node:internal/main/run_main_module:22:47 {
  code: 'MODULE_NOT_FOUND',
  requireStack: []
}
[2026-09-19T07:57:17.364Z] lib/fetch-bill-share-data.js failed with exit code 1
[2026-09-19T07:57:17.364Z] Running lib/cleanup-future-dates.js...
[2026-09-19T07:57:17.431Z] [lib/cleanup-future-dates.js] Starting data cleanup process...
[2026-09-19T07:57:17.780Z] [lib/cleanup-future-dates.js] WorldTimeAPI failed, trying alternative source
[2026-09-19T07:57:18.537Z] [lib/cleanup-future-dates.js] Using TimeAPI date: 2026-09-19T07:57:18.4673037
[2026-09-19T07:57:18.538Z] [lib/cleanup-future-dates.js] Using reference date: 2026-9-19

Processing MOVE index data (/home/runner/work/liquiditydashboard/liquiditydashboard/web/public/series/move.json)...
[2026-09-19T07:57:18.538Z] [lib/cleanup-future-dates.js] Loaded 111 MOVE index data points
[2026-09-19T07:57:18.538Z] [lib/cleanup-future-dates.js] No future-dated entries found in MOVE index data
[2026-09-19T07:57:18.538Z] [lib/cleanup-future-dates.js] Processing SRF data (/home/runner/work/liquiditydashboard/liquiditydashboard/web/public/series/srf.json)...
[2026-09-19T07:57:18.539Z] [lib/cleanup-future-dates.js] Loaded 1017 SRF data points
[2026-09-19T07:57:18.540Z] [lib/cleanup-future-dates.js] No future-dated entries found in SRF data
[2026-09-19T07:57:18.540Z] [lib/cleanup-future-dates.js] Processing Treasury bill share data (/home/runner/work/liquiditydashboard/liquiditydashboard/web/public/series/bill-share.json)...
[2026-09-19T07:57:18.540Z] [lib/cleanup-future-dates.js] Loaded 282 Treasury bill share data points
[2026-09-19T07:57:18.540Z] [lib/cleanup-future-dates.js] No future-dated entries found in Treasury bill share data
[2026-09-19T07:57:18.540Z] [lib/cleanup-future-dates.js] Cleanup complete! Removed 0 future-dated entries in total.
[2026-09-19T07:57:18.540Z] [lib/cleanup-future-dates.js] Data cleanup completed with no changes needed
[2026-09-19T07:57:18.543Z] lib/cleanup-future-dates.js completed successfully
[2026-09-19T07:57:18.543Z] Running lib/validate-data.js...
[2026-09-19T07:57:18.611Z] [lib/validate-data.js] Running data validation...
[2026-09-19T07:57:18.611Z] [lib/validate-data.js] Validating MOVE index data...
[2026-09-19T07:57:18.611Z] [lib/validate-data.js] Found 111 MOVE data points
[2026-09-19T07:57:18.747Z] [lib/validate-data.js] WorldTimeAPI failed, trying alternative source
[2026-09-19T07:57:19.305Z] [lib/validate-data.js] Using TimeAPI date: 2026-09-19T07:57:19.237029
[2026-09-19T07:57:19.306Z] [lib/validate-data.js] Using reference date: 2026-9-19
[2026-09-19T07:57:19.306Z] [lib/validate-data.js] MOVE index data validation passed ✓
[2026-09-19T07:57:19.306Z] [lib/validate-data.js] Validating SRF data...
[2026-09-19T07:57:19.307Z] [lib/validate-data.js] Found 1017 SRF data points
[2026-09-19T07:57:19.456Z] [lib/validate-data.js] WorldTimeAPI failed, trying alternative source
[2026-09-19T07:57:19.889Z] [lib/validate-data.js] Using TimeAPI date: 2026-09-19T07:57:19.8243284
[2026-09-19T07:57:19.891Z] [lib/validate-data.js] SRF data validation passed ✓
[2026-09-19T07:57:19.891Z] [lib/validate-data.js] Validating Treasury funding data...
[2026-09-19T07:57:19.891Z] [lib/validate-data.js] Found 282 Treasury funding data points
[2026-09-19T07:57:19.892Z] [lib/validate-data.js] Treasury funding data validation passed ✓
[2026-09-19T07:57:19.892Z] [lib/validate-data.js] All data validation passed ✓
[2026-09-19T07:57:19.894Z] lib/validate-data.js completed successfully
[2026-09-19T07:57:19.894Z] Dashboard update process completed successfully
