[2026-10-06T10:01:15.049Z] Starting Liquidity Dashboard update process
[2026-10-06T10:01:15.051Z] Running lib/data-backup.js...
[2026-10-06T10:01:15.088Z] [lib/data-backup.js] ERROR: node:internal/modules/cjs/loader:1031
  throw err;
  ^

Error: Cannot find module '/home/runner/work/liquiditydashboard/liquiditydashboard/web/lib/data-backup.js'
    at Function.Module._resolveFilename (node:internal/modules/cjs/loader:1028:15)
    at Function.Module._load (node:internal/modules/cjs/loader:873:27)
    at Function.executeUserEntryPoint [as runMain] (node:internal/modules/run_main:81:12)
    at node:internal/main/run_main_module:22:47 {
  code: 'MODULE_NOT_FOUND',
  requireStack: []
}
[2026-10-06T10:01:15.092Z] lib/data-backup.js failed with exit code 1
[2026-10-06T10:01:15.092Z] Running lib/data-backup.js clean...
[2026-10-06T10:01:15.127Z] [lib/data-backup.js clean] ERROR: node:internal/modules/cjs/loader:1031
  throw err;
  ^

Error: Cannot find module '/home/runner/work/liquiditydashboard/liquiditydashboard/web/lib/data-backup.js'
    at Function.Module._resolveFilename (node:internal/modules/cjs/loader:1028:15)
    at Function.Module._load (node:internal/modules/cjs/loader:873:27)
    at Function.executeUserEntryPoint [as runMain] (node:internal/modules/run_main:81:12)
    at node:internal/main/run_main_module:22:47 {
  code: 'MODULE_NOT_FOUND',
  requireStack: []
}
[2026-10-06T10:01:15.129Z] lib/data-backup.js clean failed with exit code 1
[2026-10-06T10:01:15.130Z] Running lib/import-historical-move-data.js...
[2026-10-06T10:01:15.161Z] [lib/import-historical-move-data.js] ERROR: node:internal/modules/cjs/loader:1031
  throw err;
  ^

Error: Cannot find module '/home/runner/work/liquiditydashboard/liquiditydashboard/web/lib/import-historical-move-data.js'
    at Function.Module._resolveFilename (node:internal/modules/cjs/loader:1028:15)
    at Function.Module._load (node:internal/modules/cjs/loader:873:27)
    at Function.executeUserEntryPoint [as runMain] (node:internal/modules/run_main:81:12)
    at node:internal/main/run_main_module:22:47 {
  code: 'MODULE_NOT_FOUND',
  requireStack: []
}
[2026-10-06T10:01:15.164Z] lib/import-historical-move-data.js failed with exit code 1
[2026-10-06T10:01:15.164Z] Running lib/fetch-move-data.js...
[2026-10-06T10:01:15.196Z] [lib/fetch-move-data.js] ERROR: node:internal/modules/cjs/loader:1031
  throw err;
  ^

Error: Cannot find module '/home/runner/work/liquiditydashboard/liquiditydashboard/web/lib/fetch-move-data.js'
    at Function.Module._resolveFilename (node:internal/modules/cjs/loader:1028:15)
    at Function.Module._load (node:internal/modules/cjs/loader:873:27)
    at Function.executeUserEntryPoint [as runMain] (node:internal/modules/run_main:81:12)
    at node:internal/main/run_main_module:22:47 {
  code: 'MODULE_NOT_FOUND',
  requireStack: []
}
[2026-10-06T10:01:15.199Z] lib/fetch-move-data.js failed with exit code 1
[2026-10-06T10:01:15.199Z] Running lib/fetch-srf-data.js...
[2026-10-06T10:01:15.231Z] [lib/fetch-srf-data.js] ERROR: node:internal/modules/cjs/loader:1031
  throw err;
  ^

Error: Cannot find module '/home/runner/work/liquiditydashboard/liquiditydashboard/web/lib/fetch-srf-data.js'
    at Function.Module._resolveFilename (node:internal/modules/cjs/loader:1028:15)
    at Function.Module._load (node:internal/modules/cjs/loader:873:27)
    at Function.executeUserEntryPoint [as runMain] (node:internal/modules/run_main:81:12)
    at node:internal/main/run_main_module:22:47 {
  code: 'MODULE_NOT_FOUND',
  requireStack: []
}
[2026-10-06T10:01:15.234Z] lib/fetch-srf-data.js failed with exit code 1
[2026-10-06T10:01:15.234Z] Running lib/fetch-bill-share-data.js...
[2026-10-06T10:01:15.268Z] [lib/fetch-bill-share-data.js] ERROR: node:internal/modules/cjs/loader:1031
  throw err;
  ^

Error: Cannot find module '/home/runner/work/liquiditydashboard/liquiditydashboard/web/lib/fetch-bill-share-data.js'
    at Function.Module._resolveFilename (node:internal/modules/cjs/loader:1028:15)
    at Function.Module._load (node:internal/modules/cjs/loader:873:27)
    at Function.executeUserEntryPoint [as runMain] (node:internal/modules/run_main:81:12)
    at node:internal/main/run_main_module:22:47 {
  code: 'MODULE_NOT_FOUND',
  requireStack: []
}
[2026-10-06T10:01:15.270Z] lib/fetch-bill-share-data.js failed with exit code 1
[2026-10-06T10:01:15.270Z] Running lib/cleanup-future-dates.js...
[2026-10-06T10:01:15.359Z] [lib/cleanup-future-dates.js] Starting data cleanup process...
[2026-10-06T10:01:15.507Z] [lib/cleanup-future-dates.js] WorldTimeAPI failed, trying alternative source
[2026-10-06T10:01:16.079Z] [lib/cleanup-future-dates.js] Using TimeAPI date: 2026-10-06T10:01:16.0155043
[2026-10-06T10:01:16.079Z] [lib/cleanup-future-dates.js] Using reference date: 2026-10-6

Processing MOVE index data (/home/runner/work/liquiditydashboard/liquiditydashboard/web/public/series/move.json)...
[2026-10-06T10:01:16.080Z] [lib/cleanup-future-dates.js] Loaded 111 MOVE index data points
[2026-10-06T10:01:16.080Z] [lib/cleanup-future-dates.js] No future-dated entries found in MOVE index data
[2026-10-06T10:01:16.080Z] [lib/cleanup-future-dates.js] Processing SRF data (/home/runner/work/liquiditydashboard/liquiditydashboard/web/public/series/srf.json)...
[2026-10-06T10:01:16.081Z] [lib/cleanup-future-dates.js] Loaded 1017 SRF data points
[2026-10-06T10:01:16.082Z] [lib/cleanup-future-dates.js] No future-dated entries found in SRF data
[2026-10-06T10:01:16.082Z] [lib/cleanup-future-dates.js] Processing Treasury bill share data (/home/runner/work/liquiditydashboard/liquiditydashboard/web/public/series/bill-share.json)...
[2026-10-06T10:01:16.083Z] [lib/cleanup-future-dates.js] Loaded 282 Treasury bill share data points
[2026-10-06T10:01:16.083Z] [lib/cleanup-future-dates.js] No future-dated entries found in Treasury bill share data
[2026-10-06T10:01:16.083Z] [lib/cleanup-future-dates.js] Cleanup complete! Removed 0 future-dated entries in total.
[2026-10-06T10:01:16.083Z] [lib/cleanup-future-dates.js] Data cleanup completed with no changes needed
[2026-10-06T10:01:16.088Z] lib/cleanup-future-dates.js completed successfully
[2026-10-06T10:01:16.088Z] Running lib/validate-data.js...
[2026-10-06T10:01:16.179Z] [lib/validate-data.js] Running data validation...
[2026-10-06T10:01:16.179Z] [lib/validate-data.js] Validating MOVE index data...
[2026-10-06T10:01:16.180Z] [lib/validate-data.js] Found 111 MOVE data points
[2026-10-06T10:01:16.252Z] [lib/validate-data.js] WorldTimeAPI failed, trying alternative source
[2026-10-06T10:01:16.820Z] [lib/validate-data.js] Using TimeAPI date: 2026-10-06T10:01:16.7570332
[2026-10-06T10:01:16.820Z] [lib/validate-data.js] Using reference date: 2026-10-6
[2026-10-06T10:01:16.821Z] [lib/validate-data.js] MOVE index data validation passed ✓
[2026-10-06T10:01:16.821Z] [lib/validate-data.js] Validating SRF data...
[2026-10-06T10:01:16.822Z] [lib/validate-data.js] Found 1017 SRF data points
[2026-10-06T10:01:16.908Z] [lib/validate-data.js] WorldTimeAPI failed, trying alternative source
[2026-10-06T10:01:17.341Z] [lib/validate-data.js] Using TimeAPI date: 2026-10-06T10:01:17.2853669
[2026-10-06T10:01:17.344Z] [lib/validate-data.js] SRF data validation passed ✓
[2026-10-06T10:01:17.344Z] [lib/validate-data.js] Validating Treasury funding data...
[2026-10-06T10:01:17.344Z] [lib/validate-data.js] Found 282 Treasury funding data points
[2026-10-06T10:01:17.345Z] [lib/validate-data.js] Treasury funding data validation passed ✓
[2026-10-06T10:01:17.345Z] [lib/validate-data.js] All data validation passed ✓
[2026-10-06T10:01:17.350Z] lib/validate-data.js completed successfully
[2026-10-06T10:01:17.350Z] Dashboard update process completed successfully
