[2026-09-05T07:34:09.940Z] Starting Liquidity Dashboard update process
[2026-09-05T07:34:09.942Z] Running lib/data-backup.js...
[2026-09-05T07:34:09.972Z] [lib/data-backup.js] ERROR: node:internal/modules/cjs/loader:1031
  throw err;
  ^

Error: Cannot find module '/home/runner/work/liquiditydashboard/liquiditydashboard/web/lib/data-backup.js'
    at Function.Module._resolveFilename (node:internal/modules/cjs/loader:1028:15)
    at Function.Module._load (node:internal/modules/cjs/loader:873:27)
    at Function.executeUserEntryPoint [as runMain] (node:internal/modules/run_main:81:12)
    at node:internal/main/run_main_module:22:47 {
  code: 'MODULE_NOT_FOUND',
  requireStack: []
}
[2026-09-05T07:34:09.974Z] lib/data-backup.js failed with exit code 1
[2026-09-05T07:34:09.975Z] Running lib/data-backup.js clean...
[2026-09-05T07:34:10.003Z] [lib/data-backup.js clean] ERROR: node:internal/modules/cjs/loader:1031
  throw err;
  ^

Error: Cannot find module '/home/runner/work/liquiditydashboard/liquiditydashboard/web/lib/data-backup.js'
    at Function.Module._resolveFilename (node:internal/modules/cjs/loader:1028:15)
    at Function.Module._load (node:internal/modules/cjs/loader:873:27)
    at Function.executeUserEntryPoint [as runMain] (node:internal/modules/run_main:81:12)
    at node:internal/main/run_main_module:22:47 {
  code: 'MODULE_NOT_FOUND',
  requireStack: []
}
[2026-09-05T07:34:10.004Z] lib/data-backup.js clean failed with exit code 1
[2026-09-05T07:34:10.005Z] Running lib/import-historical-move-data.js...
[2026-09-05T07:34:10.033Z] [lib/import-historical-move-data.js] ERROR: node:internal/modules/cjs/loader:1031
  throw err;
  ^

Error: Cannot find module '/home/runner/work/liquiditydashboard/liquiditydashboard/web/lib/import-historical-move-data.js'
    at Function.Module._resolveFilename (node:internal/modules/cjs/loader:1028:15)
    at Function.Module._load (node:internal/modules/cjs/loader:873:27)
    at Function.executeUserEntryPoint [as runMain] (node:internal/modules/run_main:81:12)
    at node:internal/main/run_main_module:22:47 {
  code: 'MODULE_NOT_FOUND',
  requireStack: []
}
[2026-09-05T07:34:10.034Z] lib/import-historical-move-data.js failed with exit code 1
[2026-09-05T07:34:10.034Z] Running lib/fetch-move-data.js...
[2026-09-05T07:34:10.062Z] [lib/fetch-move-data.js] ERROR: node:internal/modules/cjs/loader:1031
  throw err;
  ^

Error: Cannot find module '/home/runner/work/liquiditydashboard/liquiditydashboard/web/lib/fetch-move-data.js'
    at Function.Module._resolveFilename (node:internal/modules/cjs/loader:1028:15)
    at Function.Module._load (node:internal/modules/cjs/loader:873:27)
    at Function.executeUserEntryPoint [as runMain] (node:internal/modules/run_main:81:12)
    at node:internal/main/run_main_module:22:47 {
  code: 'MODULE_NOT_FOUND',
  requireStack: []
}
[2026-09-05T07:34:10.064Z] lib/fetch-move-data.js failed with exit code 1
[2026-09-05T07:34:10.064Z] Running lib/fetch-srf-data.js...
[2026-09-05T07:34:10.092Z] [lib/fetch-srf-data.js] ERROR: node:internal/modules/cjs/loader:1031
  throw err;
  ^

Error: Cannot find module '/home/runner/work/liquiditydashboard/liquiditydashboard/web/lib/fetch-srf-data.js'
    at Function.Module._resolveFilename (node:internal/modules/cjs/loader:1028:15)
    at Function.Module._load (node:internal/modules/cjs/loader:873:27)
    at Function.executeUserEntryPoint [as runMain] (node:internal/modules/run_main:81:12)
    at node:internal/main/run_main_module:22:47 {
  code: 'MODULE_NOT_FOUND',
  requireStack: []
}
[2026-09-05T07:34:10.096Z] lib/fetch-srf-data.js failed with exit code 1
[2026-09-05T07:34:10.096Z] Running lib/fetch-bill-share-data.js...
[2026-09-05T07:34:10.124Z] [lib/fetch-bill-share-data.js] ERROR: node:internal/modules/cjs/loader:1031
  throw err;
  ^

Error: Cannot find module '/home/runner/work/liquiditydashboard/liquiditydashboard/web/lib/fetch-bill-share-data.js'
    at Function.Module._resolveFilename (node:internal/modules/cjs/loader:1028:15)
    at Function.Module._load (node:internal/modules/cjs/loader:873:27)
    at Function.executeUserEntryPoint [as runMain] (node:internal/modules/run_main:81:12)
    at node:internal/main/run_main_module:22:47 {
  code: 'MODULE_NOT_FOUND',
  requireStack: []
}
[2026-09-05T07:34:10.126Z] lib/fetch-bill-share-data.js failed with exit code 1
[2026-09-05T07:34:10.126Z] Running lib/cleanup-future-dates.js...
[2026-09-05T07:34:10.214Z] [lib/cleanup-future-dates.js] Starting data cleanup process...
[2026-09-05T07:34:10.310Z] [lib/cleanup-future-dates.js] WorldTimeAPI failed, trying alternative source
[2026-09-05T07:34:11.260Z] [lib/cleanup-future-dates.js] Using TimeAPI date: 2026-09-05T07:34:11.1698912
[2026-09-05T07:34:11.260Z] [lib/cleanup-future-dates.js] Using reference date: 2026-9-5
[2026-09-05T07:34:11.260Z] [lib/cleanup-future-dates.js] Processing MOVE index data (/home/runner/work/liquiditydashboard/liquiditydashboard/web/public/series/move.json)...
[2026-09-05T07:34:11.261Z] [lib/cleanup-future-dates.js] Loaded 111 MOVE index data points
[2026-09-05T07:34:11.261Z] [lib/cleanup-future-dates.js] No future-dated entries found in MOVE index data
[2026-09-05T07:34:11.261Z] [lib/cleanup-future-dates.js] Processing SRF data (/home/runner/work/liquiditydashboard/liquiditydashboard/web/public/series/srf.json)...
[2026-09-05T07:34:11.262Z] [lib/cleanup-future-dates.js] Loaded 1017 SRF data points
[2026-09-05T07:34:11.263Z] [lib/cleanup-future-dates.js] No future-dated entries found in SRF data
[2026-09-05T07:34:11.263Z] [lib/cleanup-future-dates.js] Processing Treasury bill share data (/home/runner/work/liquiditydashboard/liquiditydashboard/web/public/series/bill-share.json)...
[2026-09-05T07:34:11.263Z] [lib/cleanup-future-dates.js] Loaded 282 Treasury bill share data points
[2026-09-05T07:34:11.264Z] [lib/cleanup-future-dates.js] No future-dated entries found in Treasury bill share data
[2026-09-05T07:34:11.264Z] [lib/cleanup-future-dates.js] Cleanup complete! Removed 0 future-dated entries in total.
Data cleanup completed with no changes needed
[2026-09-05T07:34:11.266Z] lib/cleanup-future-dates.js completed successfully
[2026-09-05T07:34:11.266Z] Running lib/validate-data.js...
[2026-09-05T07:34:11.358Z] [lib/validate-data.js] Running data validation...
[2026-09-05T07:34:11.359Z] [lib/validate-data.js] Validating MOVE index data...
[2026-09-05T07:34:11.359Z] [lib/validate-data.js] Found 111 MOVE data points
[2026-09-05T07:34:11.402Z] [lib/validate-data.js] WorldTimeAPI failed, trying alternative source
[2026-09-05T07:34:12.126Z] [lib/validate-data.js] Using TimeAPI date: 2026-09-05T07:34:12.038914
[2026-09-05T07:34:12.126Z] [lib/validate-data.js] Using reference date: 2026-9-5
[2026-09-05T07:34:12.127Z] [lib/validate-data.js] MOVE index data validation passed ✓
[2026-09-05T07:34:12.127Z] [lib/validate-data.js] Validating SRF data...
[2026-09-05T07:34:12.128Z] [lib/validate-data.js] Found 1017 SRF data points
[2026-09-05T07:34:12.190Z] [lib/validate-data.js] WorldTimeAPI failed, trying alternative source
[2026-09-05T07:34:12.922Z] [lib/validate-data.js] Using TimeAPI date: 2026-09-05T07:34:12.8362154
[2026-09-05T07:34:12.924Z] [lib/validate-data.js] SRF data validation passed ✓
[2026-09-05T07:34:12.925Z] [lib/validate-data.js] Validating Treasury funding data...
[2026-09-05T07:34:12.925Z] [lib/validate-data.js] Found 282 Treasury funding data points
[2026-09-05T07:34:12.925Z] [lib/validate-data.js] Treasury funding data validation passed ✓
[2026-09-05T07:34:12.925Z] [lib/validate-data.js] All data validation passed ✓
[2026-09-05T07:34:12.928Z] lib/validate-data.js completed successfully
[2026-09-05T07:34:12.928Z] Dashboard update process completed successfully
