[2026-09-15T08:33:52.837Z] Starting Liquidity Dashboard update process
[2026-09-15T08:33:52.839Z] Running lib/data-backup.js...
[2026-09-15T08:33:52.869Z] [lib/data-backup.js] ERROR: node:internal/modules/cjs/loader:1031
  throw err;
  ^

Error: Cannot find module '/home/runner/work/liquiditydashboard/liquiditydashboard/web/lib/data-backup.js'
    at Function.Module._resolveFilename (node:internal/modules/cjs/loader:1028:15)
    at Function.Module._load (node:internal/modules/cjs/loader:873:27)
    at Function.executeUserEntryPoint [as runMain] (node:internal/modules/run_main:81:12)
    at node:internal/main/run_main_module:22:47 {
  code: 'MODULE_NOT_FOUND',
  requireStack: []
}
[2026-09-15T08:33:52.872Z] lib/data-backup.js failed with exit code 1
[2026-09-15T08:33:52.873Z] Running lib/data-backup.js clean...
[2026-09-15T08:33:52.902Z] [lib/data-backup.js clean] ERROR: node:internal/modules/cjs/loader:1031
  throw err;
  ^

Error: Cannot find module '/home/runner/work/liquiditydashboard/liquiditydashboard/web/lib/data-backup.js'
    at Function.Module._resolveFilename (node:internal/modules/cjs/loader:1028:15)
    at Function.Module._load (node:internal/modules/cjs/loader:873:27)
    at Function.executeUserEntryPoint [as runMain] (node:internal/modules/run_main:81:12)
    at node:internal/main/run_main_module:22:47 {
  code: 'MODULE_NOT_FOUND',
  requireStack: []
}
[2026-09-15T08:33:52.903Z] lib/data-backup.js clean failed with exit code 1
[2026-09-15T08:33:52.903Z] Running lib/import-historical-move-data.js...
[2026-09-15T08:33:52.932Z] [lib/import-historical-move-data.js] ERROR: node:internal/modules/cjs/loader:1031
  throw err;
  ^

Error: Cannot find module '/home/runner/work/liquiditydashboard/liquiditydashboard/web/lib/import-historical-move-data.js'
    at Function.Module._resolveFilename (node:internal/modules/cjs/loader:1028:15)
    at Function.Module._load (node:internal/modules/cjs/loader:873:27)
    at Function.executeUserEntryPoint [as runMain] (node:internal/modules/run_main:81:12)
    at node:internal/main/run_main_module:22:47 {
  code: 'MODULE_NOT_FOUND',
  requireStack: []
}
[2026-09-15T08:33:52.934Z] lib/import-historical-move-data.js failed with exit code 1
[2026-09-15T08:33:52.934Z] Running lib/fetch-move-data.js...
[2026-09-15T08:33:52.963Z] [lib/fetch-move-data.js] ERROR: node:internal/modules/cjs/loader:1031
  throw err;
  ^

Error: Cannot find module '/home/runner/work/liquiditydashboard/liquiditydashboard/web/lib/fetch-move-data.js'
    at Function.Module._resolveFilename (node:internal/modules/cjs/loader:1028:15)
    at Function.Module._load (node:internal/modules/cjs/loader:873:27)
    at Function.executeUserEntryPoint [as runMain] (node:internal/modules/run_main:81:12)
    at node:internal/main/run_main_module:22:47 {
  code: 'MODULE_NOT_FOUND',
  requireStack: []
}
[2026-09-15T08:33:52.966Z] lib/fetch-move-data.js failed with exit code 1
[2026-09-15T08:33:52.966Z] Running lib/fetch-srf-data.js...
[2026-09-15T08:33:52.995Z] [lib/fetch-srf-data.js] ERROR: node:internal/modules/cjs/loader:1031
  throw err;
  ^

Error: Cannot find module '/home/runner/work/liquiditydashboard/liquiditydashboard/web/lib/fetch-srf-data.js'
    at Function.Module._resolveFilename (node:internal/modules/cjs/loader:1028:15)
    at Function.Module._load (node:internal/modules/cjs/loader:873:27)
    at Function.executeUserEntryPoint [as runMain] (node:internal/modules/run_main:81:12)
    at node:internal/main/run_main_module:22:47 {
  code: 'MODULE_NOT_FOUND',
  requireStack: []
}
[2026-09-15T08:33:52.999Z] lib/fetch-srf-data.js failed with exit code 1
[2026-09-15T08:33:53.000Z] Running lib/fetch-bill-share-data.js...
[2026-09-15T08:33:53.029Z] [lib/fetch-bill-share-data.js] ERROR: node:internal/modules/cjs/loader:1031
  throw err;
  ^

Error: Cannot find module '/home/runner/work/liquiditydashboard/liquiditydashboard/web/lib/fetch-bill-share-data.js'
    at Function.Module._resolveFilename (node:internal/modules/cjs/loader:1028:15)
    at Function.Module._load (node:internal/modules/cjs/loader:873:27)
    at Function.executeUserEntryPoint [as runMain] (node:internal/modules/run_main:81:12)
    at node:internal/main/run_main_module:22:47 {
  code: 'MODULE_NOT_FOUND',
  requireStack: []
}
[2026-09-15T08:33:53.032Z] lib/fetch-bill-share-data.js failed with exit code 1
[2026-09-15T08:33:53.032Z] Running lib/cleanup-future-dates.js...
[2026-09-15T08:33:53.120Z] [lib/cleanup-future-dates.js] Starting data cleanup process...
[2026-09-15T08:33:53.371Z] [lib/cleanup-future-dates.js] WorldTimeAPI failed, trying alternative source
[2026-09-15T08:33:54.128Z] [lib/cleanup-future-dates.js] Using TimeAPI date: 2026-09-15T08:33:54.0412271
[2026-09-15T08:33:54.129Z] [lib/cleanup-future-dates.js] Using reference date: 2026-9-15
[2026-09-15T08:33:54.129Z] [lib/cleanup-future-dates.js] Processing MOVE index data (/home/runner/work/liquiditydashboard/liquiditydashboard/web/public/series/move.json)...
[2026-09-15T08:33:54.129Z] [lib/cleanup-future-dates.js] Loaded 111 MOVE index data points
[2026-09-15T08:33:54.130Z] [lib/cleanup-future-dates.js] No future-dated entries found in MOVE index data
[2026-09-15T08:33:54.130Z] [lib/cleanup-future-dates.js] Processing SRF data (/home/runner/work/liquiditydashboard/liquiditydashboard/web/public/series/srf.json)...
[2026-09-15T08:33:54.130Z] [lib/cleanup-future-dates.js] Loaded 1017 SRF data points
[2026-09-15T08:33:54.132Z] [lib/cleanup-future-dates.js] No future-dated entries found in SRF data
[2026-09-15T08:33:54.132Z] [lib/cleanup-future-dates.js] Processing Treasury bill share data (/home/runner/work/liquiditydashboard/liquiditydashboard/web/public/series/bill-share.json)...
[2026-09-15T08:33:54.133Z] [lib/cleanup-future-dates.js] Loaded 282 Treasury bill share data points
[2026-09-15T08:33:54.133Z] [lib/cleanup-future-dates.js] No future-dated entries found in Treasury bill share data
[2026-09-15T08:33:54.133Z] [lib/cleanup-future-dates.js] Cleanup complete! Removed 0 future-dated entries in total.
Data cleanup completed with no changes needed
[2026-09-15T08:33:54.136Z] lib/cleanup-future-dates.js completed successfully
[2026-09-15T08:33:54.137Z] Running lib/validate-data.js...
[2026-09-15T08:33:54.220Z] [lib/validate-data.js] Running data validation...
[2026-09-15T08:33:54.220Z] [lib/validate-data.js] Validating MOVE index data...
[2026-09-15T08:33:54.221Z] [lib/validate-data.js] Found 111 MOVE data points
[2026-09-15T08:33:54.399Z] [lib/validate-data.js] WorldTimeAPI failed, trying alternative source
[2026-09-15T08:33:54.868Z] [lib/validate-data.js] Using TimeAPI date: 2026-09-15T08:33:54.790049
[2026-09-15T08:33:54.869Z] [lib/validate-data.js] Using reference date: 2026-9-15
[2026-09-15T08:33:54.869Z] [lib/validate-data.js] MOVE index data validation passed ✓
[2026-09-15T08:33:54.869Z] [lib/validate-data.js] Validating SRF data...
[2026-09-15T08:33:54.870Z] [lib/validate-data.js] Found 1017 SRF data points
[2026-09-15T08:33:54.957Z] [lib/validate-data.js] WorldTimeAPI failed, trying alternative source
[2026-09-15T08:33:56.118Z] [lib/validate-data.js] Using TimeAPI date: 2026-09-15T08:33:56.0389912
[2026-09-15T08:33:56.121Z] [lib/validate-data.js] SRF data validation passed ✓
[2026-09-15T08:33:56.121Z] [lib/validate-data.js] Validating Treasury funding data...
[2026-09-15T08:33:56.121Z] [lib/validate-data.js] Found 282 Treasury funding data points
[2026-09-15T08:33:56.121Z] [lib/validate-data.js] Treasury funding data validation passed ✓
[2026-09-15T08:33:56.122Z] [lib/validate-data.js] All data validation passed ✓
[2026-09-15T08:33:56.124Z] lib/validate-data.js completed successfully
[2026-09-15T08:33:56.124Z] Dashboard update process completed successfully
