[2026-07-25T05:47:28.005Z] Starting Liquidity Dashboard update process
[2026-07-25T05:47:28.006Z] Running lib/data-backup.js...
[2026-07-25T05:47:28.036Z] [lib/data-backup.js] ERROR: node:internal/modules/cjs/loader:1031
  throw err;
  ^

Error: Cannot find module '/home/runner/work/liquiditydashboard/liquiditydashboard/web/lib/data-backup.js'
    at Function.Module._resolveFilename (node:internal/modules/cjs/loader:1028:15)
    at Function.Module._load (node:internal/modules/cjs/loader:873:27)
    at Function.executeUserEntryPoint [as runMain] (node:internal/modules/run_main:81:12)
    at node:internal/main/run_main_module:22:47 {
  code: 'MODULE_NOT_FOUND',
  requireStack: []
}
[2026-07-25T05:47:28.038Z] lib/data-backup.js failed with exit code 1
[2026-07-25T05:47:28.038Z] Running lib/data-backup.js clean...
[2026-07-25T05:47:28.066Z] [lib/data-backup.js clean] ERROR: node:internal/modules/cjs/loader:1031
  throw err;
  ^

Error: Cannot find module '/home/runner/work/liquiditydashboard/liquiditydashboard/web/lib/data-backup.js'
    at Function.Module._resolveFilename (node:internal/modules/cjs/loader:1028:15)
    at Function.Module._load (node:internal/modules/cjs/loader:873:27)
    at Function.executeUserEntryPoint [as runMain] (node:internal/modules/run_main:81:12)
    at node:internal/main/run_main_module:22:47 {
  code: 'MODULE_NOT_FOUND',
  requireStack: []
}
[2026-07-25T05:47:28.068Z] lib/data-backup.js clean failed with exit code 1
[2026-07-25T05:47:28.068Z] Running lib/import-historical-move-data.js...
[2026-07-25T05:47:28.096Z] [lib/import-historical-move-data.js] ERROR: node:internal/modules/cjs/loader:1031
  throw err;
  ^

Error: Cannot find module '/home/runner/work/liquiditydashboard/liquiditydashboard/web/lib/import-historical-move-data.js'
    at Function.Module._resolveFilename (node:internal/modules/cjs/loader:1028:15)
    at Function.Module._load (node:internal/modules/cjs/loader:873:27)
    at Function.executeUserEntryPoint [as runMain] (node:internal/modules/run_main:81:12)
    at node:internal/main/run_main_module:22:47 {
  code: 'MODULE_NOT_FOUND',
  requireStack: []
}
[2026-07-25T05:47:28.099Z] lib/import-historical-move-data.js failed with exit code 1
[2026-07-25T05:47:28.099Z] Running lib/fetch-move-data.js...
[2026-07-25T05:47:28.127Z] [lib/fetch-move-data.js] ERROR: node:internal/modules/cjs/loader:1031
  throw err;
  ^

Error: Cannot find module '/home/runner/work/liquiditydashboard/liquiditydashboard/web/lib/fetch-move-data.js'
    at Function.Module._resolveFilename (node:internal/modules/cjs/loader:1028:15)
    at Function.Module._load (node:internal/modules/cjs/loader:873:27)
    at Function.executeUserEntryPoint [as runMain] (node:internal/modules/run_main:81:12)
    at node:internal/main/run_main_module:22:47 {
  code: 'MODULE_NOT_FOUND',
  requireStack: []
}
[2026-07-25T05:47:28.129Z] lib/fetch-move-data.js failed with exit code 1
[2026-07-25T05:47:28.129Z] Running lib/fetch-srf-data.js...
[2026-07-25T05:47:28.163Z] [lib/fetch-srf-data.js] ERROR: node:internal/modules/cjs/loader:1031
  throw err;
  ^

Error: Cannot find module '/home/runner/work/liquiditydashboard/liquiditydashboard/web/lib/fetch-srf-data.js'
    at Function.Module._resolveFilename (node:internal/modules/cjs/loader:1028:15)
    at Function.Module._load (node:internal/modules/cjs/loader:873:27)
    at Function.executeUserEntryPoint [as runMain] (node:internal/modules/run_main:81:12)
    at node:internal/main/run_main_module:22:47 {
  code: 'MODULE_NOT_FOUND',
  requireStack: []
}
[2026-07-25T05:47:28.166Z] lib/fetch-srf-data.js failed with exit code 1
[2026-07-25T05:47:28.166Z] Running lib/fetch-bill-share-data.js...
[2026-07-25T05:47:28.195Z] [lib/fetch-bill-share-data.js] ERROR: node:internal/modules/cjs/loader:1031
  throw err;
  ^

Error: Cannot find module '/home/runner/work/liquiditydashboard/liquiditydashboard/web/lib/fetch-bill-share-data.js'
    at Function.Module._resolveFilename (node:internal/modules/cjs/loader:1028:15)
    at Function.Module._load (node:internal/modules/cjs/loader:873:27)
    at Function.executeUserEntryPoint [as runMain] (node:internal/modules/run_main:81:12)
    at node:internal/main/run_main_module:22:47 {
  code: 'MODULE_NOT_FOUND',
  requireStack: []
}
[2026-07-25T05:47:28.197Z] lib/fetch-bill-share-data.js failed with exit code 1
[2026-07-25T05:47:28.197Z] Running lib/cleanup-future-dates.js...
[2026-07-25T05:47:28.279Z] [lib/cleanup-future-dates.js] Starting data cleanup process...
[2026-07-25T05:47:28.572Z] [lib/cleanup-future-dates.js] WorldTimeAPI failed, trying alternative source
[2026-07-25T05:47:29.421Z] [lib/cleanup-future-dates.js] Using TimeAPI date: 2026-07-25T05:35:28.5144107
[2026-07-25T05:47:29.421Z] [lib/cleanup-future-dates.js] Using reference date: 2026-7-25

Processing MOVE index data (/home/runner/work/liquiditydashboard/liquiditydashboard/web/public/series/move.json)...
[2026-07-25T05:47:29.421Z] [lib/cleanup-future-dates.js] Loaded 111 MOVE index data points
[2026-07-25T05:47:29.421Z] [lib/cleanup-future-dates.js] No future-dated entries found in MOVE index data
[2026-07-25T05:47:29.422Z] [lib/cleanup-future-dates.js] Processing SRF data (/home/runner/work/liquiditydashboard/liquiditydashboard/web/public/series/srf.json)...
[2026-07-25T05:47:29.422Z] [lib/cleanup-future-dates.js] Loaded 1017 SRF data points
[2026-07-25T05:47:29.423Z] [lib/cleanup-future-dates.js] No future-dated entries found in SRF data
[2026-07-25T05:47:29.423Z] [lib/cleanup-future-dates.js] Processing Treasury bill share data (/home/runner/work/liquiditydashboard/liquiditydashboard/web/public/series/bill-share.json)...
[2026-07-25T05:47:29.423Z] [lib/cleanup-future-dates.js] Loaded 282 Treasury bill share data points
[2026-07-25T05:47:29.424Z] [lib/cleanup-future-dates.js] No future-dated entries found in Treasury bill share data
[2026-07-25T05:47:29.424Z] [lib/cleanup-future-dates.js] Cleanup complete! Removed 0 future-dated entries in total.
[2026-07-25T05:47:29.424Z] [lib/cleanup-future-dates.js] Data cleanup completed with no changes needed
[2026-07-25T05:47:29.427Z] lib/cleanup-future-dates.js completed successfully
[2026-07-25T05:47:29.427Z] Running lib/validate-data.js...
[2026-07-25T05:47:29.507Z] [lib/validate-data.js] Running data validation...
[2026-07-25T05:47:29.508Z] [lib/validate-data.js] Validating MOVE index data...
[2026-07-25T05:47:29.508Z] [lib/validate-data.js] Found 111 MOVE data points
[2026-07-25T05:47:29.611Z] [lib/validate-data.js] WorldTimeAPI failed, trying alternative source
[2026-07-25T05:47:30.152Z] [lib/validate-data.js] Using TimeAPI date: 2026-07-25T05:35:29.2454908
[2026-07-25T05:47:30.153Z] [lib/validate-data.js] Using reference date: 2026-7-25
[2026-07-25T05:47:30.153Z] [lib/validate-data.js] MOVE index data validation passed ✓
[2026-07-25T05:47:30.153Z] [lib/validate-data.js] Validating SRF data...
[2026-07-25T05:47:30.154Z] [lib/validate-data.js] Found 1017 SRF data points
[2026-07-25T05:47:30.269Z] [lib/validate-data.js] WorldTimeAPI failed, trying alternative source
[2026-07-25T05:47:31.544Z] [lib/validate-data.js] Using TimeAPI date: 2026-07-25T05:35:30.6408612
[2026-07-25T05:47:31.546Z] [lib/validate-data.js] SRF data validation passed ✓
[2026-07-25T05:47:31.547Z] [lib/validate-data.js] Validating Treasury funding data...
[2026-07-25T05:47:31.547Z] [lib/validate-data.js] Found 282 Treasury funding data points
[2026-07-25T05:47:31.547Z] [lib/validate-data.js] Treasury funding data validation passed ✓
[2026-07-25T05:47:31.547Z] [lib/validate-data.js] All data validation passed ✓
[2026-07-25T05:47:31.550Z] lib/validate-data.js completed successfully
[2026-07-25T05:47:31.550Z] Dashboard update process completed successfully
