[2026-09-14T08:46:23.908Z] Starting Liquidity Dashboard update process
[2026-09-14T08:46:23.909Z] Running lib/data-backup.js...
[2026-09-14T08:46:23.940Z] [lib/data-backup.js] ERROR: node:internal/modules/cjs/loader:1031
  throw err;
  ^

Error: Cannot find module '/home/runner/work/liquiditydashboard/liquiditydashboard/web/lib/data-backup.js'
    at Function.Module._resolveFilename (node:internal/modules/cjs/loader:1028:15)
    at Function.Module._load (node:internal/modules/cjs/loader:873:27)
    at Function.executeUserEntryPoint [as runMain] (node:internal/modules/run_main:81:12)
    at node:internal/main/run_main_module:22:47 {
  code: 'MODULE_NOT_FOUND',
  requireStack: []
}
[2026-09-14T08:46:23.943Z] lib/data-backup.js failed with exit code 1
[2026-09-14T08:46:23.943Z] Running lib/data-backup.js clean...
[2026-09-14T08:46:23.974Z] [lib/data-backup.js clean] ERROR: node:internal/modules/cjs/loader:1031
  throw err;
  ^

Error: Cannot find module '/home/runner/work/liquiditydashboard/liquiditydashboard/web/lib/data-backup.js'
    at Function.Module._resolveFilename (node:internal/modules/cjs/loader:1028:15)
    at Function.Module._load (node:internal/modules/cjs/loader:873:27)
    at Function.executeUserEntryPoint [as runMain] (node:internal/modules/run_main:81:12)
    at node:internal/main/run_main_module:22:47 {
  code: 'MODULE_NOT_FOUND',
  requireStack: []
}
[2026-09-14T08:46:23.976Z] lib/data-backup.js clean failed with exit code 1
[2026-09-14T08:46:23.976Z] Running lib/import-historical-move-data.js...
[2026-09-14T08:46:24.006Z] [lib/import-historical-move-data.js] ERROR: node:internal/modules/cjs/loader:1031
  throw err;
  ^

Error: Cannot find module '/home/runner/work/liquiditydashboard/liquiditydashboard/web/lib/import-historical-move-data.js'
    at Function.Module._resolveFilename (node:internal/modules/cjs/loader:1028:15)
    at Function.Module._load (node:internal/modules/cjs/loader:873:27)
    at Function.executeUserEntryPoint [as runMain] (node:internal/modules/run_main:81:12)
    at node:internal/main/run_main_module:22:47 {
  code: 'MODULE_NOT_FOUND',
  requireStack: []
}
[2026-09-14T08:46:24.009Z] lib/import-historical-move-data.js failed with exit code 1
[2026-09-14T08:46:24.009Z] Running lib/fetch-move-data.js...
[2026-09-14T08:46:24.039Z] [lib/fetch-move-data.js] ERROR: node:internal/modules/cjs/loader:1031
  throw err;
  ^

Error: Cannot find module '/home/runner/work/liquiditydashboard/liquiditydashboard/web/lib/fetch-move-data.js'
    at Function.Module._resolveFilename (node:internal/modules/cjs/loader:1028:15)
    at Function.Module._load (node:internal/modules/cjs/loader:873:27)
    at Function.executeUserEntryPoint [as runMain] (node:internal/modules/run_main:81:12)
    at node:internal/main/run_main_module:22:47 {
  code: 'MODULE_NOT_FOUND',
  requireStack: []
}
[2026-09-14T08:46:24.041Z] lib/fetch-move-data.js failed with exit code 1
[2026-09-14T08:46:24.041Z] Running lib/fetch-srf-data.js...
[2026-09-14T08:46:24.070Z] [lib/fetch-srf-data.js] ERROR: node:internal/modules/cjs/loader:1031
  throw err;
  ^

Error: Cannot find module '/home/runner/work/liquiditydashboard/liquiditydashboard/web/lib/fetch-srf-data.js'
    at Function.Module._resolveFilename (node:internal/modules/cjs/loader:1028:15)
    at Function.Module._load (node:internal/modules/cjs/loader:873:27)
    at Function.executeUserEntryPoint [as runMain] (node:internal/modules/run_main:81:12)
    at node:internal/main/run_main_module:22:47 {
  code: 'MODULE_NOT_FOUND',
  requireStack: []
}
[2026-09-14T08:46:24.072Z] lib/fetch-srf-data.js failed with exit code 1
[2026-09-14T08:46:24.072Z] Running lib/fetch-bill-share-data.js...
[2026-09-14T08:46:24.102Z] [lib/fetch-bill-share-data.js] ERROR: node:internal/modules/cjs/loader:1031
  throw err;
  ^

Error: Cannot find module '/home/runner/work/liquiditydashboard/liquiditydashboard/web/lib/fetch-bill-share-data.js'
    at Function.Module._resolveFilename (node:internal/modules/cjs/loader:1028:15)
    at Function.Module._load (node:internal/modules/cjs/loader:873:27)
    at Function.executeUserEntryPoint [as runMain] (node:internal/modules/run_main:81:12)
    at node:internal/main/run_main_module:22:47 {
  code: 'MODULE_NOT_FOUND',
  requireStack: []
}
[2026-09-14T08:46:24.104Z] lib/fetch-bill-share-data.js failed with exit code 1
[2026-09-14T08:46:24.104Z] Running lib/cleanup-future-dates.js...
[2026-09-14T08:46:24.190Z] [lib/cleanup-future-dates.js] Starting data cleanup process...
[2026-09-14T08:46:24.627Z] [lib/cleanup-future-dates.js] WorldTimeAPI failed, trying alternative source
[2026-09-14T08:46:25.309Z] [lib/cleanup-future-dates.js] Using TimeAPI date: 2026-09-14T08:46:25.2244423
[2026-09-14T08:46:25.309Z] [lib/cleanup-future-dates.js] Using reference date: 2026-9-14
[2026-09-14T08:46:25.309Z] [lib/cleanup-future-dates.js] Processing MOVE index data (/home/runner/work/liquiditydashboard/liquiditydashboard/web/public/series/move.json)...
[2026-09-14T08:46:25.310Z] [lib/cleanup-future-dates.js] Loaded 111 MOVE index data points
[2026-09-14T08:46:25.310Z] [lib/cleanup-future-dates.js] No future-dated entries found in MOVE index data
[2026-09-14T08:46:25.310Z] [lib/cleanup-future-dates.js] Processing SRF data (/home/runner/work/liquiditydashboard/liquiditydashboard/web/public/series/srf.json)...
[2026-09-14T08:46:25.311Z] [lib/cleanup-future-dates.js] Loaded 1017 SRF data points
[2026-09-14T08:46:25.312Z] [lib/cleanup-future-dates.js] No future-dated entries found in SRF data
[2026-09-14T08:46:25.312Z] [lib/cleanup-future-dates.js] Processing Treasury bill share data (/home/runner/work/liquiditydashboard/liquiditydashboard/web/public/series/bill-share.json)...
[2026-09-14T08:46:25.312Z] [lib/cleanup-future-dates.js] Loaded 282 Treasury bill share data points
[2026-09-14T08:46:25.313Z] [lib/cleanup-future-dates.js] No future-dated entries found in Treasury bill share data
[2026-09-14T08:46:25.313Z] [lib/cleanup-future-dates.js] Cleanup complete! Removed 0 future-dated entries in total.
Data cleanup completed with no changes needed
[2026-09-14T08:46:25.316Z] lib/cleanup-future-dates.js completed successfully
[2026-09-14T08:46:25.316Z] Running lib/validate-data.js...
[2026-09-14T08:46:25.403Z] [lib/validate-data.js] Running data validation...
[2026-09-14T08:46:25.403Z] [lib/validate-data.js] Validating MOVE index data...
[2026-09-14T08:46:25.404Z] [lib/validate-data.js] Found 111 MOVE data points
[2026-09-14T08:46:25.573Z] [lib/validate-data.js] WorldTimeAPI failed, trying alternative source
[2026-09-14T08:46:26.252Z] [lib/validate-data.js] Using TimeAPI date: 2026-09-14T08:46:26.167266
[2026-09-14T08:46:26.253Z] [lib/validate-data.js] Using reference date: 2026-9-14
[2026-09-14T08:46:26.253Z] [lib/validate-data.js] MOVE index data validation passed ✓
[2026-09-14T08:46:26.254Z] [lib/validate-data.js] Validating SRF data...
[2026-09-14T08:46:26.254Z] [lib/validate-data.js] Found 1017 SRF data points
[2026-09-14T08:46:26.397Z] [lib/validate-data.js] WorldTimeAPI failed, trying alternative source
[2026-09-14T08:46:27.053Z] [lib/validate-data.js] Using TimeAPI date: 2026-09-14T08:46:26.9757884
[2026-09-14T08:46:27.056Z] [lib/validate-data.js] SRF data validation passed ✓
[2026-09-14T08:46:27.056Z] [lib/validate-data.js] Validating Treasury funding data...
[2026-09-14T08:46:27.056Z] [lib/validate-data.js] Found 282 Treasury funding data points
[2026-09-14T08:46:27.056Z] [lib/validate-data.js] Treasury funding data validation passed ✓
[2026-09-14T08:46:27.057Z] [lib/validate-data.js] All data validation passed ✓
[2026-09-14T08:46:27.060Z] lib/validate-data.js completed successfully
[2026-09-14T08:46:27.060Z] Dashboard update process completed successfully
