[2026-09-18T08:08:03.315Z] Starting Liquidity Dashboard update process
[2026-09-18T08:08:03.316Z] Running lib/data-backup.js...
[2026-09-18T08:08:03.345Z] [lib/data-backup.js] ERROR: node:internal/modules/cjs/loader:1031
  throw err;
  ^

Error: Cannot find module '/home/runner/work/liquiditydashboard/liquiditydashboard/web/lib/data-backup.js'
    at Function.Module._resolveFilename (node:internal/modules/cjs/loader:1028:15)
    at Function.Module._load (node:internal/modules/cjs/loader:873:27)
    at Function.executeUserEntryPoint [as runMain] (node:internal/modules/run_main:81:12)
    at node:internal/main/run_main_module:22:47 {
  code: 'MODULE_NOT_FOUND',
  requireStack: []
}
[2026-09-18T08:08:03.348Z] lib/data-backup.js failed with exit code 1
[2026-09-18T08:08:03.348Z] Running lib/data-backup.js clean...
[2026-09-18T08:08:03.376Z] [lib/data-backup.js clean] ERROR: node:internal/modules/cjs/loader:1031
  throw err;
  ^

Error: Cannot find module '/home/runner/work/liquiditydashboard/liquiditydashboard/web/lib/data-backup.js'
    at Function.Module._resolveFilename (node:internal/modules/cjs/loader:1028:15)
    at Function.Module._load (node:internal/modules/cjs/loader:873:27)
    at Function.executeUserEntryPoint [as runMain] (node:internal/modules/run_main:81:12)
    at node:internal/main/run_main_module:22:47 {
  code: 'MODULE_NOT_FOUND',
  requireStack: []
}
[2026-09-18T08:08:03.378Z] lib/data-backup.js clean failed with exit code 1
[2026-09-18T08:08:03.378Z] Running lib/import-historical-move-data.js...
[2026-09-18T08:08:03.407Z] [lib/import-historical-move-data.js] ERROR: node:internal/modules/cjs/loader:1031
  throw err;
  ^

Error: Cannot find module '/home/runner/work/liquiditydashboard/liquiditydashboard/web/lib/import-historical-move-data.js'
    at Function.Module._resolveFilename (node:internal/modules/cjs/loader:1028:15)
    at Function.Module._load (node:internal/modules/cjs/loader:873:27)
    at Function.executeUserEntryPoint [as runMain] (node:internal/modules/run_main:81:12)
    at node:internal/main/run_main_module:22:47 {
  code: 'MODULE_NOT_FOUND',
  requireStack: []
}
[2026-09-18T08:08:03.409Z] lib/import-historical-move-data.js failed with exit code 1
[2026-09-18T08:08:03.409Z] Running lib/fetch-move-data.js...
[2026-09-18T08:08:03.438Z] [lib/fetch-move-data.js] ERROR: node:internal/modules/cjs/loader:1031
  throw err;
  ^

Error: Cannot find module '/home/runner/work/liquiditydashboard/liquiditydashboard/web/lib/fetch-move-data.js'
    at Function.Module._resolveFilename (node:internal/modules/cjs/loader:1028:15)
    at Function.Module._load (node:internal/modules/cjs/loader:873:27)
    at Function.executeUserEntryPoint [as runMain] (node:internal/modules/run_main:81:12)
    at node:internal/main/run_main_module:22:47 {
  code: 'MODULE_NOT_FOUND',
  requireStack: []
}
[2026-09-18T08:08:03.440Z] lib/fetch-move-data.js failed with exit code 1
[2026-09-18T08:08:03.440Z] Running lib/fetch-srf-data.js...
[2026-09-18T08:08:03.468Z] [lib/fetch-srf-data.js] ERROR: node:internal/modules/cjs/loader:1031
  throw err;
  ^

Error: Cannot find module '/home/runner/work/liquiditydashboard/liquiditydashboard/web/lib/fetch-srf-data.js'
    at Function.Module._resolveFilename (node:internal/modules/cjs/loader:1028:15)
    at Function.Module._load (node:internal/modules/cjs/loader:873:27)
    at Function.executeUserEntryPoint [as runMain] (node:internal/modules/run_main:81:12)
    at node:internal/main/run_main_module:22:47 {
  code: 'MODULE_NOT_FOUND',
  requireStack: []
}
[2026-09-18T08:08:03.470Z] lib/fetch-srf-data.js failed with exit code 1
[2026-09-18T08:08:03.470Z] Running lib/fetch-bill-share-data.js...
[2026-09-18T08:08:03.499Z] [lib/fetch-bill-share-data.js] ERROR: node:internal/modules/cjs/loader:1031
  throw err;
  ^

Error: Cannot find module '/home/runner/work/liquiditydashboard/liquiditydashboard/web/lib/fetch-bill-share-data.js'
    at Function.Module._resolveFilename (node:internal/modules/cjs/loader:1028:15)
    at Function.Module._load (node:internal/modules/cjs/loader:873:27)
    at Function.executeUserEntryPoint [as runMain] (node:internal/modules/run_main:81:12)
    at node:internal/main/run_main_module:22:47 {
  code: 'MODULE_NOT_FOUND',
  requireStack: []
}
[2026-09-18T08:08:03.501Z] lib/fetch-bill-share-data.js failed with exit code 1
[2026-09-18T08:08:03.501Z] Running lib/cleanup-future-dates.js...
[2026-09-18T08:08:03.585Z] [lib/cleanup-future-dates.js] Starting data cleanup process...
[2026-09-18T08:08:03.863Z] [lib/cleanup-future-dates.js] WorldTimeAPI failed, trying alternative source
[2026-09-18T08:08:04.588Z] [lib/cleanup-future-dates.js] Using TimeAPI date: 2026-09-18T08:08:04.4969508
[2026-09-18T08:08:04.588Z] [lib/cleanup-future-dates.js] Using reference date: 2026-9-18
[2026-09-18T08:08:04.588Z] [lib/cleanup-future-dates.js] Processing MOVE index data (/home/runner/work/liquiditydashboard/liquiditydashboard/web/public/series/move.json)...
[2026-09-18T08:08:04.589Z] [lib/cleanup-future-dates.js] Loaded 111 MOVE index data points
[2026-09-18T08:08:04.589Z] [lib/cleanup-future-dates.js] No future-dated entries found in MOVE index data
[2026-09-18T08:08:04.589Z] [lib/cleanup-future-dates.js] Processing SRF data (/home/runner/work/liquiditydashboard/liquiditydashboard/web/public/series/srf.json)...
[2026-09-18T08:08:04.590Z] [lib/cleanup-future-dates.js] Loaded 1017 SRF data points
[2026-09-18T08:08:04.591Z] [lib/cleanup-future-dates.js] No future-dated entries found in SRF data
[2026-09-18T08:08:04.591Z] [lib/cleanup-future-dates.js] Processing Treasury bill share data (/home/runner/work/liquiditydashboard/liquiditydashboard/web/public/series/bill-share.json)...
[2026-09-18T08:08:04.592Z] [lib/cleanup-future-dates.js] Loaded 282 Treasury bill share data points
[2026-09-18T08:08:04.592Z] [lib/cleanup-future-dates.js] No future-dated entries found in Treasury bill share data
[2026-09-18T08:08:04.592Z] [lib/cleanup-future-dates.js] Cleanup complete! Removed 0 future-dated entries in total.
[2026-09-18T08:08:04.592Z] [lib/cleanup-future-dates.js] Data cleanup completed with no changes needed
[2026-09-18T08:08:04.595Z] lib/cleanup-future-dates.js completed successfully
[2026-09-18T08:08:04.595Z] Running lib/validate-data.js...
[2026-09-18T08:08:04.679Z] [lib/validate-data.js] Running data validation...
[2026-09-18T08:08:04.679Z] [lib/validate-data.js] Validating MOVE index data...
[2026-09-18T08:08:04.680Z] [lib/validate-data.js] Found 111 MOVE data points
[2026-09-18T08:08:04.800Z] [lib/validate-data.js] WorldTimeAPI failed, trying alternative source
[2026-09-18T08:08:05.505Z] [lib/validate-data.js] Using TimeAPI date: 2026-09-18T08:08:05.4168541
[2026-09-18T08:08:05.505Z] [lib/validate-data.js] Using reference date: 2026-9-18
[2026-09-18T08:08:05.506Z] [lib/validate-data.js] MOVE index data validation passed ✓
[2026-09-18T08:08:05.506Z] [lib/validate-data.js] Validating SRF data...
[2026-09-18T08:08:05.507Z] [lib/validate-data.js] Found 1017 SRF data points
[2026-09-18T08:08:05.625Z] [lib/validate-data.js] WorldTimeAPI failed, trying alternative source
[2026-09-18T08:08:06.311Z] [lib/validate-data.js] Using TimeAPI date: 2026-09-18T08:08:06.2280506
[2026-09-18T08:08:06.314Z] [lib/validate-data.js] SRF data validation passed ✓
[2026-09-18T08:08:06.314Z] [lib/validate-data.js] Validating Treasury funding data...
[2026-09-18T08:08:06.314Z] [lib/validate-data.js] Found 282 Treasury funding data points
[2026-09-18T08:08:06.314Z] [lib/validate-data.js] Treasury funding data validation passed ✓
All data validation passed ✓
[2026-09-18T08:08:06.317Z] lib/validate-data.js completed successfully
[2026-09-18T08:08:06.317Z] Dashboard update process completed successfully
