[2026-08-14T04:54:15.924Z] Starting Liquidity Dashboard update process
[2026-08-14T04:54:15.925Z] Running lib/data-backup.js...
[2026-08-14T04:54:15.955Z] [lib/data-backup.js] ERROR: node:internal/modules/cjs/loader:1031
  throw err;
  ^

Error: Cannot find module '/home/runner/work/liquiditydashboard/liquiditydashboard/web/lib/data-backup.js'
    at Function.Module._resolveFilename (node:internal/modules/cjs/loader:1028:15)
    at Function.Module._load (node:internal/modules/cjs/loader:873:27)
    at Function.executeUserEntryPoint [as runMain] (node:internal/modules/run_main:81:12)
    at node:internal/main/run_main_module:22:47 {
  code: 'MODULE_NOT_FOUND',
  requireStack: []
}
[2026-08-14T04:54:15.958Z] lib/data-backup.js failed with exit code 1
[2026-08-14T04:54:15.958Z] Running lib/data-backup.js clean...
[2026-08-14T04:54:15.986Z] [lib/data-backup.js clean] ERROR: node:internal/modules/cjs/loader:1031
  throw err;
  ^

Error: Cannot find module '/home/runner/work/liquiditydashboard/liquiditydashboard/web/lib/data-backup.js'
    at Function.Module._resolveFilename (node:internal/modules/cjs/loader:1028:15)
    at Function.Module._load (node:internal/modules/cjs/loader:873:27)
    at Function.executeUserEntryPoint [as runMain] (node:internal/modules/run_main:81:12)
    at node:internal/main/run_main_module:22:47 {
  code: 'MODULE_NOT_FOUND',
  requireStack: []
}
[2026-08-14T04:54:15.988Z] lib/data-backup.js clean failed with exit code 1
[2026-08-14T04:54:15.988Z] Running lib/import-historical-move-data.js...
[2026-08-14T04:54:16.017Z] [lib/import-historical-move-data.js] ERROR: node:internal/modules/cjs/loader:1031
  throw err;
  ^

Error: Cannot find module '/home/runner/work/liquiditydashboard/liquiditydashboard/web/lib/import-historical-move-data.js'
    at Function.Module._resolveFilename (node:internal/modules/cjs/loader:1028:15)
    at Function.Module._load (node:internal/modules/cjs/loader:873:27)
    at Function.executeUserEntryPoint [as runMain] (node:internal/modules/run_main:81:12)
    at node:internal/main/run_main_module:22:47 {
  code: 'MODULE_NOT_FOUND',
  requireStack: []
}
[2026-08-14T04:54:16.019Z] lib/import-historical-move-data.js failed with exit code 1
[2026-08-14T04:54:16.019Z] Running lib/fetch-move-data.js...
[2026-08-14T04:54:16.047Z] [lib/fetch-move-data.js] ERROR: node:internal/modules/cjs/loader:1031
  throw err;
  ^

Error: Cannot find module '/home/runner/work/liquiditydashboard/liquiditydashboard/web/lib/fetch-move-data.js'
    at Function.Module._resolveFilename (node:internal/modules/cjs/loader:1028:15)
    at Function.Module._load (node:internal/modules/cjs/loader:873:27)
    at Function.executeUserEntryPoint [as runMain] (node:internal/modules/run_main:81:12)
    at node:internal/main/run_main_module:22:47 {
  code: 'MODULE_NOT_FOUND',
  requireStack: []
}
[2026-08-14T04:54:16.049Z] lib/fetch-move-data.js failed with exit code 1
[2026-08-14T04:54:16.049Z] Running lib/fetch-srf-data.js...
[2026-08-14T04:54:16.077Z] [lib/fetch-srf-data.js] ERROR: node:internal/modules/cjs/loader:1031
  throw err;
  ^

Error: Cannot find module '/home/runner/work/liquiditydashboard/liquiditydashboard/web/lib/fetch-srf-data.js'
    at Function.Module._resolveFilename (node:internal/modules/cjs/loader:1028:15)
    at Function.Module._load (node:internal/modules/cjs/loader:873:27)
    at Function.executeUserEntryPoint [as runMain] (node:internal/modules/run_main:81:12)
    at node:internal/main/run_main_module:22:47 {
  code: 'MODULE_NOT_FOUND',
  requireStack: []
}
[2026-08-14T04:54:16.079Z] lib/fetch-srf-data.js failed with exit code 1
[2026-08-14T04:54:16.079Z] Running lib/fetch-bill-share-data.js...
[2026-08-14T04:54:16.107Z] [lib/fetch-bill-share-data.js] ERROR: node:internal/modules/cjs/loader:1031
  throw err;
  ^

Error: Cannot find module '/home/runner/work/liquiditydashboard/liquiditydashboard/web/lib/fetch-bill-share-data.js'
    at Function.Module._resolveFilename (node:internal/modules/cjs/loader:1028:15)
    at Function.Module._load (node:internal/modules/cjs/loader:873:27)
    at Function.executeUserEntryPoint [as runMain] (node:internal/modules/run_main:81:12)
    at node:internal/main/run_main_module:22:47 {
  code: 'MODULE_NOT_FOUND',
  requireStack: []
}
[2026-08-14T04:54:16.109Z] lib/fetch-bill-share-data.js failed with exit code 1
[2026-08-14T04:54:16.109Z] Running lib/cleanup-future-dates.js...
[2026-08-14T04:54:16.191Z] [lib/cleanup-future-dates.js] Starting data cleanup process...
[2026-08-14T04:54:16.531Z] [lib/cleanup-future-dates.js] WorldTimeAPI failed, trying alternative source
[2026-08-14T04:54:17.219Z] [lib/cleanup-future-dates.js] Using TimeAPI date: 2026-08-14T04:27:58.8674401
[2026-08-14T04:54:17.219Z] [lib/cleanup-future-dates.js] Using reference date: 2026-8-14
[2026-08-14T04:54:17.220Z] [lib/cleanup-future-dates.js] Processing MOVE index data (/home/runner/work/liquiditydashboard/liquiditydashboard/web/public/series/move.json)...
[2026-08-14T04:54:17.220Z] [lib/cleanup-future-dates.js] Loaded 111 MOVE index data points
[2026-08-14T04:54:17.221Z] [lib/cleanup-future-dates.js] No future-dated entries found in MOVE index data
[2026-08-14T04:54:17.221Z] [lib/cleanup-future-dates.js] Processing SRF data (/home/runner/work/liquiditydashboard/liquiditydashboard/web/public/series/srf.json)...
[2026-08-14T04:54:17.222Z] [lib/cleanup-future-dates.js] Loaded 1017 SRF data points
[2026-08-14T04:54:17.224Z] [lib/cleanup-future-dates.js] No future-dated entries found in SRF data
[2026-08-14T04:54:17.224Z] [lib/cleanup-future-dates.js] Processing Treasury bill share data (/home/runner/work/liquiditydashboard/liquiditydashboard/web/public/series/bill-share.json)...
[2026-08-14T04:54:17.225Z] [lib/cleanup-future-dates.js] Loaded 282 Treasury bill share data points
[2026-08-14T04:54:17.225Z] [lib/cleanup-future-dates.js] No future-dated entries found in Treasury bill share data
[2026-08-14T04:54:17.225Z] [lib/cleanup-future-dates.js] Cleanup complete! Removed 0 future-dated entries in total.
Data cleanup completed with no changes needed
[2026-08-14T04:54:17.228Z] lib/cleanup-future-dates.js completed successfully
[2026-08-14T04:54:17.228Z] Running lib/validate-data.js...
[2026-08-14T04:54:17.311Z] [lib/validate-data.js] Running data validation...
[2026-08-14T04:54:17.311Z] [lib/validate-data.js] Validating MOVE index data...
[2026-08-14T04:54:17.312Z] [lib/validate-data.js] Found 111 MOVE data points
[2026-08-14T04:54:17.464Z] [lib/validate-data.js] WorldTimeAPI failed, trying alternative source
[2026-08-14T04:54:18.153Z] [lib/validate-data.js] Using TimeAPI date: 2026-08-14T04:27:59.8010023
[2026-08-14T04:54:18.153Z] [lib/validate-data.js] Using reference date: 2026-8-14
[2026-08-14T04:54:18.154Z] [lib/validate-data.js] MOVE index data validation passed ✓
[2026-08-14T04:54:18.154Z] [lib/validate-data.js] Validating SRF data...
[2026-08-14T04:54:18.155Z] [lib/validate-data.js] Found 1017 SRF data points
[2026-08-14T04:54:18.270Z] [lib/validate-data.js] WorldTimeAPI failed, trying alternative source
[2026-08-14T04:54:19.105Z] [lib/validate-data.js] Using TimeAPI date: 2026-08-14T04:28:00.7572259
[2026-08-14T04:54:19.108Z] [lib/validate-data.js] SRF data validation passed ✓
[2026-08-14T04:54:19.108Z] [lib/validate-data.js] Validating Treasury funding data...
[2026-08-14T04:54:19.108Z] [lib/validate-data.js] Found 282 Treasury funding data points
[2026-08-14T04:54:19.109Z] [lib/validate-data.js] Treasury funding data validation passed ✓
[2026-08-14T04:54:19.109Z] [lib/validate-data.js] All data validation passed ✓
[2026-08-14T04:54:19.111Z] lib/validate-data.js completed successfully
[2026-08-14T04:54:19.112Z] Dashboard update process completed successfully
