[2026-08-31T09:34:59.474Z] Starting Liquidity Dashboard update process
[2026-08-31T09:34:59.476Z] Running lib/data-backup.js...
[2026-08-31T09:34:59.508Z] [lib/data-backup.js] ERROR: node:internal/modules/cjs/loader:1031
  throw err;
  ^

Error: Cannot find module '/home/runner/work/liquiditydashboard/liquiditydashboard/web/lib/data-backup.js'
    at Function.Module._resolveFilename (node:internal/modules/cjs/loader:1028:15)
    at Function.Module._load (node:internal/modules/cjs/loader:873:27)
    at Function.executeUserEntryPoint [as runMain] (node:internal/modules/run_main:81:12)
    at node:internal/main/run_main_module:22:47 {
  code: 'MODULE_NOT_FOUND',
  requireStack: []
}
[2026-08-31T09:34:59.511Z] lib/data-backup.js failed with exit code 1
[2026-08-31T09:34:59.512Z] Running lib/data-backup.js clean...
[2026-08-31T09:34:59.543Z] [lib/data-backup.js clean] ERROR: node:internal/modules/cjs/loader:1031
  throw err;
  ^

Error: Cannot find module '/home/runner/work/liquiditydashboard/liquiditydashboard/web/lib/data-backup.js'
    at Function.Module._resolveFilename (node:internal/modules/cjs/loader:1028:15)
    at Function.Module._load (node:internal/modules/cjs/loader:873:27)
    at Function.executeUserEntryPoint [as runMain] (node:internal/modules/run_main:81:12)
    at node:internal/main/run_main_module:22:47 {
  code: 'MODULE_NOT_FOUND',
  requireStack: []
}
[2026-08-31T09:34:59.546Z] lib/data-backup.js clean failed with exit code 1
[2026-08-31T09:34:59.546Z] Running lib/import-historical-move-data.js...
[2026-08-31T09:34:59.576Z] [lib/import-historical-move-data.js] ERROR: node:internal/modules/cjs/loader:1031
  throw err;
  ^

Error: Cannot find module '/home/runner/work/liquiditydashboard/liquiditydashboard/web/lib/import-historical-move-data.js'
    at Function.Module._resolveFilename (node:internal/modules/cjs/loader:1028:15)
    at Function.Module._load (node:internal/modules/cjs/loader:873:27)
    at Function.executeUserEntryPoint [as runMain] (node:internal/modules/run_main:81:12)
    at node:internal/main/run_main_module:22:47 {
  code: 'MODULE_NOT_FOUND',
  requireStack: []
}
[2026-08-31T09:34:59.578Z] lib/import-historical-move-data.js failed with exit code 1
[2026-08-31T09:34:59.578Z] Running lib/fetch-move-data.js...
[2026-08-31T09:34:59.608Z] [lib/fetch-move-data.js] ERROR: node:internal/modules/cjs/loader:1031
  throw err;
  ^

Error: Cannot find module '/home/runner/work/liquiditydashboard/liquiditydashboard/web/lib/fetch-move-data.js'
    at Function.Module._resolveFilename (node:internal/modules/cjs/loader:1028:15)
    at Function.Module._load (node:internal/modules/cjs/loader:873:27)
    at Function.executeUserEntryPoint [as runMain] (node:internal/modules/run_main:81:12)
    at node:internal/main/run_main_module:22:47 {
  code: 'MODULE_NOT_FOUND',
  requireStack: []
}
[2026-08-31T09:34:59.611Z] lib/fetch-move-data.js failed with exit code 1
[2026-08-31T09:34:59.611Z] Running lib/fetch-srf-data.js...
[2026-08-31T09:34:59.642Z] [lib/fetch-srf-data.js] ERROR: node:internal/modules/cjs/loader:1031
  throw err;
  ^

Error: Cannot find module '/home/runner/work/liquiditydashboard/liquiditydashboard/web/lib/fetch-srf-data.js'
    at Function.Module._resolveFilename (node:internal/modules/cjs/loader:1028:15)
    at Function.Module._load (node:internal/modules/cjs/loader:873:27)
    at Function.executeUserEntryPoint [as runMain] (node:internal/modules/run_main:81:12)
    at node:internal/main/run_main_module:22:47 {
  code: 'MODULE_NOT_FOUND',
  requireStack: []
}
[2026-08-31T09:34:59.644Z] lib/fetch-srf-data.js failed with exit code 1
[2026-08-31T09:34:59.644Z] Running lib/fetch-bill-share-data.js...
[2026-08-31T09:34:59.675Z] [lib/fetch-bill-share-data.js] ERROR: node:internal/modules/cjs/loader:1031
  throw err;
  ^

Error: Cannot find module '/home/runner/work/liquiditydashboard/liquiditydashboard/web/lib/fetch-bill-share-data.js'
    at Function.Module._resolveFilename (node:internal/modules/cjs/loader:1028:15)
    at Function.Module._load (node:internal/modules/cjs/loader:873:27)
    at Function.executeUserEntryPoint [as runMain] (node:internal/modules/run_main:81:12)
    at node:internal/main/run_main_module:22:47 {
  code: 'MODULE_NOT_FOUND',
  requireStack: []
}
[2026-08-31T09:34:59.676Z] lib/fetch-bill-share-data.js failed with exit code 1
[2026-08-31T09:34:59.677Z] Running lib/cleanup-future-dates.js...
[2026-08-31T09:34:59.762Z] [lib/cleanup-future-dates.js] Starting data cleanup process...
[2026-08-31T09:34:59.836Z] [lib/cleanup-future-dates.js] WorldTimeAPI failed, trying alternative source
[2026-08-31T09:35:00.293Z] [lib/cleanup-future-dates.js] Using TimeAPI date: 2026-08-31T09:35:00.2325533
[2026-08-31T09:35:00.293Z] [lib/cleanup-future-dates.js] Using reference date: 2026-8-31

Processing MOVE index data (/home/runner/work/liquiditydashboard/liquiditydashboard/web/public/series/move.json)...
[2026-08-31T09:35:00.293Z] [lib/cleanup-future-dates.js] Loaded 111 MOVE index data points
[2026-08-31T09:35:00.293Z] [lib/cleanup-future-dates.js] No future-dated entries found in MOVE index data
[2026-08-31T09:35:00.294Z] [lib/cleanup-future-dates.js] Processing SRF data (/home/runner/work/liquiditydashboard/liquiditydashboard/web/public/series/srf.json)...
[2026-08-31T09:35:00.294Z] [lib/cleanup-future-dates.js] Loaded 1017 SRF data points
[2026-08-31T09:35:00.295Z] [lib/cleanup-future-dates.js] No future-dated entries found in SRF data
[2026-08-31T09:35:00.295Z] [lib/cleanup-future-dates.js] Processing Treasury bill share data (/home/runner/work/liquiditydashboard/liquiditydashboard/web/public/series/bill-share.json)...
[2026-08-31T09:35:00.295Z] [lib/cleanup-future-dates.js] Loaded 282 Treasury bill share data points
[2026-08-31T09:35:00.296Z] [lib/cleanup-future-dates.js] No future-dated entries found in Treasury bill share data
[2026-08-31T09:35:00.296Z] [lib/cleanup-future-dates.js] Cleanup complete! Removed 0 future-dated entries in total.
[2026-08-31T09:35:00.296Z] [lib/cleanup-future-dates.js] Data cleanup completed with no changes needed
[2026-08-31T09:35:00.299Z] lib/cleanup-future-dates.js completed successfully
[2026-08-31T09:35:00.299Z] Running lib/validate-data.js...
[2026-08-31T09:35:00.383Z] [lib/validate-data.js] Running data validation...
[2026-08-31T09:35:00.383Z] [lib/validate-data.js] Validating MOVE index data...
[2026-08-31T09:35:00.384Z] [lib/validate-data.js] Found 111 MOVE data points
[2026-08-31T09:35:00.464Z] [lib/validate-data.js] WorldTimeAPI failed, trying alternative source
[2026-08-31T09:35:01.048Z] [lib/validate-data.js] Using TimeAPI date: 2026-08-31T09:35:00.9768014
[2026-08-31T09:35:01.048Z] [lib/validate-data.js] Using reference date: 2026-8-31
[2026-08-31T09:35:01.049Z] [lib/validate-data.js] MOVE index data validation passed ✓
[2026-08-31T09:35:01.049Z] [lib/validate-data.js] Validating SRF data...
[2026-08-31T09:35:01.050Z] [lib/validate-data.js] Found 1017 SRF data points
[2026-08-31T09:35:01.095Z] [lib/validate-data.js] WorldTimeAPI failed, trying alternative source
[2026-08-31T09:35:01.541Z] [lib/validate-data.js] Using TimeAPI date: 2026-08-31T09:35:01.4855493
[2026-08-31T09:35:01.543Z] [lib/validate-data.js] SRF data validation passed ✓
[2026-08-31T09:35:01.544Z] [lib/validate-data.js] Validating Treasury funding data...
[2026-08-31T09:35:01.544Z] [lib/validate-data.js] Found 282 Treasury funding data points
[2026-08-31T09:35:01.544Z] [lib/validate-data.js] Treasury funding data validation passed ✓
[2026-08-31T09:35:01.544Z] [lib/validate-data.js] All data validation passed ✓
[2026-08-31T09:35:01.547Z] lib/validate-data.js completed successfully
[2026-08-31T09:35:01.547Z] Dashboard update process completed successfully
