[2026-09-10T08:01:01.406Z] Starting Liquidity Dashboard update process
[2026-09-10T08:01:01.408Z] Running lib/data-backup.js...
[2026-09-10T08:01:01.436Z] [lib/data-backup.js] ERROR: node:internal/modules/cjs/loader:1031
  throw err;
  ^

Error: Cannot find module '/home/runner/work/liquiditydashboard/liquiditydashboard/web/lib/data-backup.js'
    at Function.Module._resolveFilename (node:internal/modules/cjs/loader:1028:15)
    at Function.Module._load (node:internal/modules/cjs/loader:873:27)
    at Function.executeUserEntryPoint [as runMain] (node:internal/modules/run_main:81:12)
    at node:internal/main/run_main_module:22:47 {
  code: 'MODULE_NOT_FOUND',
  requireStack: []
}
[2026-09-10T08:01:01.439Z] lib/data-backup.js failed with exit code 1
[2026-09-10T08:01:01.439Z] Running lib/data-backup.js clean...
[2026-09-10T08:01:01.466Z] [lib/data-backup.js clean] ERROR: node:internal/modules/cjs/loader:1031
  throw err;
  ^

Error: Cannot find module '/home/runner/work/liquiditydashboard/liquiditydashboard/web/lib/data-backup.js'
    at Function.Module._resolveFilename (node:internal/modules/cjs/loader:1028:15)
    at Function.Module._load (node:internal/modules/cjs/loader:873:27)
    at Function.executeUserEntryPoint [as runMain] (node:internal/modules/run_main:81:12)
    at node:internal/main/run_main_module:22:47 {
  code: 'MODULE_NOT_FOUND',
  requireStack: []
}
[2026-09-10T08:01:01.468Z] lib/data-backup.js clean failed with exit code 1
[2026-09-10T08:01:01.468Z] Running lib/import-historical-move-data.js...
[2026-09-10T08:01:01.495Z] [lib/import-historical-move-data.js] ERROR: node:internal/modules/cjs/loader:1031
  throw err;
  ^

Error: Cannot find module '/home/runner/work/liquiditydashboard/liquiditydashboard/web/lib/import-historical-move-data.js'
    at Function.Module._resolveFilename (node:internal/modules/cjs/loader:1028:15)
    at Function.Module._load (node:internal/modules/cjs/loader:873:27)
    at Function.executeUserEntryPoint [as runMain] (node:internal/modules/run_main:81:12)
    at node:internal/main/run_main_module:22:47 {
  code: 'MODULE_NOT_FOUND',
  requireStack: []
}
[2026-09-10T08:01:01.497Z] lib/import-historical-move-data.js failed with exit code 1
[2026-09-10T08:01:01.497Z] Running lib/fetch-move-data.js...
[2026-09-10T08:01:01.525Z] [lib/fetch-move-data.js] ERROR: node:internal/modules/cjs/loader:1031
  throw err;
  ^

Error: Cannot find module '/home/runner/work/liquiditydashboard/liquiditydashboard/web/lib/fetch-move-data.js'
    at Function.Module._resolveFilename (node:internal/modules/cjs/loader:1028:15)
    at Function.Module._load (node:internal/modules/cjs/loader:873:27)
    at Function.executeUserEntryPoint [as runMain] (node:internal/modules/run_main:81:12)
    at node:internal/main/run_main_module:22:47 {
  code: 'MODULE_NOT_FOUND',
  requireStack: []
}
[2026-09-10T08:01:01.526Z] lib/fetch-move-data.js failed with exit code 1
[2026-09-10T08:01:01.526Z] Running lib/fetch-srf-data.js...
[2026-09-10T08:01:01.558Z] [lib/fetch-srf-data.js] ERROR: node:internal/modules/cjs/loader:1031
  throw err;
  ^

Error: Cannot find module '/home/runner/work/liquiditydashboard/liquiditydashboard/web/lib/fetch-srf-data.js'
    at Function.Module._resolveFilename (node:internal/modules/cjs/loader:1028:15)
    at Function.Module._load (node:internal/modules/cjs/loader:873:27)
    at Function.executeUserEntryPoint [as runMain] (node:internal/modules/run_main:81:12)
    at node:internal/main/run_main_module:22:47 {
  code: 'MODULE_NOT_FOUND',
  requireStack: []
}
[2026-09-10T08:01:01.560Z] lib/fetch-srf-data.js failed with exit code 1
[2026-09-10T08:01:01.560Z] Running lib/fetch-bill-share-data.js...
[2026-09-10T08:01:01.588Z] [lib/fetch-bill-share-data.js] ERROR: node:internal/modules/cjs/loader:1031
  throw err;
  ^

Error: Cannot find module '/home/runner/work/liquiditydashboard/liquiditydashboard/web/lib/fetch-bill-share-data.js'
    at Function.Module._resolveFilename (node:internal/modules/cjs/loader:1028:15)
    at Function.Module._load (node:internal/modules/cjs/loader:873:27)
    at Function.executeUserEntryPoint [as runMain] (node:internal/modules/run_main:81:12)
    at node:internal/main/run_main_module:22:47 {
  code: 'MODULE_NOT_FOUND',
  requireStack: []
}
[2026-09-10T08:01:01.590Z] lib/fetch-bill-share-data.js failed with exit code 1
[2026-09-10T08:01:01.590Z] Running lib/cleanup-future-dates.js...
[2026-09-10T08:01:01.673Z] [lib/cleanup-future-dates.js] Starting data cleanup process...
[2026-09-10T08:01:01.770Z] [lib/cleanup-future-dates.js] WorldTimeAPI failed, trying alternative source
[2026-09-10T08:01:02.322Z] [lib/cleanup-future-dates.js] Using TimeAPI date: 2026-09-10T08:01:02.2618934
[2026-09-10T08:01:02.323Z] [lib/cleanup-future-dates.js] Using reference date: 2026-9-10
[2026-09-10T08:01:02.323Z] [lib/cleanup-future-dates.js] Processing MOVE index data (/home/runner/work/liquiditydashboard/liquiditydashboard/web/public/series/move.json)...
[2026-09-10T08:01:02.323Z] [lib/cleanup-future-dates.js] Loaded 111 MOVE index data points
[2026-09-10T08:01:02.323Z] [lib/cleanup-future-dates.js] No future-dated entries found in MOVE index data
[2026-09-10T08:01:02.323Z] [lib/cleanup-future-dates.js] Processing SRF data (/home/runner/work/liquiditydashboard/liquiditydashboard/web/public/series/srf.json)...
[2026-09-10T08:01:02.324Z] [lib/cleanup-future-dates.js] Loaded 1017 SRF data points
[2026-09-10T08:01:02.325Z] [lib/cleanup-future-dates.js] No future-dated entries found in SRF data
[2026-09-10T08:01:02.325Z] [lib/cleanup-future-dates.js] Processing Treasury bill share data (/home/runner/work/liquiditydashboard/liquiditydashboard/web/public/series/bill-share.json)...
[2026-09-10T08:01:02.325Z] [lib/cleanup-future-dates.js] Loaded 282 Treasury bill share data points
[2026-09-10T08:01:02.326Z] [lib/cleanup-future-dates.js] No future-dated entries found in Treasury bill share data
[2026-09-10T08:01:02.326Z] [lib/cleanup-future-dates.js] Cleanup complete! Removed 0 future-dated entries in total.
Data cleanup completed with no changes needed
[2026-09-10T08:01:02.329Z] lib/cleanup-future-dates.js completed successfully
[2026-09-10T08:01:02.329Z] Running lib/validate-data.js...
[2026-09-10T08:01:02.411Z] [lib/validate-data.js] Running data validation...
[2026-09-10T08:01:02.411Z] [lib/validate-data.js] Validating MOVE index data...
[2026-09-10T08:01:02.412Z] [lib/validate-data.js] Found 111 MOVE data points
[2026-09-10T08:01:02.493Z] [lib/validate-data.js] WorldTimeAPI failed, trying alternative source
[2026-09-10T08:01:02.943Z] [lib/validate-data.js] Using TimeAPI date: 2026-09-10T08:01:02.8819857
[2026-09-10T08:01:02.943Z] [lib/validate-data.js] Using reference date: 2026-9-10
[2026-09-10T08:01:02.943Z] [lib/validate-data.js] MOVE index data validation passed ✓
[2026-09-10T08:01:02.944Z] [lib/validate-data.js] Validating SRF data...
[2026-09-10T08:01:02.944Z] [lib/validate-data.js] Found 1017 SRF data points
[2026-09-10T08:01:03.054Z] [lib/validate-data.js] WorldTimeAPI failed, trying alternative source
[2026-09-10T08:01:03.490Z] [lib/validate-data.js] Using TimeAPI date: 2026-09-10T08:01:03.4344808
[2026-09-10T08:01:03.492Z] [lib/validate-data.js] SRF data validation passed ✓
[2026-09-10T08:01:03.493Z] [lib/validate-data.js] Validating Treasury funding data...
[2026-09-10T08:01:03.493Z] [lib/validate-data.js] Found 282 Treasury funding data points
[2026-09-10T08:01:03.493Z] [lib/validate-data.js] Treasury funding data validation passed ✓
All data validation passed ✓
[2026-09-10T08:01:03.496Z] lib/validate-data.js completed successfully
[2026-09-10T08:01:03.496Z] Dashboard update process completed successfully
