[2026-08-23T03:54:56.645Z] Starting Liquidity Dashboard update process
[2026-08-23T03:54:56.647Z] Running lib/data-backup.js...
[2026-08-23T03:54:56.678Z] [lib/data-backup.js] ERROR: node:internal/modules/cjs/loader:1031
  throw err;
  ^

Error: Cannot find module '/home/runner/work/liquiditydashboard/liquiditydashboard/web/lib/data-backup.js'
    at Function.Module._resolveFilename (node:internal/modules/cjs/loader:1028:15)
    at Function.Module._load (node:internal/modules/cjs/loader:873:27)
    at Function.executeUserEntryPoint [as runMain] (node:internal/modules/run_main:81:12)
    at node:internal/main/run_main_module:22:47 {
  code: 'MODULE_NOT_FOUND',
  requireStack: []
}
[2026-08-23T03:54:56.681Z] lib/data-backup.js failed with exit code 1
[2026-08-23T03:54:56.681Z] Running lib/data-backup.js clean...
[2026-08-23T03:54:56.711Z] [lib/data-backup.js clean] ERROR: node:internal/modules/cjs/loader:1031
  throw err;
  ^

Error: Cannot find module '/home/runner/work/liquiditydashboard/liquiditydashboard/web/lib/data-backup.js'
    at Function.Module._resolveFilename (node:internal/modules/cjs/loader:1028:15)
    at Function.Module._load (node:internal/modules/cjs/loader:873:27)
    at Function.executeUserEntryPoint [as runMain] (node:internal/modules/run_main:81:12)
    at node:internal/main/run_main_module:22:47 {
  code: 'MODULE_NOT_FOUND',
  requireStack: []
}
[2026-08-23T03:54:56.713Z] lib/data-backup.js clean failed with exit code 1
[2026-08-23T03:54:56.713Z] Running lib/import-historical-move-data.js...
[2026-08-23T03:54:56.743Z] [lib/import-historical-move-data.js] ERROR: node:internal/modules/cjs/loader:1031
  throw err;
  ^

Error: Cannot find module '/home/runner/work/liquiditydashboard/liquiditydashboard/web/lib/import-historical-move-data.js'
    at Function.Module._resolveFilename (node:internal/modules/cjs/loader:1028:15)
    at Function.Module._load (node:internal/modules/cjs/loader:873:27)
    at Function.executeUserEntryPoint [as runMain] (node:internal/modules/run_main:81:12)
    at node:internal/main/run_main_module:22:47 {
  code: 'MODULE_NOT_FOUND',
  requireStack: []
}
[2026-08-23T03:54:56.745Z] lib/import-historical-move-data.js failed with exit code 1
[2026-08-23T03:54:56.745Z] Running lib/fetch-move-data.js...
[2026-08-23T03:54:56.775Z] [lib/fetch-move-data.js] ERROR: node:internal/modules/cjs/loader:1031
  throw err;
  ^

Error: Cannot find module '/home/runner/work/liquiditydashboard/liquiditydashboard/web/lib/fetch-move-data.js'
    at Function.Module._resolveFilename (node:internal/modules/cjs/loader:1028:15)
    at Function.Module._load (node:internal/modules/cjs/loader:873:27)
    at Function.executeUserEntryPoint [as runMain] (node:internal/modules/run_main:81:12)
    at node:internal/main/run_main_module:22:47 {
  code: 'MODULE_NOT_FOUND',
  requireStack: []
}
[2026-08-23T03:54:56.777Z] lib/fetch-move-data.js failed with exit code 1
[2026-08-23T03:54:56.777Z] Running lib/fetch-srf-data.js...
[2026-08-23T03:54:56.807Z] [lib/fetch-srf-data.js] ERROR: node:internal/modules/cjs/loader:1031
  throw err;
  ^

Error: Cannot find module '/home/runner/work/liquiditydashboard/liquiditydashboard/web/lib/fetch-srf-data.js'
    at Function.Module._resolveFilename (node:internal/modules/cjs/loader:1028:15)
    at Function.Module._load (node:internal/modules/cjs/loader:873:27)
    at Function.executeUserEntryPoint [as runMain] (node:internal/modules/run_main:81:12)
    at node:internal/main/run_main_module:22:47 {
  code: 'MODULE_NOT_FOUND',
  requireStack: []
}
[2026-08-23T03:54:56.809Z] lib/fetch-srf-data.js failed with exit code 1
[2026-08-23T03:54:56.809Z] Running lib/fetch-bill-share-data.js...
[2026-08-23T03:54:56.840Z] [lib/fetch-bill-share-data.js] ERROR: node:internal/modules/cjs/loader:1031
  throw err;
  ^

Error: Cannot find module '/home/runner/work/liquiditydashboard/liquiditydashboard/web/lib/fetch-bill-share-data.js'
    at Function.Module._resolveFilename (node:internal/modules/cjs/loader:1028:15)
    at Function.Module._load (node:internal/modules/cjs/loader:873:27)
    at Function.executeUserEntryPoint [as runMain] (node:internal/modules/run_main:81:12)
    at node:internal/main/run_main_module:22:47 {
  code: 'MODULE_NOT_FOUND',
  requireStack: []
}
[2026-08-23T03:54:56.841Z] lib/fetch-bill-share-data.js failed with exit code 1
[2026-08-23T03:54:56.842Z] Running lib/cleanup-future-dates.js...
[2026-08-23T03:54:56.939Z] [lib/cleanup-future-dates.js] Starting data cleanup process...
[2026-08-23T03:54:57.154Z] [lib/cleanup-future-dates.js] WorldTimeAPI failed, trying alternative source
[2026-08-23T03:54:57.688Z] [lib/cleanup-future-dates.js] Using TimeAPI date: 2026-08-23T03:54:57.6321391
[2026-08-23T03:54:57.688Z] [lib/cleanup-future-dates.js] Using reference date: 2026-8-23
[2026-08-23T03:54:57.688Z] [lib/cleanup-future-dates.js] Processing MOVE index data (/home/runner/work/liquiditydashboard/liquiditydashboard/web/public/series/move.json)...
[2026-08-23T03:54:57.688Z] [lib/cleanup-future-dates.js] Loaded 111 MOVE index data points
[2026-08-23T03:54:57.689Z] [lib/cleanup-future-dates.js] No future-dated entries found in MOVE index data
[2026-08-23T03:54:57.689Z] [lib/cleanup-future-dates.js] Processing SRF data (/home/runner/work/liquiditydashboard/liquiditydashboard/web/public/series/srf.json)...
[2026-08-23T03:54:57.689Z] [lib/cleanup-future-dates.js] Loaded 1017 SRF data points
[2026-08-23T03:54:57.691Z] [lib/cleanup-future-dates.js] No future-dated entries found in SRF data
[2026-08-23T03:54:57.691Z] [lib/cleanup-future-dates.js] Processing Treasury bill share data (/home/runner/work/liquiditydashboard/liquiditydashboard/web/public/series/bill-share.json)...
[2026-08-23T03:54:57.691Z] [lib/cleanup-future-dates.js] Loaded 282 Treasury bill share data points
[2026-08-23T03:54:57.691Z] [lib/cleanup-future-dates.js] No future-dated entries found in Treasury bill share data
[2026-08-23T03:54:57.692Z] [lib/cleanup-future-dates.js] Cleanup complete! Removed 0 future-dated entries in total.
Data cleanup completed with no changes needed
[2026-08-23T03:54:57.695Z] lib/cleanup-future-dates.js completed successfully
[2026-08-23T03:54:57.695Z] Running lib/validate-data.js...
[2026-08-23T03:54:57.778Z] [lib/validate-data.js] Running data validation...
[2026-08-23T03:54:57.779Z] [lib/validate-data.js] Validating MOVE index data...
[2026-08-23T03:54:57.779Z] [lib/validate-data.js] Found 111 MOVE data points
[2026-08-23T03:54:57.885Z] [lib/validate-data.js] WorldTimeAPI failed, trying alternative source
[2026-08-23T03:54:58.310Z] [lib/validate-data.js] Using TimeAPI date: 2026-08-23T03:54:58.2542248
[2026-08-23T03:54:58.310Z] [lib/validate-data.js] Using reference date: 2026-8-23
[2026-08-23T03:54:58.311Z] [lib/validate-data.js] MOVE index data validation passed ✓
[2026-08-23T03:54:58.311Z] [lib/validate-data.js] Validating SRF data...
[2026-08-23T03:54:58.312Z] [lib/validate-data.js] Found 1017 SRF data points
[2026-08-23T03:54:58.404Z] [lib/validate-data.js] WorldTimeAPI failed, trying alternative source
[2026-08-23T03:54:58.815Z] [lib/validate-data.js] Using TimeAPI date: 2026-08-23T03:54:58.7640929
[2026-08-23T03:54:58.817Z] [lib/validate-data.js] SRF data validation passed ✓
[2026-08-23T03:54:58.817Z] [lib/validate-data.js] Validating Treasury funding data...
[2026-08-23T03:54:58.818Z] [lib/validate-data.js] Found 282 Treasury funding data points
[2026-08-23T03:54:58.818Z] [lib/validate-data.js] Treasury funding data validation passed ✓
[2026-08-23T03:54:58.818Z] [lib/validate-data.js] All data validation passed ✓
[2026-08-23T03:54:58.822Z] lib/validate-data.js completed successfully
[2026-08-23T03:54:58.822Z] Dashboard update process completed successfully
