[2026-09-25T08:42:07.427Z] Starting Liquidity Dashboard update process
[2026-09-25T08:42:07.428Z] Running lib/data-backup.js...
[2026-09-25T08:42:07.449Z] [lib/data-backup.js] ERROR: node:internal/modules/cjs/loader:1031
  throw err;
  ^

Error: Cannot find module '/home/runner/work/liquiditydashboard/liquiditydashboard/web/lib/data-backup.js'
    at Function.Module._resolveFilename (node:internal/modules/cjs/loader:1028:15)
    at Function.Module._load (node:internal/modules/cjs/loader:873:27)
    at Function.executeUserEntryPoint [as runMain] (node:internal/modules/run_main:81:12)
    at node:internal/main/run_main_module:22:47 {
  code: 'MODULE_NOT_FOUND',
  requireStack: []
}
[2026-09-25T08:42:07.452Z] lib/data-backup.js failed with exit code 1
[2026-09-25T08:42:07.452Z] Running lib/data-backup.js clean...
[2026-09-25T08:42:07.473Z] [lib/data-backup.js clean] ERROR: node:internal/modules/cjs/loader:1031
  throw err;
  ^

Error: Cannot find module '/home/runner/work/liquiditydashboard/liquiditydashboard/web/lib/data-backup.js'
    at Function.Module._resolveFilename (node:internal/modules/cjs/loader:1028:15)
    at Function.Module._load (node:internal/modules/cjs/loader:873:27)
    at Function.executeUserEntryPoint [as runMain] (node:internal/modules/run_main:81:12)
    at node:internal/main/run_main_module:22:47 {
  code: 'MODULE_NOT_FOUND',
  requireStack: []
}
[2026-09-25T08:42:07.475Z] lib/data-backup.js clean failed with exit code 1
[2026-09-25T08:42:07.475Z] Running lib/import-historical-move-data.js...
[2026-09-25T08:42:07.496Z] [lib/import-historical-move-data.js] ERROR: node:internal/modules/cjs/loader:1031
  throw err;
  ^

Error: Cannot find module '/home/runner/work/liquiditydashboard/liquiditydashboard/web/lib/import-historical-move-data.js'
    at Function.Module._resolveFilename (node:internal/modules/cjs/loader:1028:15)
    at Function.Module._load (node:internal/modules/cjs/loader:873:27)
    at Function.executeUserEntryPoint [as runMain] (node:internal/modules/run_main:81:12)
    at node:internal/main/run_main_module:22:47 {
  code: 'MODULE_NOT_FOUND',
  requireStack: []
}
[2026-09-25T08:42:07.497Z] lib/import-historical-move-data.js failed with exit code 1
[2026-09-25T08:42:07.497Z] Running lib/fetch-move-data.js...
[2026-09-25T08:42:07.518Z] [lib/fetch-move-data.js] ERROR: node:internal/modules/cjs/loader:1031
  throw err;
  ^

Error: Cannot find module '/home/runner/work/liquiditydashboard/liquiditydashboard/web/lib/fetch-move-data.js'
    at Function.Module._resolveFilename (node:internal/modules/cjs/loader:1028:15)
    at Function.Module._load (node:internal/modules/cjs/loader:873:27)
    at Function.executeUserEntryPoint [as runMain] (node:internal/modules/run_main:81:12)
    at node:internal/main/run_main_module:22:47 {
  code: 'MODULE_NOT_FOUND',
  requireStack: []
}
[2026-09-25T08:42:07.519Z] lib/fetch-move-data.js failed with exit code 1
[2026-09-25T08:42:07.519Z] Running lib/fetch-srf-data.js...
[2026-09-25T08:42:07.542Z] [lib/fetch-srf-data.js] ERROR: node:internal/modules/cjs/loader:1031
  throw err;
  ^

Error: Cannot find module '/home/runner/work/liquiditydashboard/liquiditydashboard/web/lib/fetch-srf-data.js'
    at Function.Module._resolveFilename (node:internal/modules/cjs/loader:1028:15)
    at Function.Module._load (node:internal/modules/cjs/loader:873:27)
    at Function.executeUserEntryPoint [as runMain] (node:internal/modules/run_main:81:12)
    at node:internal/main/run_main_module:22:47 {
  code: 'MODULE_NOT_FOUND',
  requireStack: []
}
[2026-09-25T08:42:07.544Z] lib/fetch-srf-data.js failed with exit code 1
[2026-09-25T08:42:07.544Z] Running lib/fetch-bill-share-data.js...
[2026-09-25T08:42:07.577Z] [lib/fetch-bill-share-data.js] ERROR: node:internal/modules/cjs/loader:1031
  throw err;
  ^

Error: Cannot find module '/home/runner/work/liquiditydashboard/liquiditydashboard/web/lib/fetch-bill-share-data.js'
    at Function.Module._resolveFilename (node:internal/modules/cjs/loader:1028:15)
    at Function.Module._load (node:internal/modules/cjs/loader:873:27)
    at Function.executeUserEntryPoint [as runMain] (node:internal/modules/run_main:81:12)
    at node:internal/main/run_main_module:22:47 {
  code: 'MODULE_NOT_FOUND',
  requireStack: []
}
[2026-09-25T08:42:07.580Z] lib/fetch-bill-share-data.js failed with exit code 1
[2026-09-25T08:42:07.581Z] Running lib/cleanup-future-dates.js...
[2026-09-25T08:42:07.666Z] [lib/cleanup-future-dates.js] Starting data cleanup process...
[2026-09-25T08:42:07.966Z] [lib/cleanup-future-dates.js] WorldTimeAPI failed, trying alternative source
[2026-09-25T08:42:08.888Z] [lib/cleanup-future-dates.js] Using TimeAPI date: 2026-09-25T08:42:08.8102571
[2026-09-25T08:42:08.888Z] [lib/cleanup-future-dates.js] Using reference date: 2026-9-25

Processing MOVE index data (/home/runner/work/liquiditydashboard/liquiditydashboard/web/public/series/move.json)...
[2026-09-25T08:42:08.888Z] [lib/cleanup-future-dates.js] Loaded 111 MOVE index data points
[2026-09-25T08:42:08.888Z] [lib/cleanup-future-dates.js] No future-dated entries found in MOVE index data
[2026-09-25T08:42:08.888Z] [lib/cleanup-future-dates.js] Processing SRF data (/home/runner/work/liquiditydashboard/liquiditydashboard/web/public/series/srf.json)...
[2026-09-25T08:42:08.889Z] [lib/cleanup-future-dates.js] Loaded 1017 SRF data points
[2026-09-25T08:42:08.889Z] [lib/cleanup-future-dates.js] No future-dated entries found in SRF data
[2026-09-25T08:42:08.889Z] [lib/cleanup-future-dates.js] Processing Treasury bill share data (/home/runner/work/liquiditydashboard/liquiditydashboard/web/public/series/bill-share.json)...
[2026-09-25T08:42:08.889Z] [lib/cleanup-future-dates.js] Loaded 282 Treasury bill share data points
[2026-09-25T08:42:08.889Z] [lib/cleanup-future-dates.js] No future-dated entries found in Treasury bill share data
[2026-09-25T08:42:08.890Z] [lib/cleanup-future-dates.js] Cleanup complete! Removed 0 future-dated entries in total.
[2026-09-25T08:42:08.890Z] [lib/cleanup-future-dates.js] Data cleanup completed with no changes needed
[2026-09-25T08:42:08.893Z] lib/cleanup-future-dates.js completed successfully
[2026-09-25T08:42:08.893Z] Running lib/validate-data.js...
[2026-09-25T08:42:08.947Z] [lib/validate-data.js] Running data validation...
[2026-09-25T08:42:08.948Z] [lib/validate-data.js] Validating MOVE index data...
[2026-09-25T08:42:08.948Z] [lib/validate-data.js] Found 111 MOVE data points
[2026-09-25T08:42:09.075Z] [lib/validate-data.js] WorldTimeAPI failed, trying alternative source
[2026-09-25T08:42:09.787Z] [lib/validate-data.js] Using TimeAPI date: 2026-09-25T08:42:09.706986
[2026-09-25T08:42:09.787Z] [lib/validate-data.js] Using reference date: 2026-9-25
[2026-09-25T08:42:09.788Z] [lib/validate-data.js] MOVE index data validation passed ✓
[2026-09-25T08:42:09.788Z] [lib/validate-data.js] Validating SRF data...
[2026-09-25T08:42:09.788Z] [lib/validate-data.js] Found 1017 SRF data points
[2026-09-25T08:42:09.852Z] [lib/validate-data.js] WorldTimeAPI failed, trying alternative source
[2026-09-25T08:42:10.556Z] [lib/validate-data.js] Using TimeAPI date: 2026-09-25T08:42:10.4814022
[2026-09-25T08:42:10.558Z] [lib/validate-data.js] SRF data validation passed ✓
[2026-09-25T08:42:10.558Z] [lib/validate-data.js] Validating Treasury funding data...
[2026-09-25T08:42:10.558Z] [lib/validate-data.js] Found 282 Treasury funding data points
[2026-09-25T08:42:10.558Z] [lib/validate-data.js] Treasury funding data validation passed ✓
[2026-09-25T08:42:10.558Z] [lib/validate-data.js] All data validation passed ✓
[2026-09-25T08:42:10.561Z] lib/validate-data.js completed successfully
[2026-09-25T08:42:10.561Z] Dashboard update process completed successfully
